Component: ARM Compiler 5.06 update 5 (build 528) Tool: armlink [4d35e2]

==============================================================================

Section Cross References

    main.o(i.advertising_start) refers to nrf_log_frontend.o(i.nrf_log_frontend_std_0) for nrf_log_frontend_std_0
    main.o(i.advertising_start) refers to peer_manager.o(i.pm_peers_delete) for pm_peers_delete
    main.o(i.advertising_start) refers to ble_advertising.o(i.ble_advertising_start) for ble_advertising_start
    main.o(i.advertising_start) refers to app_error.o(i.app_error_handler_bare) for app_error_handler_bare
    main.o(i.advertising_start) refers to nrf_log_frontend.o(log_const_data) for m_nrf_log_app_logs_data_const
    main.o(i.advertising_start) refers to main.o(.bss) for .bss
    main.o(i.assert_nrf_callback) refers to app_error_handler_keil.o(.emb_text) for app_error_handler
    main.o(i.battery_level_meas_timeout_handler) refers to sensorsim.o(i.sensorsim_measure) for sensorsim_measure
    main.o(i.battery_level_meas_timeout_handler) refers to ble_bas.o(i.ble_bas_battery_level_update) for ble_bas_battery_level_update
    main.o(i.battery_level_meas_timeout_handler) refers to app_error.o(i.app_error_handler_bare) for app_error_handler_bare
    main.o(i.battery_level_meas_timeout_handler) refers to main.o(.bss) for .bss
    main.o(i.battery_level_meas_timeout_handler) refers to main.o(.data) for .data
    main.o(i.ble_evt_handler) refers to nrf_log_frontend.o(i.nrf_log_frontend_std_0) for nrf_log_frontend_std_0
    main.o(i.ble_evt_handler) refers to bsp.o(i.bsp_indication_set) for bsp_indication_set
    main.o(i.ble_evt_handler) refers to app_error.o(i.app_error_handler_bare) for app_error_handler_bare
    main.o(i.ble_evt_handler) refers to nrf_ble_qwr.o(i.nrf_ble_qwr_conn_handle_assign) for nrf_ble_qwr_conn_handle_assign
    main.o(i.ble_evt_handler) refers to nrf_log_frontend.o(log_const_data) for m_nrf_log_app_logs_data_const
    main.o(i.ble_evt_handler) refers to main.o(.data) for .data
    main.o(i.ble_evt_handler) refers to main.o(.bss) for .bss
    main.o(i.bsp_event_handler) refers to main.o(i.temperature_measurement_send) for temperature_measurement_send
    main.o(i.bsp_event_handler) refers to main.o(i.sleep_mode_enter) for sleep_mode_enter
    main.o(i.bsp_event_handler) refers to app_error.o(i.app_error_handler_bare) for app_error_handler_bare
    main.o(i.bsp_event_handler) refers to ble_advertising.o(i.ble_advertising_restart_without_whitelist) for ble_advertising_restart_without_whitelist
    main.o(i.bsp_event_handler) refers to main.o(.data) for .data
    main.o(i.bsp_event_handler) refers to main.o(.bss) for .bss
    main.o(i.conn_params_error_handler) refers to app_error.o(i.app_error_handler_bare) for app_error_handler_bare
    main.o(i.hts_sim_measurement) refers to sensorsim.o(i.sensorsim_measure) for sensorsim_measure
    main.o(i.hts_sim_measurement) refers to main.o(.bss) for .bss
    main.o(i.hts_sim_measurement) refers to main.o(.data) for .data
    main.o(i.main) refers to nrf_log_frontend.o(i.nrf_log_init) for nrf_log_init
    main.o(i.main) refers to app_error.o(i.app_error_handler_bare) for app_error_handler_bare
    main.o(i.main) refers to nrf_log_default_backends.o(i.nrf_log_default_backends_init) for nrf_log_default_backends_init
    main.o(i.main) refers to app_timer.o(i.app_timer_init) for app_timer_init
    main.o(i.main) refers to app_timer.o(i.app_timer_create) for app_timer_create
    main.o(i.main) refers to bsp.o(i.bsp_init) for bsp_init
    main.o(i.main) refers to bsp_btn_ble.o(i.bsp_btn_ble_init) for bsp_btn_ble_init
    main.o(i.main) refers to nrf_pwr_mgmt.o(i.nrf_pwr_mgmt_init) for nrf_pwr_mgmt_init
    main.o(i.main) refers to nrf_sdh.o(i.nrf_sdh_enable_request) for nrf_sdh_enable_request
    main.o(i.main) refers to nrf_sdh_ble.o(i.nrf_sdh_ble_default_cfg_set) for nrf_sdh_ble_default_cfg_set
    main.o(i.main) refers to nrf_sdh_ble.o(i.nrf_sdh_ble_enable) for nrf_sdh_ble_enable
    main.o(i.main) refers to nrf_ble_gatt.o(i.nrf_ble_gatt_init) for nrf_ble_gatt_init
    main.o(i.main) refers to memseta.o(.text) for __aeabi_memclr4
    main.o(i.main) refers to ble_advertising.o(i.ble_advertising_init) for ble_advertising_init
    main.o(i.main) refers to ble_advertising.o(i.ble_advertising_conn_cfg_tag_set) for ble_advertising_conn_cfg_tag_set
    main.o(i.main) refers to main.o(i.services_init) for services_init
    main.o(i.main) refers to main.o(i.sensor_simulator_init) for sensor_simulator_init
    main.o(i.main) refers to ble_conn_params.o(i.ble_conn_params_init) for ble_conn_params_init
    main.o(i.main) refers to main.o(i.peer_manager_init) for peer_manager_init
    main.o(i.main) refers to nrf_log_frontend.o(i.nrf_log_frontend_std_0) for nrf_log_frontend_std_0
    main.o(i.main) refers to app_timer.o(i.app_timer_start) for app_timer_start
    main.o(i.main) refers to main.o(i.advertising_start) for advertising_start
[...]
    0x000269a0   0x000269a0   0x00000004   Code   RO         7340    i.SWI2_EGU2_IRQHandler  nrf_sdh.o
    0x000269a4   0x000269a4   0x00000330   Code   RO         7559    i.SystemInit        system_nrf52.o
    0x00026cd4   0x00026cd4   0x00000014   Code   RO         4400    i.TIMER0_IRQHandler  nrfx_timer.o
    0x00026ce8   0x00026ce8   0x00000014   Code   RO         4401    i.TIMER1_IRQHandler  nrfx_timer.o
    0x00026cfc   0x00026cfc   0x0000000c   Code   RO         3848    i.UARTE0_UART0_IRQHandler  nrfx_prs.o
    0x00026d08   0x00026d08   0x00000030   Code   RO         4540    i.WDT_IRQHandler    nrfx_wdt.o
    0x00026d38   0x00026d38   0x00000068   Code   RO         7010    i._DoInit           segger_rtt.o
    0x00026da0   0x00026da0   0x00000016   Code   RO         7011    i._GetAvailWriteSpace  segger_rtt.o
    0x00026db6   0x00026db6   0x0000005a   Code   RO         7013    i._WriteBlocking    segger_rtt.o
    0x00026e10   0x00026e10   0x00000042   Code   RO         7014    i._WriteNoCheck     segger_rtt.o
    0x00026e52   0x00026e52   0x0000000e   Code   RO         7671    i.__scatterload_copy  mc_w.l(handlers.o)
    0x00026e60   0x00026e60   0x00000002   Code   RO         7672    i.__scatterload_null  mc_w.l(handlers.o)
    0x00026e62   0x00026e62   0x0000000e   Code   RO         7673    i.__scatterload_zeroinit  mc_w.l(handlers.o)
    0x00026e70   0x00026e70   0x00000024   Code   RO         7341    i.__sd_nvic_app_accessible_irq  nrf_sdh.o
    0x00026e94   0x00026e94   0x0000013c   Code   RO         2620    i._conn_secure      peer_manager_handler.o
    0x00026fd0   0x00026fd0   0x00000026   Code   RO         1668    i.addr_compare      id_manager.o
    0x00026ff6   0x00026ff6   0x0000000c   Code   RO         6023    i.addr_is_aligned32  nrf_fstorage.o
    0x00027002   0x00027002   0x00000018   Code   RO         6024    i.addr_is_within_bounds  nrf_fstorage.o
    0x0002701a   0x0002701a   0x00000036   Code   RO          805    i.advertising_buttons_configure  bsp_btn_ble.o
    0x00027050   0x00027050   0x00000050   Code   RO            4    i.advertising_start  main.o
    0x000270a0   0x000270a0   0x00000052   Code   RO         1669    i.ah                id_manager.o
    0x000270f2   0x000270f2   0x00000006   Code   RO          688    i.alert_timer_handler  bsp.o
    0x000270f8   0x000270f8   0x0000000c   Code   RO         2761    i.allow_repairing   security_dispatcher.o
    0x00027104   0x00027104   0x00000024   Code   RO         4803    i.app_button_enable  app_button.o
    0x00027128   0x00027128   0x00000078   Code   RO         4804    i.app_button_init   app_button.o
    0x000271a0   0x000271a0   0x00000084   Code   RO         4923    i.app_error_fault_handler  app_error_weak.o
    0x00027224   0x00027224   0x00000016   Code   RO         4867    i.app_error_handler_bare  app_error.o
    0x0002723a   0x0002723a   0x00000002   PAD
    0x0002723c   0x0002723c   0x00000024   Code   RO         5016    i.app_timer_create  app_timer.o
    0x00027260   0x00027260   0x00000054   Code   RO         5017    i.app_timer_init    app_timer.o
    0x000272b4   0x000272b4   0x00000088   Code   RO         5020    i.app_timer_start   app_timer.o
    0x0002733c   0x0002733c   0x00000020   Code   RO         5021    i.app_timer_stop    app_timer.o
    0x0002735c   0x0002735c   0x00000048   Code   RO         5175    i.app_util_critical_region_enter  app_util_platform.o
    0x000273a4   0x000273a4   0x00000034   Code   RO         5176    i.app_util_critical_region_exit  app_util_platform.o
    0x000273d8   0x000273d8   0x00000088   Code   RO         3902    i.apply_config      nrfx_uart.o
    0x00027460   0x00027460   0x00000088   Code   RO         4093    i.apply_config      nrfx_uarte.o
    0x000274e8   0x000274e8   0x00000004   Code   RO         1424    i.apply_pending_handle  gatt_cache_manager.o
    0x000274ec   0x000274ec   0x0000000c   Code   RO         4611    i.are_app_channels  nrfx_ppi.o
    0x000274f8   0x000274f8   0x00000180   Code   RO         2762    i.auth_status_success_process  security_dispatcher.o
    0x00027678   0x00027678   0x0000009c   Code   RO         3055    i.battery_level_char_add  ble_bas.o
    0x00027714   0x00027714   0x00000044   Code   RO            6    i.battery_level_meas_timeout_handler  main.o
    0x00027758   0x00027758   0x0000000a   Code   RO         3056    i.battery_notification_send  ble_bas.o
    0x00027762   0x00027762   0x00000182   Code   RO          930    i.ble_advdata_encode  ble_advdata.o
    0x000278e4   0x000278e4   0x00000020   Code   RO          932    i.ble_advdata_parse  ble_advdata.o
    0x00027904   0x00027904   0x00000038   Code   RO          933    i.ble_advdata_search  ble_advdata.o
    0x0002793c   0x0002793c   0x00000006   Code   RO         1037    i.ble_advertising_conn_cfg_tag_set  ble_advertising.o
    0x00027942   0x00027942   0x00000002   PAD
    0x00027944   0x00027944   0x0000011c   Code   RO         1038    i.ble_advertising_init  ble_advertising.o
    0x00027a60   0x00027a60   0x0000006a   Code   RO         1040    i.ble_advertising_on_ble_evt  ble_advertising.o
    0x00027aca   0x00027aca   0x00000002   Code   RO         1041    i.ble_advertising_on_sys_evt  ble_advertising.o
    0x00027acc   0x00027acc   0x0000003a   Code   RO         1043    i.ble_advertising_restart_without_whitelist  ble_advertising.o
    0x00027b06   0x00027b06   0x0000022c   Code   RO         1044    i.ble_advertising_start  ble_advertising.o
    0x00027d32   0x00027d32   0x00000002   PAD
    0x00027d34   0x00027d34   0x000000c0   Code   RO         3057    i.ble_bas_battery_level_update  ble_bas.o
    0x00027df4   0x00027df4   0x0000003e   Code   RO         3059    i.ble_bas_init      ble_bas.o
    0x00027e32   0x00027e32   0x00000052   Code   RO         3060    i.ble_bas_on_ble_evt  ble_bas.o
    0x00027e84   0x00027e84   0x00000068   Code   RO         1130    i.ble_conn_params_init  ble_conn_params.o
    0x00027eec   0x00027eec   0x0000000c   Code   RO         1204    i.ble_conn_state_conn_handles  ble_conn_state.o
    0x00027ef8   0x00027ef8   0x00000020   Code   RO         1206    i.ble_conn_state_encrypted  ble_conn_state.o
    0x00027f18   0x00027f18   0x0000002c   Code   RO         1208    i.ble_conn_state_for_each_set_user_flag  ble_conn_state.o
    0x00027f44   0x00027f44   0x00000020   Code   RO         1210    i.ble_conn_state_mitm_protected  ble_conn_state.o
    0x00027f64   0x00027f64   0x00000024   Code   RO         1213    i.ble_conn_state_role  ble_conn_state.o
    0x00027f88   0x00027f88   0x00000024   Code   RO         1214    i.ble_conn_state_status  ble_conn_state.o
    0x00027fac   0x00027fac   0x00000018   Code   RO         1215    i.ble_conn_state_user_flag_acquire  ble_conn_state.o
    0x00027fc4   0x00027fc4   0x00000030   Code   RO         1216    i.ble_conn_state_user_flag_get  ble_conn_state.o
    0x00027ff4   0x00027ff4   0x00000040   Code   RO         1217    i.ble_conn_state_user_flag_set  ble_conn_state.o
    0x00028034   0x00028034   0x00000014   Code   RO         1218    i.ble_conn_state_valid  ble_conn_state.o
    0x00028048   0x00028048   0x00000060   Code   RO          936    i.ble_device_addr_encode  ble_advdata.o
    0x000280a8   0x000280a8   0x0000013c   Code   RO         3115    i.ble_dis_init      ble_dis.o
    0x000281e4   0x000281e4   0x000000bc   Code   RO            7    i.ble_evt_handler   main.o
    0x000282a0   0x000282a0   0x00000070   Code   RO          806    i.ble_evt_handler   bsp_btn_ble.o
    0x00028310   0x00028310   0x000000fc   Code   RO         1132    i.ble_evt_handler   ble_conn_params.o
    0x0002840c   0x0002840c   0x00000104   Code   RO         1219    i.ble_evt_handler   ble_conn_state.o
    0x00028510   0x00028510   0x00000028   Code   RO         2326    i.ble_evt_handler   peer_manager.o
    0x00028538   0x00028538   0x000000cc   Code   RO         3156    i.ble_hts_init      ble_hts.o
    0x00028604   0x00028604   0x0000003c   Code   RO         3157    i.ble_hts_is_indication_enabled  ble_hts.o
    0x00028640   0x00028640   0x0000005c   Code   RO         3158    i.ble_hts_measurement_send  ble_hts.o
    0x0002869c   0x0002869c   0x0000006e   Code   RO         3159    i.ble_hts_on_ble_evt  ble_hts.o
    0x0002870a   0x0002870a   0x00000012   Code   RO         1362    i.ble_srv_ascii_to_utf8  ble_srv_common.o
    0x0002871c   0x0002871c   0x00000008   Code   RO         1363    i.ble_srv_is_indication_enabled  ble_srv_common.o
    0x00028724   0x00028724   0x00000008   Code   RO         1364    i.ble_srv_is_notification_enabled  ble_srv_common.o
    0x0002872c   0x0002872c   0x0000000c   Code   RO         1365    i.ble_srv_report_ref_encode  ble_srv_common.o
    0x00028738   0x00028738   0x0000000c   Code   RO          555    i.bsp_board_button_idx_to_pin  boards.o
    0x00028744   0x00028744   0x0000001c   Code   RO          556    i.bsp_board_button_state_get  boards.o
    0x00028760   0x00028760   0x00000048   Code   RO          557    i.bsp_board_init    boards.o
    0x000287a8   0x000287a8   0x00000024   Code   RO          559    i.bsp_board_led_invert  boards.o
    0x000287cc   0x000287cc   0x00000010   Code   RO          560    i.bsp_board_led_off  boards.o
    0x000287dc   0x000287dc   0x00000010   Code   RO          561    i.bsp_board_led_on  boards.o
    0x000287ec   0x000287ec   0x00000020   Code   RO          562    i.bsp_board_led_state_get  boards.o
    0x0002880c   0x0002880c   0x00000006   Code   RO          563    i.bsp_board_leds_off  boards.o
    0x00028812   0x00028812   0x00000006   Code   RO          564    i.bsp_board_leds_on  boards.o
    0x00028818   0x00028818   0x00000024   Code   RO          565    i.bsp_board_pin_to_button_idx  boards.o
    0x0002883c   0x0002883c   0x00000038   Code   RO          807    i.bsp_btn_ble_init  bsp_btn_ble.o
    0x00028874   0x00028874   0x0000001e   Code   RO          808    i.bsp_btn_ble_sleep_mode_prepare  bsp_btn_ble.o
    0x00028892   0x00028892   0x00000002   PAD
    0x00028894   0x00028894   0x00000090   Code   RO          689    i.bsp_button_event_handler  bsp.o
    0x00028924   0x00028924   0x0000000c   Code   RO          690    i.bsp_button_is_pressed  bsp.o
    0x00028930   0x00028930   0x0000005c   Code   RO            8    i.bsp_event_handler  main.o
    0x0002898c   0x0002898c   0x00000044   Code   RO          693    i.bsp_event_to_button_action_assign  bsp.o
    0x000289d0   0x000289d0   0x00000018   Code   RO          694    i.bsp_indication_set  bsp.o
    0x000289e8   0x000289e8   0x00000094   Code   RO          695    i.bsp_init          bsp.o
    0x00028a7c   0x00028a7c   0x000001c8   Code   RO          696    i.bsp_led_indication  bsp.o
    0x00028c44   0x00028c44   0x00000006   Code   RO          698    i.bsp_wakeup_button_enable  bsp.o
    0x00028c4a   0x00028c4a   0x00000002   PAD
    0x00028c4c   0x00028c4c   0x00000090   Code   RO         6747    i.buf_prealloc      nrf_log_frontend.o
    0x00028cdc   0x00028cdc   0x0000001e   Code   RO         5983    i.buffer_add        nrf_fprintf_format.o
    0x00028cfa   0x00028cfa   0x00000002   PAD
    0x00028cfc   0x00028cfc   0x00000014   Code   RO         6748    i.buffer_is_empty   nrf_log_frontend.o
    0x00028d10   0x00028d10   0x00000008   Code   RO          699    i.button_timer_handler  bsp.o
    0x00028d18   0x00028d18   0x00000028   Code   RO         1425    i.car_update_needed  gatt_cache_manager.o
    0x00028d40   0x00028d40   0x00000028   Code   RO         1426    i.car_update_pending_handle  gatt_cache_manager.o
    0x00028d68   0x00028d68   0x0000001c   Code   RO         3547    i.channel_free      nrfx_gpiote.o
    0x00028d84   0x00028d84   0x00000048   Code   RO         3548    i.channel_port_alloc  nrfx_gpiote.o
    0x00028dcc   0x00028dcc   0x00000010   Code   RO         3549    i.channel_port_get  nrfx_gpiote.o
    0x00028ddc   0x00028ddc   0x00000060   Code   RO         3116    i.char_add          ble_dis.o
    0x00028e3c   0x00028e3c   0x00000190   Code   RO         1366    i.characteristic_add  ble_srv_common.o
    0x00028fcc   0x00028fcc   0x0000003e   Code   RO         2236    i.claim             peer_id.o
    0x0002900a   0x0002900a   0x00000002   PAD
    0x0002900c   0x0002900c   0x00000028   Code   RO         3213    i.clock_clk_started_notify  nrf_drv_clock.o
    0x00029034   0x00029034   0x0000001c   Code   RO         3214    i.clock_irq_handler  nrf_drv_clock.o
    0x00029050   0x00029050   0x000000ac   Code   RO         5023    i.compare_reg_update  app_timer.o
    0x000290fc   0x000290fc   0x0000003e   Code   RO         1220    i.conn_handle_list_get  ble_conn_state.o
    0x0002913a   0x0002913a   0x00000088   Code   RO          937    i.conn_int_encode   ble_advdata.o
    0x000291c2   0x000291c2   0x00000004   Code   RO            9    i.conn_params_error_handler  main.o
    0x000291c6   0x000291c6   0x00000002   PAD
    0x000291c8   0x000291c8   0x00000048   Code   RO         1133    i.conn_params_negotiation  ble_conn_params.o
    0x00029210   0x00029210   0x00000044   Code   RO         2763    i.conn_sec_failure  security_dispatcher.o
    0x00029254   0x00029254   0x00000004   Code   RO         2621    i.conn_secure       peer_manager_handler.o
    0x00029258   0x00029258   0x000000c0   Code   RO         1834    i.data_length_update  nrf_ble_gatt.o
    0x00029318   0x00029318   0x00000030   Code   RO         1427    i.db_update_pending_handle  gatt_cache_manager.o
    0x00029348   0x00029348   0x00000080   Code   RO         5270    i.delete_execute    fds.o
    0x000293c8   0x000293c8   0x000000aa   Code   RO         1367    i.descriptor_add    ble_srv_common.o
    0x00029472   0x00029472   0x00000002   PAD
    0x00029474   0x00029474   0x00000098   Code   RO         4806    i.detection_delay_timeout_handler  app_button.o
    0x0002950c   0x0002950c   0x00000014   Code   RO         6749    i.dropped_sat16_get  nrf_log_frontend.o
    0x00029520   0x00029520   0x00000040   Code   RO         5024    i.elapsed_ticks_acquire  app_timer.o
    0x00029560   0x00029560   0x0000000a   Code   RO         2764    i.encryption_failure  security_dispatcher.o
    0x0002956a   0x0002956a   0x00000002   PAD
    0x0002956c   0x0002956c   0x0000004c   Code   RO         6110    i.erase             nrf_fstorage_sd.o
    0x000295b8   0x000295b8   0x00000074   Code   RO         5271    i.event_prepare     fds.o
    0x0002962c   0x0002962c   0x00000020   Code   RO         5272    i.event_send        fds.o
    0x0002964c   0x0002964c   0x00000054   Code   RO         6111    i.event_send        nrf_fstorage_sd.o
    0x000296a0   0x000296a0   0x000000ac   Code   RO         2902    i.events_send_from_err_code  security_manager.o
    0x0002974c   0x0002974c   0x0000001c   Code   RO         1428    i.evt_send          gatt_cache_manager.o
    0x00029768   0x00029768   0x0000002c   Code   RO         2327    i.evt_send          peer_manager.o
    0x00029794   0x00029794   0x0000001c   Code   RO         2765    i.evt_send          security_dispatcher.o
    0x000297b0   0x000297b0   0x0000000c   Code   RO         2903    i.evt_send          security_manager.o
    0x000297bc   0x000297bc   0x000000ec   Code   RO         1977    i.fds_evt_handler   peer_data_storage.o
    0x000298a8   0x000298a8   0x00000044   Code   RO         5274    i.fds_file_delete   fds.o
    0x000298ec   0x000298ec   0x0000003c   Code   RO         5275    i.fds_gc            fds.o
    0x00029928   0x00029928   0x000000d0   Code   RO         5276    i.fds_init          fds.o
    0x000299f8   0x000299f8   0x00000040   Code   RO         5277    i.fds_record_close  fds.o
    0x00029a38   0x00029a38   0x0000000e   Code   RO         5279    i.fds_record_find   fds.o
    0x00029a46   0x00029a46   0x00000010   Code   RO         5280    i.fds_record_find_by_key  fds.o
    0x00029a56   0x00029a56   0x00000010   Code   RO         5281    i.fds_record_find_in_file  fds.o
    0x00029a66   0x00029a66   0x00000010   Code   RO         5282    i.fds_record_id_from_desc  fds.o
    0x00029a76   0x00029a76   0x00000002   PAD
    0x00029a78   0x00029a78   0x00000048   Code   RO         5284    i.fds_record_open   fds.o
    0x00029ac0   0x00029ac0   0x0000000e   Code   RO         5285    i.fds_record_update  fds.o
    0x00029ace   0x00029ace   0x00000008   Code   RO         5286    i.fds_record_write  fds.o
    0x00029ad6   0x00029ad6   0x00000002   PAD
    0x00029ad8   0x00029ad8   0x0000002c   Code   RO         5288    i.fds_register      fds.o
    0x00029b04   0x00029b04   0x00000014   Code   RO         1978    i.file_id_within_pm_range  peer_data_storage.o
    0x00029b18   0x00029b18   0x00000012   Code   RO         2766    i.flag_id_init      security_dispatcher.o
    0x00029b2a   0x00029b2a   0x00000012   Code   RO         2904    i.flag_id_init      security_manager.o
    0x00029b3c   0x00029b3c   0x00000028   Code   RO         1046    i.flags_set         ble_advertising.o
    0x00029b64   0x00029b64   0x00000030   Code   RO         2905    i.flags_set_from_err_code  security_manager.o
    0x00029b94   0x00029b94   0x00000030   Code   RO         1221    i.for_each_set_flag  ble_conn_state.o
    0x00029bc4   0x00029bc4   0x00000006   Code   RO         5292    i.fs_event_handler  fds.o
    0x00029bca   0x00029bca   0x00000002   PAD
    0x00029bcc   0x00029bcc   0x00000074   Code   RO         5293    i.gc_execute        fds.o
    0x00029c40   0x00029c40   0x0000004c   Code   RO         5294    i.gc_next_page      fds.o
    0x00029c8c   0x00029c8c   0x00000040   Code   RO         5295    i.gc_page_erase     fds.o
    0x00029ccc   0x00029ccc   0x00000034   Code   RO         5296    i.gc_record_copy    fds.o
    0x00029d00   0x00029d00   0x00000024   Code   RO         5297    i.gc_record_find_next  fds.o
    0x00029d24   0x00029d24   0x00000088   Code   RO         5298    i.gc_state_advance  fds.o
    0x00029dac   0x00029dac   0x000001b8   Code   RO         1429    i.gcm_ble_evt_handler  gatt_cache_manager.o
    0x00029f64   0x00029f64   0x0000003c   Code   RO         1430    i.gcm_im_evt_handler  gatt_cache_manager.o
    0x00029fa0   0x00029fa0   0x0000007c   Code   RO         1431    i.gcm_init          gatt_cache_manager.o
    0x0002a01c   0x0002a01c   0x00000088   Code   RO         1434    i.gcm_pdb_evt_handler  gatt_cache_manager.o
    0x0002a0a4   0x0002a0a4   0x00000084   Code   RO         4807    i.gpiote_event_handler  app_button.o
    0x0002a128   0x0002a128   0x0000001c   Code   RO         1584    i.gscm_db_change_notification_done  gatts_cache_manager.o
    0x0002a144   0x0002a144   0x00000014   Code   RO         1585    i.gscm_init         gatts_cache_manager.o
    0x0002a158   0x0002a158   0x00000090   Code   RO         1587    i.gscm_local_db_cache_apply  gatts_cache_manager.o
    0x0002a1e8   0x0002a1e8   0x000000ac   Code   RO         1588    i.gscm_local_db_cache_update  gatts_cache_manager.o
    0x0002a294   0x0002a294   0x00000018   Code   RO         1589    i.gscm_pdb_evt_handler  gatts_cache_manager.o
    0x0002a2ac   0x0002a2ac   0x0000001e   Code   RO         1590    i.gscm_service_changed_ind_needed  gatts_cache_manager.o
    0x0002a2ca   0x0002a2ca   0x00000002   PAD
    0x0002a2cc   0x0002a2cc   0x0000005c   Code   RO         1591    i.gscm_service_changed_ind_send  gatts_cache_manager.o
    0x0002a328   0x0002a328   0x00000026   Code   RO         5299    i.header_check      fds.o
    0x0002a34e   0x0002a34e   0x00000012   Code   RO         5300    i.header_has_next   fds.o
    0x0002a360   0x0002a360   0x0000006e   Code   RO         3160    i.hts_measurement_encode  ble_hts.o
    0x0002a3ce   0x0002a3ce   0x00000002   PAD
    0x0002a3d0   0x0002a3d0   0x0000006c   Code   RO           10    i.hts_sim_measurement  main.o
    0x0002a43c   0x0002a43c   0x00000046   Code   RO         1670    i.im_address_resolve  id_manager.o
    0x0002a482   0x0002a482   0x00000002   PAD
    0x0002a484   0x0002a484   0x00000038   Code   RO         1671    i.im_ble_addr_get   id_manager.o
    0x0002a4bc   0x0002a4bc   0x000000dc   Code   RO         1672    i.im_ble_evt_handler  id_manager.o
    0x0002a598   0x0002a598   0x00000040   Code   RO         1673    i.im_conn_handle_get  id_manager.o
    0x0002a5d8   0x0002a5d8   0x00000038   Code   RO         1675    i.im_find_duplicate_bonding_data  id_manager.o
    0x0002a610   0x0002a610   0x00000072   Code   RO         1678    i.im_is_duplicate_bonding_data  id_manager.o
    0x0002a682   0x0002a682   0x00000018   Code   RO         1679    i.im_master_id_is_valid  id_manager.o
    0x0002a69a   0x0002a69a   0x0000002a   Code   RO         1680    i.im_master_ids_compare  id_manager.o
    0x0002a6c4   0x0002a6c4   0x00000014   Code   RO         1681    i.im_new_peer_id    id_manager.o
    0x0002a6d8   0x0002a6d8   0x0000002c   Code   RO         1682    i.im_peer_free      id_manager.o
    0x0002a704   0x0002a704   0x00000024   Code   RO         1683    i.im_peer_id_get_by_conn_handle  id_manager.o
    0x0002a728   0x0002a728   0x0000003c   Code   RO         1684    i.im_peer_id_get_by_master_id  id_manager.o
    0x0002a764   0x0002a764   0x00000034   Code   RO         6112    i.init              nrf_fstorage_sd.o
    0x0002a798   0x0002a798   0x000000c8   Code   RO         5301    i.init_execute      fds.o
    0x0002a860   0x0002a860   0x00000014   Code   RO         1134    i.instance_get      ble_conn_params.o
    0x0002a874   0x0002a874   0x000000a6   Code   RO         5984    i.int_print         nrf_fprintf_format.o
    0x0002a91a   0x0002a91a   0x00000002   PAD
    0x0002a91c   0x0002a91c   0x00000080   Code   RO         4094    i.interrupts_enable  nrfx_uarte.o
    0x0002a99c   0x0002a99c   0x00000034   Code   RO         6750    i.invalid_packets_omit  nrf_log_frontend.o
    0x0002a9d0   0x0002a9d0   0x00000046   Code   RO         4402    i.irq_handler       nrfx_timer.o
    0x0002aa16   0x0002aa16   0x00000002   PAD
    0x0002aa18   0x0002aa18   0x00000018   Code   RO         4612    i.is_allocated_channel  nrfx_ppi.o
    0x0002aa30   0x0002aa30   0x0000000a   Code   RO         4614    i.is_app_channel    nrfx_ppi.o
    0x0002aa3a   0x0002aa3a   0x00000002   PAD
    0x0002aa3c   0x0002aa3c   0x00000010   Code   RO         6113    i.is_busy           nrf_fstorage_sd.o
    0x0002aa4c   0x0002aa4c   0x00000044   Code   RO         1135    i.is_conn_params_ok  ble_conn_params.o
    0x0002aa90   0x0002aa90   0x0000000c   Code   RO         4616    i.is_programmable_app_channel  nrfx_ppi.o
    0x0002aa9c   0x0002aa9c   0x00000014   Code   RO         1689    i.is_valid_irk      id_manager.o
    0x0002aab0   0x0002aab0   0x0000000c   Code   RO         5302    i.is_word_aligned   fds.o
    0x0002aabc   0x0002aabc   0x00000014   Code   RO          700    i.leds_off          bsp.o
    0x0002aad0   0x0002aad0   0x00000014   Code   RO          701    i.leds_timer_handler  bsp.o
    0x0002aae4   0x0002aae4   0x00000014   Code   RO         1835    i.link_init         nrf_ble_gatt.o
    0x0002aaf8   0x0002aaf8   0x000000d0   Code   RO         2906    i.link_secure       security_manager.o
    0x0002abc8   0x0002abc8   0x0000003c   Code   RO         2767    i.link_secure_failure  security_dispatcher.o
    0x0002ac04   0x0002ac04   0x0000002c   Code   RO         2907    i.link_secure_pending_handle  security_manager.o
    0x0002ac30   0x0002ac30   0x000000f8   Code   RO         5025    i.list_insertions_handler  app_timer.o
    0x0002ad28   0x0002ad28   0x000000a8   Code   RO         1435    i.local_db_apply_in_evt  gatt_cache_manager.o
    0x0002add0   0x0002add0   0x00000010   Code   RO         1436    i.local_db_update   gatt_cache_manager.o
    0x0002ade0   0x0002ade0   0x0000010c   Code   RO         1437    i.local_db_update_in_evt  gatt_cache_manager.o
    0x0002aeec   0x0002aeec   0x0000009c   Code   RO         6751    i.log_skip          nrf_log_frontend.o
    0x0002af88   0x0002af88   0x0000021c   Code   RO           11    i.main              main.o
    0x0002b1a4   0x0002b1a4   0x00000064   Code   RO          938    i.manuf_specific_data_encode  ble_advdata.o
    0x0002b208   0x0002b208   0x0000007e   Code   RO         6222    i.memobj_op         nrf_memobj.o
    0x0002b286   0x0002b286   0x00000002   PAD
    0x0002b288   0x0002b288   0x00000030   Code   RO         6752    i.module_idx_get    nrf_log_frontend.o
    0x0002b2b8   0x0002b2b8   0x00000008   Code   RO         2714    i.mutex_lock_status_get  pm_buffer.o
    0x0002b2c0   0x0002b2c0   0x000000a6   Code   RO          939    i.name_encode       ble_advdata.o
    0x0002b366   0x0002b366   0x00000002   PAD
    0x0002b368   0x0002b368   0x00000014   Code   RO         2908    i.new_context_get   security_manager.o
    0x0002b37c   0x0002b37c   0x00000030   Code   RO         2237    i.next_id_get       peer_id.o
    0x0002b3ac   0x0002b3ac   0x00000010   Code   RO         5637    i.nrf_atfifo_clear  nrf_atfifo.o
    0x0002b3bc   0x0002b3bc   0x00000026   Code   RO         5639    i.nrf_atfifo_init   nrf_atfifo.o
    0x0002b3e2   0x0002b3e2   0x00000016   Code   RO         5640    i.nrf_atfifo_item_alloc  nrf_atfifo.o
    0x0002b3f8   0x0002b3f8   0x00000016   Code   RO         5641    i.nrf_atfifo_item_free  nrf_atfifo.o
    0x0002b40e   0x0002b40e   0x00000016   Code   RO         5642    i.nrf_atfifo_item_get  nrf_atfifo.o
    0x0002b424   0x0002b424   0x00000016   Code   RO         5643    i.nrf_atfifo_item_put  nrf_atfifo.o
    0x0002b43a   0x0002b43a   0x00000016   Code   RO         5705    i.nrf_atflags_clear  nrf_atflags.o
    0x0002b450   0x0002b450   0x00000020   Code   RO         5707    i.nrf_atflags_fetch_set  nrf_atflags.o
    0x0002b470   0x0002b470   0x0000004a   Code   RO         5709    i.nrf_atflags_find_and_set_flag  nrf_atflags.o
    0x0002b4ba   0x0002b4ba   0x00000016   Code   RO         5710    i.nrf_atflags_get   nrf_atflags.o
    0x0002b4d0   0x0002b4d0   0x00000014   Code   RO         5712    i.nrf_atflags_set   nrf_atflags.o
    0x0002b4e4   0x0002b4e4   0x00000006   Code   RO         5773    i.nrf_atomic_flag_clear_fetch  nrf_atomic.o
    0x0002b4ea   0x0002b4ea   0x00000006   Code   RO         5774    i.nrf_atomic_flag_set  nrf_atomic.o
    0x0002b4f0   0x0002b4f0   0x00000006   Code   RO         5775    i.nrf_atomic_flag_set_fetch  nrf_atomic.o
    0x0002b4f6   0x0002b4f6   0x0000000c   Code   RO         5776    i.nrf_atomic_u32_add  nrf_atomic.o
    0x0002b502   0x0002b502   0x0000000c   Code   RO         5777    i.nrf_atomic_u32_and  nrf_atomic.o
    0x0002b50e   0x0002b50e   0x0000000a   Code   RO         5779    i.nrf_atomic_u32_fetch_add  nrf_atomic.o
    0x0002b518   0x0002b518   0x0000000a   Code   RO         5780    i.nrf_atomic_u32_fetch_and  nrf_atomic.o
    0x0002b522   0x0002b522   0x0000000a   Code   RO         5781    i.nrf_atomic_u32_fetch_or  nrf_atomic.o
    0x0002b52c   0x0002b52c   0x0000000a   Code   RO         5782    i.nrf_atomic_u32_fetch_store  nrf_atomic.o
    0x0002b536   0x0002b536   0x0000000c   Code   RO         5786    i.nrf_atomic_u32_or  nrf_atomic.o
    0x0002b542   0x0002b542   0x0000000c   Code   RO         5788    i.nrf_atomic_u32_sub  nrf_atomic.o
    0x0002b54e   0x0002b54e   0x00000044   Code   RO         5907    i.nrf_balloc_alloc  nrf_balloc.o
    0x0002b592   0x0002b592   0x00000030   Code   RO         5908    i.nrf_balloc_free   nrf_balloc.o
    0x0002b5c2   0x0002b5c2   0x00000030   Code   RO         5909    i.nrf_balloc_init   nrf_balloc.o
    0x0002b5f2   0x0002b5f2   0x00000010   Code   RO         3550    i.nrf_bitmask_bit_is_set  nrfx_gpiote.o
    0x0002b602   0x0002b602   0x00000014   Code   RO         3551    i.nrf_bitmask_bit_set  nrfx_gpiote.o
    0x0002b616   0x0002b616   0x00000022   Code   RO         1841    i.nrf_ble_gatt_init  nrf_ble_gatt.o
    0x0002b638   0x0002b638   0x00000150   Code   RO         1842    i.nrf_ble_gatt_on_ble_evt  nrf_ble_gatt.o
    0x0002b788   0x0002b788   0x00000016   Code   RO         1936    i.nrf_ble_qwr_conn_handle_assign  nrf_ble_qwr.o
    0x0002b79e   0x0002b79e   0x00000024   Code   RO         1937    i.nrf_ble_qwr_init  nrf_ble_qwr.o
    0x0002b7c2   0x0002b7c2   0x000000b6   Code   RO         1938    i.nrf_ble_qwr_on_ble_evt  nrf_ble_qwr.o
    0x0002b878   0x0002b878   0x0000000e   Code   RO         3412    i.nrf_clock_event_check  nrfx_clock.o
    0x0002b886   0x0002b886   0x00000010   Code   RO         3413    i.nrf_clock_event_clear  nrfx_clock.o
    0x0002b896   0x0002b896   0x00000002   PAD
    0x0002b898   0x0002b898   0x00000038   Code   RO         3221    i.nrf_drv_clock_init  nrf_drv_clock.o
    0x0002b8d0   0x0002b8d0   0x00000030   Code   RO         3225    i.nrf_drv_clock_lfclk_release  nrf_drv_clock.o
    0x0002b900   0x0002b900   0x00000018   Code   RO         4764    i.nrf_drv_ppi_init  nrf_drv_ppi.o
    0x0002b918   0x0002b918   0x00000068   Code   RO         3359    i.nrf_drv_uart_init  nrf_drv_uart.o
    0x0002b980   0x0002b980   0x0000001a   Code   RO         5944    i.nrf_fprintf       nrf_fprintf.o
    0x0002b99a   0x0002b99a   0x00000018   Code   RO         5945    i.nrf_fprintf_buffer_flush  nrf_fprintf.o
    0x0002b9b2   0x0002b9b2   0x000001da   Code   RO         5985    i.nrf_fprintf_fmt   nrf_fprintf_format.o
    0x0002bb8c   0x0002bb8c   0x00000138   Code   RO         6025    i.nrf_fstorage_erase  nrf_fstorage.o
    0x0002bcc4   0x0002bcc4   0x00000094   Code   RO         6026    i.nrf_fstorage_init  nrf_fstorage.o
    0x0002bd58   0x0002bd58   0x00000018   Code   RO         6114    i.nrf_fstorage_sdh_req_handler  nrf_fstorage_sd.o
    0x0002bd70   0x0002bd70   0x00000020   Code   RO         6115    i.nrf_fstorage_sdh_state_handler  nrf_fstorage_sd.o
    0x0002bd90   0x0002bd90   0x000000a4   Code   RO         6116    i.nrf_fstorage_sys_evt_handler  nrf_fstorage_sd.o
    0x0002be34   0x0002be34   0x000001dc   Code   RO         6032    i.nrf_fstorage_write  nrf_fstorage.o
    0x0002c010   0x0002c010   0x00000024   Code   RO          567    i.nrf_gpio_cfg      boards.o
    0x0002c034   0x0002c034   0x00000024   Code   RO         3552    i.nrf_gpio_cfg      nrfx_gpiote.o
    0x0002c058   0x0002c058   0x00000024   Code   RO         3903    i.nrf_gpio_cfg      nrfx_uart.o
    0x0002c07c   0x0002c07c   0x00000024   Code   RO         4095    i.nrf_gpio_cfg      nrfx_uarte.o
    0x0002c0a0   0x0002c0a0   0x00000012   Code   RO         3904    i.nrf_gpio_cfg_default  nrfx_uart.o
    0x0002c0b2   0x0002c0b2   0x00000012   Code   RO         4096    i.nrf_gpio_cfg_default  nrfx_uarte.o
    0x0002c0c4   0x0002c0c4   0x00000012   Code   RO         3905    i.nrf_gpio_cfg_input  nrfx_uart.o
    0x0002c0d6   0x0002c0d6   0x00000012   Code   RO         4097    i.nrf_gpio_cfg_input  nrfx_uarte.o
    0x0002c0e8   0x0002c0e8   0x00000014   Code   RO         3906    i.nrf_gpio_cfg_output  nrfx_uart.o
    0x0002c0fc   0x0002c0fc   0x00000014   Code   RO         4098    i.nrf_gpio_cfg_output  nrfx_uarte.o
    0x0002c110   0x0002c110   0x00000022   Code   RO         3554    i.nrf_gpio_cfg_sense_set  nrfx_gpiote.o
    0x0002c132   0x0002c132   0x00000016   Code   RO          568    i.nrf_gpio_pin_write  boards.o
    0x0002c148   0x0002c148   0x00000028   Code   RO         3555    i.nrf_gpio_ports_read  nrfx_gpiote.o
    0x0002c170   0x0002c170   0x00000014   Code   RO         3556    i.nrf_gpiote_event_clear  nrfx_gpiote.o
    0x0002c184   0x0002c184   0x00000010   Code   RO         3557    i.nrf_gpiote_event_is_set  nrfx_gpiote.o
    0x0002c194   0x0002c194   0x0000005c   Code   RO         6753    i.nrf_log_backend_add  nrf_log_frontend.o
    0x0002c1f0   0x0002c1f0   0x00000002   Code   RO         6530    i.nrf_log_backend_rtt_flush  nrf_log_backend_rtt.o
    0x0002c1f2   0x0002c1f2   0x00000004   Code   RO         6531    i.nrf_log_backend_rtt_init  nrf_log_backend_rtt.o
    0x0002c1f6   0x0002c1f6   0x00000002   Code   RO         6532    i.nrf_log_backend_rtt_panic_set  nrf_log_backend_rtt.o
    0x0002c1f8   0x0002c1f8   0x00000018   Code   RO         6533    i.nrf_log_backend_rtt_put  nrf_log_backend_rtt.o
    0x0002c210   0x0002c210   0x000000c8   Code   RO         6599    i.nrf_log_backend_serial_put  nrf_log_backend_serial.o
    0x0002c2d8   0x0002c2d8   0x00000002   Code   RO         6633    i.nrf_log_backend_uart_flush  nrf_log_backend_uart.o
    0x0002c2da   0x0002c2da   0x00000006   Code   RO         6634    i.nrf_log_backend_uart_init  nrf_log_backend_uart.o
    0x0002c2e0   0x0002c2e0   0x0000002c   Code   RO         6635    i.nrf_log_backend_uart_panic_set  nrf_log_backend_uart.o
    0x0002c30c   0x0002c30c   0x00000018   Code   RO         6636    i.nrf_log_backend_uart_put  nrf_log_backend_uart.o
    0x0002c324   0x0002c324   0x00000030   Code   RO         6755    i.nrf_log_color_id_get  nrf_log_frontend.o
    0x0002c354   0x0002c354   0x00000034   Code   RO         6706    i.nrf_log_default_backends_init  nrf_log_default_backends.o
    0x0002c388   0x0002c388   0x00000234   Code   RO         6756    i.nrf_log_frontend_dequeue  nrf_log_frontend.o
    0x0002c5bc   0x0002c5bc   0x00000008   Code   RO         6758    i.nrf_log_frontend_std_0  nrf_log_frontend.o
    0x0002c5c4   0x0002c5c4   0x0000000e   Code   RO         6759    i.nrf_log_frontend_std_1  nrf_log_frontend.o
    0x0002c5d2   0x0002c5d2   0x00000010   Code   RO         6760    i.nrf_log_frontend_std_2  nrf_log_frontend.o
    0x0002c5e2   0x0002c5e2   0x00000012   Code   RO         6761    i.nrf_log_frontend_std_3  nrf_log_frontend.o
    0x0002c5f4   0x0002c5f4   0x00000014   Code   RO         6762    i.nrf_log_frontend_std_4  nrf_log_frontend.o
    0x0002c608   0x0002c608   0x000000ac   Code   RO         6933    i.nrf_log_hexdump_entry_process  nrf_log_str_formatter.o
    0x0002c6b4   0x0002c6b4   0x0000003c   Code   RO         6765    i.nrf_log_init      nrf_log_frontend.o
    0x0002c6f0   0x0002c6f0   0x00000014   Code   RO         6766    i.nrf_log_module_cnt_get  nrf_log_frontend.o
    0x0002c704   0x0002c704   0x0000001c   Code   RO         6769    i.nrf_log_module_name_get  nrf_log_frontend.o
    0x0002c720   0x0002c720   0x0000002c   Code   RO         6770    i.nrf_log_panic     nrf_log_frontend.o
    0x0002c74c   0x0002c74c   0x000000b6   Code   RO         6934    i.nrf_log_std_entry_process  nrf_log_str_formatter.o
    0x0002c802   0x0002c802   0x00000060   Code   RO         6223    i.nrf_memobj_alloc  nrf_memobj.o
    0x0002c862   0x0002c862   0x00000032   Code   RO         6224    i.nrf_memobj_free   nrf_memobj.o
    0x0002c894   0x0002c894   0x00000008   Code   RO         6225    i.nrf_memobj_get    nrf_memobj.o
    0x0002c89c   0x0002c89c   0x00000004   Code   RO         6226    i.nrf_memobj_pool_init  nrf_memobj.o
    0x0002c8a0   0x0002c8a0   0x0000001e   Code   RO         6227    i.nrf_memobj_put    nrf_memobj.o
    0x0002c8be   0x0002c8be   0x00000010   Code   RO         6228    i.nrf_memobj_read   nrf_memobj.o
    0x0002c8ce   0x0002c8ce   0x00000010   Code   RO         6229    i.nrf_memobj_write  nrf_memobj.o
    0x0002c8de   0x0002c8de   0x00000002   PAD
    0x0002c8e0   0x0002c8e0   0x00000028   Code   RO         6301    i.nrf_pwr_mgmt_init  nrf_pwr_mgmt.o
    0x0002c908   0x0002c908   0x00000044   Code   RO         6302    i.nrf_pwr_mgmt_run  nrf_pwr_mgmt.o
    0x0002c94c   0x0002c94c   0x00000004   Code   RO           12    i.nrf_qwr_error_handler  main.o
    0x0002c950   0x0002c950   0x0000001c   Code   RO         6375    i.nrf_ringbuf_init  nrf_ringbuf.o
    0x0002c96c   0x0002c96c   0x00000010   Code   RO         4249    i.nrf_saadc_buffer_init  nrfx_saadc.o
    0x0002c97c   0x0002c97c   0x00000014   Code   RO         4250    i.nrf_saadc_channel_input_set  nrfx_saadc.o
    0x0002c990   0x0002c990   0x00000010   Code   RO         4251    i.nrf_saadc_event_check  nrfx_saadc.o
    0x0002c9a0   0x0002c9a0   0x00000014   Code   RO         4252    i.nrf_saadc_event_clear  nrfx_saadc.o
    0x0002c9b4   0x0002c9b4   0x00000014   Code   RO         7461    i.nrf_sdh_ble_app_ram_start_get  nrf_sdh_ble.o
    0x0002c9c8   0x0002c9c8   0x00000100   Code   RO         7462    i.nrf_sdh_ble_default_cfg_set  nrf_sdh_ble.o
    0x0002cac8   0x0002cac8   0x00000130   Code   RO         7463    i.nrf_sdh_ble_enable  nrf_sdh_ble.o
    0x0002cbf8   0x0002cbf8   0x0000005c   Code   RO         7464    i.nrf_sdh_ble_evts_poll  nrf_sdh_ble.o
    0x0002cc54   0x0002cc54   0x00000054   Code   RO         7342    i.nrf_sdh_disable_request  nrf_sdh.o
    0x0002cca8   0x0002cca8   0x00000074   Code   RO         7343    i.nrf_sdh_enable_request  nrf_sdh.o
    0x0002cd1c   0x0002cd1c   0x00000024   Code   RO         7344    i.nrf_sdh_evts_poll  nrf_sdh.o
    0x0002cd40   0x0002cd40   0x0000000c   Code   RO         7345    i.nrf_sdh_is_enabled  nrf_sdh.o
    0x0002cd4c   0x0002cd4c   0x0000001c   Code   RO         7347    i.nrf_sdh_request_continue  nrf_sdh.o
    0x0002cd68   0x0002cd68   0x0000003c   Code   RO         7515    i.nrf_sdh_soc_evts_poll  nrf_sdh_soc.o
    0x0002cda4   0x0002cda4   0x0000000a   Code   RO         6433    i.nrf_section_iter_init  nrf_section_iter.o
    0x0002cdae   0x0002cdae   0x00000024   Code   RO         6434    i.nrf_section_iter_item_set  nrf_section_iter.o
    0x0002cdd2   0x0002cdd2   0x00000020   Code   RO         6435    i.nrf_section_iter_next  nrf_section_iter.o
    0x0002cdf2   0x0002cdf2   0x00000002   PAD
    0x0002cdf4   0x0002cdf4   0x00000038   Code   RO         6468    i.nrf_strerror_find  nrf_strerror.o
    0x0002ce2c   0x0002ce2c   0x00000014   Code   RO         6469    i.nrf_strerror_get  nrf_strerror.o
    0x0002ce40   0x0002ce40   0x0000000c   Code   RO         4403    i.nrf_timer_event_clear  nrfx_timer.o
    0x0002ce4c   0x0002ce4c   0x0000000a   Code   RO         3907    i.nrf_uart_event_check  nrfx_uart.o
    0x0002ce56   0x0002ce56   0x0000000c   Code   RO         3908    i.nrf_uart_event_clear  nrfx_uart.o
    0x0002ce62   0x0002ce62   0x0000000c   Code   RO         3909    i.nrf_uart_int_enable_check  nrfx_uart.o
    0x0002ce6e   0x0002ce6e   0x0000000a   Code   RO         4099    i.nrf_uarte_event_check  nrfx_uarte.o
    0x0002ce78   0x0002ce78   0x0000000c   Code   RO         4100    i.nrf_uarte_event_clear  nrfx_uarte.o
    0x0002ce84   0x0002ce84   0x00000030   Code   RO         3418    i.nrfx_clock_enable  nrfx_clock.o
    0x0002ceb4   0x0002ceb4   0x00000020   Code   RO         3421    i.nrfx_clock_init   nrfx_clock.o
    0x0002ced4   0x0002ced4   0x0000001c   Code   RO         3424    i.nrfx_clock_lfclk_stop  nrfx_clock.o
    0x0002cef0   0x0002cef0   0x00000010   Code   RO         5026    i.nrfx_coredep_delay_us  app_timer.o
    0x0002cf00   0x0002cf00   0x000000a4   Code   RO         3562    i.nrfx_gpiote_in_event_enable  nrfx_gpiote.o
    0x0002cfa4   0x0002cfa4   0x000000d0   Code   RO         3563    i.nrfx_gpiote_in_init  nrfx_gpiote.o
    0x0002d074   0x0002d074   0x00000014   Code   RO         3564    i.nrfx_gpiote_in_is_set  nrfx_gpiote.o
    0x0002d088   0x0002d088   0x00000070   Code   RO         3566    i.nrfx_gpiote_init  nrfx_gpiote.o
    0x0002d0f8   0x0002d0f8   0x00000014   Code   RO         3567    i.nrfx_gpiote_is_init  nrfx_gpiote.o
    0x0002d10c   0x0002d10c   0x00000010   Code   RO         4101    i.nrfx_is_in_ram    nrfx_uarte.o
    0x0002d11c   0x0002d11c   0x0000006c   Code   RO         4617    i.nrfx_ppi_channel_alloc  nrfx_ppi.o
    0x0002d188   0x0002d188   0x00000044   Code   RO         4618    i.nrfx_ppi_channel_assign  nrfx_ppi.o
    0x0002d1cc   0x0002d1cc   0x00000034   Code   RO         4620    i.nrfx_ppi_channel_enable  nrfx_ppi.o
    0x0002d200   0x0002d200   0x0000003a   Code   RO         3849    i.nrfx_prs_acquire  nrfx_prs.o
    0x0002d23a   0x0002d23a   0x00000012   Code   RO         3850    i.nrfx_prs_release  nrfx_prs.o
    0x0002d24c   0x0002d24c   0x000000a4   Code   RO         4256    i.nrfx_saadc_buffer_convert  nrfx_saadc.o
    0x0002d2f0   0x0002d2f0   0x000000ac   Code   RO         4258    i.nrfx_saadc_channel_init  nrfx_saadc.o
    0x0002d39c   0x0002d39c   0x00000090   Code   RO         4260    i.nrfx_saadc_init   nrfx_saadc.o
    0x0002d42c   0x0002d42c   0x0000001c   Code   RO         4265    i.nrfx_saadc_sample_task_get  nrfx_saadc.o
    0x0002d448   0x0002d448   0x0000003a   Code   RO         4406    i.nrfx_timer_compare  nrfx_timer.o
    0x0002d482   0x0002d482   0x00000002   PAD
    0x0002d484   0x0002d484   0x0000001c   Code   RO         4410    i.nrfx_timer_enable  nrfx_timer.o
    0x0002d4a0   0x0002d4a0   0x0000002a   Code   RO         4411    i.nrfx_timer_extended_compare  nrfx_timer.o
    0x0002d4ca   0x0002d4ca   0x00000002   PAD
    0x0002d4cc   0x0002d4cc   0x000000c0   Code   RO         4413    i.nrfx_timer_init   nrfx_timer.o
    0x0002d58c   0x0002d58c   0x00000010   Code   RO         3910    i.nrfx_uart_0_irq_handler  nrfx_uart.o
    0x0002d59c   0x0002d59c   0x000000d4   Code   RO         3912    i.nrfx_uart_init    nrfx_uart.o
    0x0002d670   0x0002d670   0x000000a4   Code   RO         3918    i.nrfx_uart_tx      nrfx_uart.o
    0x0002d714   0x0002d714   0x00000020   Code   RO         3920    i.nrfx_uart_tx_in_progress  nrfx_uart.o
    0x0002d734   0x0002d734   0x000000b4   Code   RO         3921    i.nrfx_uart_uninit  nrfx_uart.o
    0x0002d7e8   0x0002d7e8   0x00000010   Code   RO         4102    i.nrfx_uarte_0_irq_handler  nrfx_uarte.o
    0x0002d7f8   0x0002d7f8   0x0000006c   Code   RO         4104    i.nrfx_uarte_init   nrfx_uarte.o
    0x0002d864   0x0002d864   0x00000090   Code   RO         4108    i.nrfx_uarte_tx     nrfx_uarte.o
    0x0002d8f4   0x0002d8f4   0x0000001c   Code   RO         4110    i.nrfx_uarte_tx_in_progress  nrfx_uarte.o
    0x0002d910   0x0002d910   0x000000b0   Code   RO         4111    i.nrfx_uarte_uninit  nrfx_uarte.o
    0x0002d9c0   0x0002d9c0   0x00000054   Code   RO           13    i.on_adv_evt        main.o
    0x0002da14   0x0002da14   0x0000001c   Code   RO           14    i.on_conn_params_evt  main.o
    0x0002da30   0x0002da30   0x000000a8   Code   RO         1843    i.on_connected_evt  nrf_ble_gatt.o
    0x0002dad8   0x0002dad8   0x000000ac   Code   RO         1844    i.on_exchange_mtu_request_evt  nrf_ble_gatt.o
    0x0002db84   0x0002db84   0x00000018   Code   RO           15    i.on_hts_evt        main.o
    0x0002db9c   0x0002db9c   0x00000024   Code   RO         5303    i.page_identify     fds.o
    0x0002dbc0   0x0002dbc0   0x0000001c   Code   RO         5304    i.page_offsets_update  fds.o
    0x0002dbdc   0x0002dbdc   0x0000006c   Code   RO         5305    i.page_scan         fds.o
    0x0002dc48   0x0002dc48   0x0000001c   Code   RO         5306    i.page_tag_write_data  fds.o
    0x0002dc64   0x0002dc64   0x00000024   Code   RO         5307    i.page_tag_write_swap  fds.o
    0x0002dc88   0x0002dc88   0x0000011c   Code   RO         5308    i.pages_init        fds.o
    0x0002dda4   0x0002dda4   0x0000000c   Code   RO         2768    i.pairing           security_dispatcher.o
    0x0002ddb0   0x0002ddb0   0x00000074   Code   RO         2769    i.pairing_failure   security_dispatcher.o
    0x0002de24   0x0002de24   0x0000002e   Code   RO         2770    i.pairing_success_evt_send  security_dispatcher.o
    0x0002de52   0x0002de52   0x00000006   Code   RO         2909    i.params_reply_pending_handle  security_manager.o
    0x0002de58   0x0002de58   0x00000028   Code   RO         2910    i.params_req_send   security_manager.o
    0x0002de80   0x0002de80   0x0000001c   Code   RO         2117    i.pdb_evt_send      peer_database.o
    0x0002de9c   0x0002de9c   0x00000090   Code   RO         2118    i.pdb_init          peer_database.o
    0x0002df2c   0x0002df2c   0x0000007c   Code   RO         2119    i.pdb_pds_evt_handler  peer_database.o
    0x0002dfa8   0x0002dfa8   0x00000006   Code   RO         2120    i.pdb_peer_data_ptr_get  peer_database.o
    0x0002dfae   0x0002dfae   0x00000002   PAD
    0x0002dfb0   0x0002dfb0   0x0000008c   Code   RO         2121    i.pdb_peer_free     peer_database.o
    0x0002e03c   0x0002e03c   0x000000dc   Code   RO         2122    i.pdb_write_buf_get  peer_database.o
    0x0002e118   0x0002e118   0x00000014   Code   RO         2123    i.pdb_write_buf_release  peer_database.o
    0x0002e12c   0x0002e12c   0x00000036   Code   RO         2124    i.pdb_write_buf_store  peer_database.o
    0x0002e162   0x0002e162   0x00000002   PAD
    0x0002e164   0x0002e164   0x00000010   Code   RO         1979    i.pds_evt_send      peer_data_storage.o
    0x0002e174   0x0002e174   0x000000dc   Code   RO         1980    i.pds_init          peer_data_storage.o
    0x0002e250   0x0002e250   0x00000004   Code   RO         1981    i.pds_next_deleted_peer_id_get  peer_data_storage.o
    0x0002e254   0x0002e254   0x00000004   Code   RO         1982    i.pds_next_peer_id_get  peer_data_storage.o
    0x0002e258   0x0002e258   0x00000058   Code   RO         1985    i.pds_peer_data_iterate  peer_data_storage.o
    0x0002e2b0   0x0002e2b0   0x00000010   Code   RO         1986    i.pds_peer_data_iterate_prepare  peer_data_storage.o
    0x0002e2c0   0x0002e2c0   0x00000072   Code   RO         1987    i.pds_peer_data_read  peer_data_storage.o
    0x0002e332   0x0002e332   0x00000002   PAD
    0x0002e334   0x0002e334   0x000000a0   Code   RO         1988    i.pds_peer_data_store  peer_data_storage.o
    0x0002e3d4   0x0002e3d4   0x00000008   Code   RO         1989    i.pds_peer_id_allocate  peer_data_storage.o
    0x0002e3dc   0x0002e3dc   0x00000016   Code   RO         1990    i.pds_peer_id_free  peer_data_storage.o
    0x0002e3f2   0x0002e3f2   0x00000004   Code   RO         1991    i.pds_peer_id_is_allocated  peer_data_storage.o
    0x0002e3f6   0x0002e3f6   0x00000002   PAD
    0x0002e3f8   0x0002e3f8   0x0000009c   Code   RO         1993    i.peer_data_delete_process  peer_data_storage.o
    0x0002e494   0x0002e494   0x00000030   Code   RO         1994    i.peer_data_find    peer_data_storage.o
    0x0002e4c4   0x0002e4c4   0x00000024   Code   RO         1995    i.peer_data_id_is_valid  peer_data_storage.o
    0x0002e4e8   0x0002e4e8   0x0000001a   Code   RO         2125    i.peer_data_point_to_buffer  peer_database.o
    0x0002e502   0x0002e502   0x00000002   PAD
    0x0002e504   0x0002e504   0x0000000c   Code   RO         2238    i.peer_id_allocate  peer_id.o
    0x0002e510   0x0002e510   0x00000024   Code   RO         2239    i.peer_id_delete    peer_id.o
    0x0002e534   0x0002e534   0x0000001c   Code   RO         2240    i.peer_id_free      peer_id.o
    0x0002e550   0x0002e550   0x0000000c   Code   RO         2241    i.peer_id_get_next_deleted  peer_id.o
    0x0002e55c   0x0002e55c   0x00000030   Code   RO         2242    i.peer_id_get_next_used  peer_id.o
    0x0002e58c   0x0002e58c   0x0000000c   Code   RO         2243    i.peer_id_init      peer_id.o
    0x0002e598   0x0002e598   0x00000014   Code   RO         2244    i.peer_id_is_allocated  peer_id.o
    0x0002e5ac   0x0002e5ac   0x00000014   Code   RO         2245    i.peer_id_is_deleted  peer_id.o
    0x0002e5c0   0x0002e5c0   0x0000006c   Code   RO           16    i.peer_manager_init  main.o
    0x0002e62c   0x0002e62c   0x00000012   Code   RO         1047    i.phy_is_valid      ble_advertising.o
    0x0002e63e   0x0002e63e   0x00000002   PAD
    0x0002e640   0x0002e640   0x00000018   Code   RO         3583    i.pin_in_use_by_port  nrfx_gpiote.o
    0x0002e658   0x0002e658   0x00000018   Code   RO         3584    i.pin_in_use_by_te  nrfx_gpiote.o
    0x0002e670   0x0002e670   0x00000064   Code   RO         2715    i.pm_buffer_block_acquire  pm_buffer.o
    0x0002e6d4   0x0002e6d4   0x00000024   Code   RO         2716    i.pm_buffer_init    pm_buffer.o
    0x0002e6f8   0x0002e6f8   0x00000028   Code   RO         2717    i.pm_buffer_ptr_get  pm_buffer.o
    0x0002e720   0x0002e720   0x00000032   Code   RO         2718    i.pm_buffer_release  pm_buffer.o
    0x0002e752   0x0002e752   0x00000002   PAD
    0x0002e754   0x0002e754   0x00000078   Code   RO         2332    i.pm_conn_sec_status_get  peer_manager.o
    0x0002e7cc   0x0002e7cc   0x0000001c   Code   RO         2333    i.pm_conn_secure    peer_manager.o
    0x0002e7e8   0x0002e7e8   0x00000040   Code   RO           17    i.pm_evt_handler    main.o
    0x0002e828   0x0002e828   0x00000004   Code   RO         2335    i.pm_gcm_evt_handler  peer_manager.o
    0x0002e82c   0x0002e82c   0x00000210   Code   RO         2623    i.pm_handler_flash_clean  peer_manager_handler.o
    0x0002ea3c   0x0002ea3c   0x0000001c   Code   RO         2624    i.pm_handler_flash_clean_on_return  peer_manager_handler.o
    0x0002ea58   0x0002ea58   0x00000054   Code   RO         2625    i.pm_handler_on_pm_evt  peer_manager_handler.o
    0x0002eaac   0x0002eaac   0x000002dc   Code   RO         2626    i.pm_handler_pm_evt_log  peer_manager_handler.o
    0x0002ed88   0x0002ed88   0x00000004   Code   RO         2338    i.pm_im_evt_handler  peer_manager.o
    0x0002ed8c   0x0002ed8c   0x000001bc   Code   RO         2339    i.pm_init           peer_manager.o
    0x0002ef48   0x0002ef48   0x00000120   Code   RO         2343    i.pm_pdb_evt_handler  peer_manager.o
    0x0002f068   0x0002f068   0x00000014   Code   RO         2354    i.pm_peer_delete    peer_manager.o
    0x0002f07c   0x0002f07c   0x0000011c   Code   RO         2358    i.pm_peer_rank_highest  peer_manager.o
    0x0002f198   0x0002f198   0x000000ec   Code   RO         2359    i.pm_peer_ranks_get  peer_manager.o
    0x0002f284   0x0002f284   0x00000094   Code   RO         2360    i.pm_peers_delete   peer_manager.o
    0x0002f318   0x0002f318   0x0000002c   Code   RO         2363    i.pm_register       peer_manager.o
    0x0002f344   0x0002f344   0x00000014   Code   RO         2364    i.pm_sec_params_set  peer_manager.o
    0x0002f358   0x0002f358   0x0000000a   Code   RO         2365    i.pm_sm_evt_handler  peer_manager.o
    0x0002f362   0x0002f362   0x00000034   Code   RO         3117    i.pnp_id_encode     ble_dis.o
    0x0002f396   0x0002f396   0x00000002   PAD
    0x0002f398   0x0002f398   0x0000003c   Code   RO         6936    i.postfix_process   nrf_log_str_formatter.o
    0x0002f3d4   0x0002f3d4   0x00000098   Code   RO         6937    i.prefix_process    nrf_log_str_formatter.o
    0x0002f46c   0x0002f46c   0x00000018   Code   RO         3851    i.prs_box_get       nrfx_prs.o
    0x0002f484   0x0002f484   0x0000001c   Code   RO         5309    i.queue_buf_get     fds.o
    0x0002f4a0   0x0002f4a0   0x00000010   Code   RO         5310    i.queue_buf_store   fds.o
    0x0002f4b0   0x0002f4b0   0x00000014   Code   RO         6117    i.queue_free        nrf_fstorage_sd.o
    0x0002f4c4   0x0002f4c4   0x000000a0   Code   RO         5311    i.queue_process     fds.o
    0x0002f564   0x0002f564   0x000000a0   Code   RO         6118    i.queue_process     nrf_fstorage_sd.o
    0x0002f604   0x0002f604   0x0000001c   Code   RO         5312    i.queue_start       fds.o
    0x0002f620   0x0002f620   0x00000024   Code   RO         6119    i.queue_start       nrf_fstorage_sd.o
    0x0002f644   0x0002f644   0x0000001c   Code   RO         2629    i.rank_highest      peer_manager_handler.o
    0x0002f660   0x0002f660   0x00000028   Code   RO         2368    i.rank_vars_update  peer_manager.o
    0x0002f688   0x0002f688   0x0000000e   Code   RO         6120    i.read              nrf_fstorage_sd.o
    0x0002f696   0x0002f696   0x00000002   PAD
    0x0002f698   0x0002f698   0x000000b0   Code   RO         2126    i.reattempt_previous_operations  peer_database.o
    0x0002f748   0x0002f748   0x00000088   Code   RO         5313    i.record_find       fds.o
    0x0002f7d0   0x0002f7d0   0x000000a0   Code   RO         5314    i.record_find_by_desc  fds.o
    0x0002f870   0x0002f870   0x0000005c   Code   RO         5315    i.record_find_next  fds.o
    0x0002f8cc   0x0002f8cc   0x00000038   Code   RO         5316    i.record_header_flag_dirty  fds.o
    0x0002f904   0x0002f904   0x00000010   Code   RO         2247    i.release           peer_id.o
    0x0002f914   0x0002f914   0x00000004   Code   RO         6121    i.rmap              nrf_fstorage_sd.o
    0x0002f918   0x0002f918   0x0000003c   Code   RO         5027    i.rtc1_stop         app_timer.o
    0x0002f954   0x0002f954   0x00000032   Code   RO         3922    i.rx_byte           nrfx_uart.o
    0x0002f986   0x0002f986   0x00000016   Code   RO         3923    i.rx_done_event     nrfx_uart.o
    0x0002f99c   0x0002f99c   0x00000018   Code   RO         4112    i.rx_done_event     nrfx_uarte.o
    0x0002f9b4   0x0002f9b4   0x0000007c   Code   RO          446    i.saadc_callback    sadc.o
    0x0002fa30   0x0002fa30   0x00000058   Code   RO          447    i.saadc_initCfg     sadc.o
    0x0002fa88   0x0002fa88   0x0000001c   Code   RO          448    i.saadc_sampling_event_enable  sadc.o
    0x0002faa4   0x0002faa4   0x00000090   Code   RO          449    i.saadc_sampling_event_init  sadc.o
    0x0002fb34   0x0002fb34   0x00000068   Code   RO          450    i.sadc_init         sadc.o
    0x0002fb9c   0x0002fb9c   0x00000024   Code   RO         1438    i.sc_send_pending_handle  gatt_cache_manager.o
    0x0002fbc0   0x0002fbc0   0x00000050   Code   RO         3228    i.sd_state_evt_handler  nrf_drv_clock.o
    0x0002fc10   0x0002fc10   0x00000030   Code   RO         7350    i.sdh_request_observer_notify  nrf_sdh.o
    0x0002fc40   0x0002fc40   0x0000002c   Code   RO         7351    i.sdh_state_observer_notify  nrf_sdh.o
    0x0002fc6c   0x0002fc6c   0x000000b4   Code   RO         2771    i.sec_info_request_process  security_dispatcher.o
    0x0002fd20   0x0002fd20   0x000000f4   Code   RO         2772    i.sec_keyset_fill   security_dispatcher.o
    0x0002fe14   0x0002fe14   0x00000076   Code   RO         2911    i.sec_params_verify  security_manager.o
    0x0002fe8a   0x0002fe8a   0x00000002   PAD
    0x0002fe8c   0x0002fe8c   0x00000060   Code   RO         2773    i.sec_proc_start    security_dispatcher.o
    0x0002feec   0x0002feec   0x00000022   Code   RO         2774    i.send_config_req   security_dispatcher.o
    0x0002ff0e   0x0002ff0e   0x00000002   PAD
    0x0002ff10   0x0002ff10   0x00000010   Code   RO         1136    i.send_error_evt    ble_conn_params.o
    0x0002ff20   0x0002ff20   0x00000028   Code   RO         1439    i.send_unexpected_error  gatt_cache_manager.o
    0x0002ff48   0x0002ff48   0x00000028   Code   RO         2775    i.send_unexpected_error  security_dispatcher.o
    0x0002ff70   0x0002ff70   0x00000048   Code   RO           18    i.sensor_simulator_init  main.o
    0x0002ffb8   0x0002ffb8   0x0000001c   Code   RO         6498    i.sensorsim_decrement  sensorsim.o
    0x0002ffd4   0x0002ffd4   0x0000001c   Code   RO         6499    i.sensorsim_increment  sensorsim.o
    0x0002fff0   0x0002fff0   0x00000016   Code   RO         6500    i.sensorsim_init    sensorsim.o
    0x00030006   0x00030006   0x0000001a   Code   RO         6501    i.sensorsim_measure  sensorsim.o
    0x00030020   0x00030020   0x00000050   Code   RO         6534    i.serial_tx         nrf_log_backend_rtt.o
    0x00030070   0x00030070   0x00000040   Code   RO         6637    i.serial_tx         nrf_log_backend_uart.o
    0x000300b0   0x000300b0   0x00000014   Code   RO         1440    i.service_changed_pending_flags_check  gatt_cache_manager.o
    0x000300c4   0x000300c4   0x00000044   Code   RO         1592    i.service_changed_pending_set  gatts_cache_manager.o
    0x00030108   0x00030108   0x000000f4   Code   RO         1441    i.service_changed_send_in_evt  gatt_cache_manager.o
    0x000301fc   0x000301fc   0x00000088   Code   RO          940    i.service_data_encode  ble_advdata.o
    0x00030284   0x00030284   0x000000e8   Code   RO           19    i.services_init     main.o
    0x0003036c   0x0003036c   0x00000030   Code   RO         1368    i.set_security_req  ble_srv_common.o
    0x0003039c   0x0003039c   0x00000028   Code   RO           20    i.sleep_mode_enter  main.o
    0x000303c4   0x000303c4   0x0000002c   Code   RO         2912    i.sm_ble_evt_handler  security_manager.o
    0x000303f0   0x000303f0   0x00000058   Code   RO         2914    i.sm_init           security_manager.o
    0x00030448   0x00030448   0x0000000a   Code   RO         2916    i.sm_link_secure    security_manager.o
    0x00030452   0x00030452   0x00000002   PAD
    0x00030454   0x00030454   0x00000044   Code   RO         2917    i.sm_pdb_evt_handler  security_manager.o
    0x00030498   0x00030498   0x00000034   Code   RO         2919    i.sm_sec_params_set  security_manager.o
    0x000304cc   0x000304cc   0x00000060   Code   RO         2920    i.sm_smd_evt_handler  security_manager.o
    0x0003052c   0x0003052c   0x000000f4   Code   RO         2776    i.smd_ble_evt_handler  security_dispatcher.o
    0x00030620   0x00030620   0x00000068   Code   RO         2778    i.smd_init          security_dispatcher.o
    0x00030688   0x00030688   0x00000028   Code   RO         2779    i.smd_link_secure   security_dispatcher.o
    0x000306b0   0x000306b0   0x000000b0   Code   RO         2780    i.smd_params_reply  security_dispatcher.o
    0x00030760   0x00030760   0x00000040   Code   RO         2921    i.smd_params_reply_perform  security_manager.o
    0x000307a0   0x000307a0   0x00000018   Code   RO         3229    i.soc_evt_handler   nrf_drv_clock.o
    0x000307b8   0x000307b8   0x00000038   Code   RO         7352    i.softdevice_evt_irq_disable  nrf_sdh.o
    0x000307f0   0x000307f0   0x00000058   Code   RO         7353    i.softdevices_evt_irq_enable  nrf_sdh.o
    0x00030848   0x00030848   0x0000008c   Code   RO         6772    i.std_n             nrf_log_frontend.o
    0x000308d4   0x000308d4   0x00000058   Code   RO         1442    i.store_car_value   gatt_cache_manager.o
    0x0003092c   0x0003092c   0x00000042   Code   RO         3118    i.sys_id_encode     ble_dis.o
    0x0003096e   0x0003096e   0x00000002   PAD
    0x00030970   0x00030970   0x00000038   Code   RO           21    i.temperature_measurement_send  main.o
    0x000309a8   0x000309a8   0x00000002   Code   RO          451    i.timer_handler     sadc.o
    0x000309aa   0x000309aa   0x00000002   PAD
    0x000309ac   0x000309ac   0x00000080   Code   RO         5028    i.timer_list_handler  app_timer.o
    0x00030a2c   0x00030a2c   0x0000003c   Code   RO         5029    i.timer_list_insert  app_timer.o
    0x00030a68   0x00030a68   0x00000060   Code   RO         5030    i.timer_list_remove  app_timer.o
    0x00030ac8   0x00030ac8   0x00000048   Code   RO         5031    i.timer_stop_op_schedule  app_timer.o
    0x00030b10   0x00030b10   0x00000074   Code   RO         5032    i.timer_timeouts_check  app_timer.o
    0x00030b84   0x00030b84   0x00000020   Code   RO         3925    i.tx_byte           nrfx_uart.o
    0x00030ba4   0x00030ba4   0x0000001a   Code   RO         3926    i.tx_done_event     nrfx_uart.o
    0x00030bbe   0x00030bbe   0x00000002   PAD
    0x00030bc0   0x00030bc0   0x00000030   Code   RO         3360    i.uart_evt_handler  nrf_drv_uart.o
    0x00030bf0   0x00030bf0   0x0000000c   Code   RO         6638    i.uart_evt_handler  nrf_log_backend_uart.o
    0x00030bfc   0x00030bfc   0x00000050   Code   RO         6639    i.uart_init         nrf_log_backend_uart.o
    0x00030c4c   0x00030c4c   0x00000128   Code   RO         3927    i.uart_irq_handler  nrfx_uart.o
    0x00030d74   0x00030d74   0x00000030   Code   RO         3361    i.uarte_evt_handler  nrf_drv_uart.o
    0x00030da4   0x00030da4   0x000000f4   Code   RO         4113    i.uarte_irq_handler  nrfx_uarte.o
    0x00030e98   0x00030e98   0x0000000a   Code   RO          941    i.uint16_encode     ble_advdata.o
    0x00030ea2   0x00030ea2   0x00000002   PAD
    0x00030ea4   0x00030ea4   0x00000020   Code   RO         6122    i.uninit            nrf_fstorage_sd.o
    0x00030ec4   0x00030ec4   0x000000b4   Code   RO         5986    i.unsigned_print    nrf_fprintf_format.o
    0x00030f78   0x00030f78   0x00000030   Code   RO         1443    i.update_pending_flags_check  gatt_cache_manager.o
    0x00030fa8   0x00030fa8   0x00000068   Code   RO         1137    i.update_timeout_handler  ble_conn_params.o
    0x00031010   0x00031010   0x00000018   Code   RO         1048    i.use_whitelist     ble_advertising.o
    0x00031028   0x00031028   0x0000000c   Code   RO         1222    i.user_flag_is_acquired  ble_conn_state.o
    0x00031034   0x00031034   0x00000024   Code   RO         1939    i.user_mem_reply    nrf_ble_qwr.o
    0x00031058   0x00031058   0x00000030   Code   RO         5033    i.user_op_alloc     app_timer.o
    0x00031088   0x00031088   0x00000030   Code   RO          942    i.uuid_list_encode  ble_advdata.o
    0x000310b8   0x000310b8   0x0000009e   Code   RO          943    i.uuid_list_sized_encode  ble_advdata.o
    0x00031156   0x00031156   0x0000003a   Code   RO          702    i.wakeup_button_cfg  bsp.o
    0x00031190   0x00031190   0x00000004   Code   RO         6123    i.wmap              nrf_fstorage_sd.o
    0x00031194   0x00031194   0x00000050   Code   RO         6124    i.write             nrf_fstorage_sd.o
    0x000311e4   0x000311e4   0x0000014c   Code   RO         2127    i.write_buf_store   peer_database.o
    0x00031330   0x00031330   0x00000034   Code   RO         2128    i.write_buffer_record_find  peer_database.o
    0x00031364   0x00031364   0x00000030   Code   RO         2129    i.write_buffer_record_find_next  peer_database.o
    0x00031394   0x00031394   0x0000001c   Code   RO         2130    i.write_buffer_record_invalidate  peer_database.o
    0x000313b0   0x000313b0   0x0000002c   Code   RO         2131    i.write_buffer_record_release  peer_database.o
    0x000313dc   0x000313dc   0x000000e8   Code   RO         5318    i.write_enqueue     fds.o
    0x000314c4   0x000314c4   0x000000f4   Code   RO         5319    i.write_execute     fds.o
    0x000315b8   0x000315b8   0x00000018   Code   RO         5320    i.write_space_free  fds.o
    0x000315d0   0x000315d0   0x0000005c   Code   RO         5321    i.write_space_reserve  fds.o
    0x0003162c   0x0003162c   0x00000004   Data   RO           24    .constdata          main.o
    0x00031630   0x00031630   0x0000001d   Data   RO          453    .constdata          sadc.o
    0x0003164d   0x0003164d   0x00000005   Data   RO          569    .constdata          boards.o
    0x00031652   0x00031652   0x00000002   PAD
    0x00031654   0x00031654   0x0000002c   Data   RO          707    .constdata          bsp.o
    0x00031680   0x00031680   0x00000074   Data   RO         1444    .constdata          gatt_cache_manager.o
    0x000316f4   0x000316f4   0x00000004   Data   RO         1593    .constdata          gatts_cache_manager.o
    0x000316f8   0x000316f8   0x00000010   Data   RO         1594    .constdata          gatts_cache_manager.o
    0x00031708   0x00031708   0x00000004   Data   RO         1595    .constdata          gatts_cache_manager.o
    0x0003170c   0x0003170c   0x00000008   Data   RO         1692    .constdata          id_manager.o
    0x00031714   0x00031714   0x00000016   Data   RO         1845    .constdata          nrf_ble_gatt.o
    0x0003172a   0x0003172a   0x00000002   PAD
    0x0003172c   0x0003172c   0x0000001c   Data   RO         1996    .constdata          peer_data_storage.o
    0x00031748   0x00031748   0x00000010   Data   RO         2133    .constdata          peer_database.o
    0x00031758   0x00031758   0x0000002c   Data   RO         2370    .constdata          peer_manager.o
    0x00031784   0x00031784   0x00000018   Data   RO         2630    .constdata          peer_manager_handler.o
    0x0003179c   0x0003179c   0x0000008c   Data   RO         2782    .constdata          security_dispatcher.o
    0x00031828   0x00031828   0x00000004   Data   RO         2922    .constdata          security_manager.o
    0x0003182c   0x0003182c   0x00000004   Data   RO         3586    .constdata          nrfx_gpiote.o
    0x00031830   0x00031830   0x00000004   Data   RO         3930    .constdata          nrfx_uart.o
    0x00031834   0x00031834   0x00000004   Data   RO         4116    .constdata          nrfx_uarte.o
    0x00031838   0x00031838   0x00000008   Data   RO         4809    .constdata          app_button.o
    0x00031840   0x00031840   0x00000006   Data   RO         5035    .constdata          app_timer.o
    0x00031846   0x00031846   0x00000002   PAD
    0x00031848   0x00031848   0x00000018   Data   RO         5324    .constdata          fds.o
    0x00031860   0x00031860   0x00000010   Data   RO         5987    .constdata          nrf_fprintf_format.o
    0x00031870   0x00031870   0x0000005e   Data   RO         6033    .constdata          nrf_fstorage.o
    0x000318ce   0x000318ce   0x00000002   PAD
    0x000318d0   0x000318d0   0x00000010   Data   RO         6127    .constdata          nrf_fstorage_sd.o
    0x000318e0   0x000318e0   0x00000020   Data   RO         6128    .constdata          nrf_fstorage_sd.o
    0x00031900   0x00031900   0x00000018   Data   RO         6306    .constdata          nrf_pwr_mgmt.o
    0x00031918   0x00031918   0x0000000c   Data   RO         6307    .constdata          nrf_pwr_mgmt.o
    0x00031924   0x00031924   0x0000013c   Data   RO         6470    .constdata          nrf_strerror.o
    0x00031a60   0x00031a60   0x0000000c   Data   RO         6536    .constdata          nrf_log_backend_rtt.o
    0x00031a6c   0x00031a6c   0x00000004   PAD
    0x00031a70   0x00031a70   0x00000006   Data   RO         6537    .constdata          nrf_log_backend_rtt.o
    0x00031a76   0x00031a76   0x00000002   PAD
    0x00031a78   0x00031a78   0x0000000c   Data   RO         6641    .constdata          nrf_log_backend_uart.o
    0x00031a84   0x00031a84   0x00000020   Data   RO         6642    .constdata          nrf_log_backend_uart.o
    0x00031aa4   0x00031aa4   0x0000000c   Data   RO         6777    .constdata          nrf_log_frontend.o
    0x00031ab0   0x00031ab0   0x00000010   Data   RO         7354    .constdata          nrf_sdh.o
    0x00031ac0   0x00031ac0   0x00000028   Data   RO         7355    .constdata          nrf_sdh.o
    0x00031ae8   0x00031ae8   0x00000010   Data   RO         7356    .constdata          nrf_sdh.o
    0x00031af8   0x00031af8   0x00000010   Data   RO         7357    .constdata          nrf_sdh.o
    0x00031b08   0x00031b08   0x00000020   Data   RO         7465    .constdata          nrf_sdh_ble.o
    0x00031b28   0x00031b28   0x00000010   Data   RO         7466    .constdata          nrf_sdh_ble.o
    0x00031b38   0x00031b38   0x00000010   Data   RO         7516    .constdata          nrf_sdh_soc.o
    0x00031b48   0x00031b48   0x0000000c   Data   RO         7517    .constdata          nrf_sdh_soc.o
    0x00031b54   0x00031b54   0x00000081   Data   RO         7608    .constdata          mc_w.l(ctype_o.o)
    0x00031bd5   0x00031bd5   0x00000003   PAD
    0x00031bd8   0x00031bd8   0x00000004   Data   RO         7609    .constdata          mc_w.l(ctype_o.o)
    0x00031bdc   0x00031bdc   0x000001a4   Data   RO         1445    .conststring        gatt_cache_manager.o
    0x00031d80   0x00031d80   0x00000144   Data   RO         1596    .conststring        gatts_cache_manager.o
    0x00031ec4   0x00031ec4   0x000000a2   Data   RO         1846    .conststring        nrf_ble_gatt.o
    0x00031f66   0x00031f66   0x00000002   PAD
    0x00031f68   0x00031f68   0x000000e8   Data   RO         1997    .conststring        peer_data_storage.o
    0x00032050   0x00032050   0x00000180   Data   RO         2134    .conststring        peer_database.o
    0x000321d0   0x000321d0   0x00000090   Data   RO         2371    .conststring        peer_manager.o
    0x00032260   0x00032260   0x000002ca   Data   RO         2631    .conststring        peer_manager_handler.o
    0x0003252a   0x0003252a   0x00000002   PAD
    0x0003252c   0x0003252c   0x00000242   Data   RO         2783    .conststring        security_dispatcher.o
    0x0003276e   0x0003276e   0x00000002   PAD
    0x00032770   0x00032770   0x0000017b   Data   RO         2923    .conststring        security_manager.o
    0x000328eb   0x000328eb   0x00000001   PAD
    0x000328ec   0x000328ec   0x0000004f   Data   RO         6034    .conststring        nrf_fstorage.o
    0x0003293b   0x0003293b   0x00000001   PAD
    0x0003293c   0x0003293c   0x000003eb   Data   RO         6471    .conststring        nrf_strerror.o
    0x00032d27   0x00032d27   0x00000001   PAD
    0x00032d28   0x00032d28   0x00000066   Data   RO         6938    .conststring        nrf_log_str_formatter.o
    0x00032d8e   0x00032d8e   0x00000002   PAD
    0x00032d90   0x00032d90   0x00000188   Data   RO         7467    .conststring        nrf_sdh_ble.o
    0x00032f18   0x00032f18   0x00000011   Data   RO         1446    .conststrlit        gatt_cache_manager.o
    0x00032f29   0x00032f29   0x00000003   PAD
    0x00032f2c   0x00032f2c   0x00000012   Data   RO         1597    .conststrlit        gatts_cache_manager.o
    0x00032f3e   0x00032f3e   0x00000002   PAD
    0x00032f40   0x00032f40   0x00000010   Data   RO         1694    .conststrlit        id_manager.o
    0x00032f50   0x00032f50   0x0000000d   Data   RO         1847    .conststrlit        nrf_ble_gatt.o
    0x00032f5d   0x00032f5d   0x00000003   PAD
    0x00032f60   0x00032f60   0x00000011   Data   RO         1998    .conststrlit        peer_data_storage.o
    0x00032f71   0x00032f71   0x00000003   PAD
    0x00032f74   0x00032f74   0x00000011   Data   RO         2135    .conststrlit        peer_database.o
    0x00032f85   0x00032f85   0x00000003   PAD
    0x00032f88   0x00032f88   0x0000000d   Data   RO         2372    .conststrlit        peer_manager.o
    0x00032f95   0x00032f95   0x00000003   PAD
    0x00032f98   0x00032f98   0x00000015   Data   RO         2633    .conststrlit        peer_manager_handler.o
    0x00032fad   0x00032fad   0x00000003   PAD
    0x00032fb0   0x00032fb0   0x00000011   Data   RO         2784    .conststrlit        security_dispatcher.o
    0x00032fc1   0x00032fc1   0x00000003   PAD
    0x00032fc4   0x00032fc4   0x00000010   Data   RO         2924    .conststrlit        security_manager.o
    0x00032fd4   0x00032fd4   0x00000008   Data   RO         3061    .conststrlit        ble_bas.o
    0x00032fdc   0x00032fdc   0x00000006   Data   RO         3235    .conststrlit        nrf_drv_clock.o
    0x00032fe2   0x00032fe2   0x00000002   PAD
    0x00032fe4   0x00032fe4   0x00000006   Data   RO         3428    .conststrlit        nrfx_clock.o
    0x00032fea   0x00032fea   0x00000002   PAD
    0x00032fec   0x00032fec   0x00000007   Data   RO         3590    .conststrlit        nrfx_gpiote.o
    0x00032ff3   0x00032ff3   0x00000001   PAD
    0x00032ff4   0x00032ff4   0x00000004   Data   RO         3853    .conststrlit        nrfx_prs.o
    0x00032ff8   0x00032ff8   0x00000005   Data   RO         3933    .conststrlit        nrfx_uart.o
    0x00032ffd   0x00032ffd   0x00000003   PAD
    0x00033000   0x00033000   0x00000006   Data   RO         4119    .conststrlit        nrfx_uarte.o
    0x00033006   0x00033006   0x00000002   PAD
    0x00033008   0x00033008   0x00000006   Data   RO         4276    .conststrlit        nrfx_saadc.o
    0x0003300e   0x0003300e   0x00000002   PAD
    0x00033010   0x00033010   0x00000006   Data   RO         4420    .conststrlit        nrfx_timer.o
    0x00033016   0x00033016   0x00000002   PAD
    0x00033018   0x00033018   0x00000004   Data   RO         4548    .conststrlit        nrfx_wdt.o
    0x0003301c   0x0003301c   0x00000004   Data   RO         4642    .conststrlit        nrfx_ppi.o
    0x00033020   0x00033020   0x0000000d   Data   RO         6035    .conststrlit        nrf_fstorage.o
    0x0003302d   0x0003302d   0x00000003   PAD
    0x00033030   0x00033030   0x00000009   Data   RO         6308    .conststrlit        nrf_pwr_mgmt.o
    0x00033039   0x00033039   0x00000003   PAD
    0x0003303c   0x0003303c   0x00000021   Data   RO         6707    .conststrlit        nrf_log_default_backends.o
    0x0003305d   0x0003305d   0x00000003   PAD
    0x00033060   0x00033060   0x00000004   Data   RO         6778    .conststrlit        nrf_log_frontend.o
    0x00033064   0x00033064   0x00000008   Data   RO         7358    .conststrlit        nrf_sdh.o
    0x0003306c   0x0003306c   0x0000000c   Data   RO         7468    .conststrlit        nrf_sdh_ble.o
    0x00033078   0x00033078   0x0000000c   Data   RO         7518    .conststrlit        nrf_sdh_soc.o
    0x00033084   0x00033084   0x00000020   Data   RO         7669    Region$$Table       anon$$obj.o
    0x000330a4   0x000330a4   0x00000020   Data   RO         6710    log_backends        nrf_log_default_backends.o
    0x000330c4   0x000330c4   0x00000008   Data   RO         1448    log_const_data      gatt_cache_manager.o
    0x000330cc   0x000330cc   0x00000008   Data   RO         1599    log_const_data      gatts_cache_manager.o
    0x000330d4   0x000330d4   0x00000008   Data   RO         1696    log_const_data      id_manager.o
    0x000330dc   0x000330dc   0x00000008   Data   RO         1848    log_const_data      nrf_ble_gatt.o
    0x000330e4   0x000330e4   0x00000008   Data   RO         2000    log_const_data      peer_data_storage.o
    0x000330ec   0x000330ec   0x00000008   Data   RO         2137    log_const_data      peer_database.o
    0x000330f4   0x000330f4   0x00000008   Data   RO         2374    log_const_data      peer_manager.o
    0x000330fc   0x000330fc   0x00000008   Data   RO         2636    log_const_data      peer_manager_handler.o
    0x00033104   0x00033104   0x00000008   Data   RO         2786    log_const_data      security_dispatcher.o
    0x0003310c   0x0003310c   0x00000008   Data   RO         2926    log_const_data      security_manager.o
    0x00033114   0x00033114   0x00000008   Data   RO         3062    log_const_data      ble_bas.o
    0x0003311c   0x0003311c   0x00000008   Data   RO         3236    log_const_data      nrf_drv_clock.o
    0x00033124   0x00033124   0x00000008   Data   RO         3430    log_const_data      nrfx_clock.o
    0x0003312c   0x0003312c   0x00000008   Data   RO         3591    log_const_data      nrfx_gpiote.o
    0x00033134   0x00033134   0x00000008   Data   RO         3855    log_const_data      nrfx_prs.o
    0x0003313c   0x0003313c   0x00000008   Data   RO         3934    log_const_data      nrfx_uart.o
    0x00033144   0x00033144   0x00000008   Data   RO         4120    log_const_data      nrfx_uarte.o
    0x0003314c   0x0003314c   0x00000008   Data   RO         4277    log_const_data      nrfx_saadc.o
    0x00033154   0x00033154   0x00000008   Data   RO         4421    log_const_data      nrfx_timer.o
    0x0003315c   0x0003315c   0x00000008   Data   RO         4550    log_const_data      nrfx_wdt.o
    0x00033164   0x00033164   0x00000008   Data   RO         4644    log_const_data      nrfx_ppi.o
    0x0003316c   0x0003316c   0x00000008   Data   RO         6036    log_const_data      nrf_fstorage.o
    0x00033174   0x00033174   0x00000008   Data   RO         6310    log_const_data      nrf_pwr_mgmt.o
    0x0003317c   0x0003317c   0x00000008   Data   RO         6781    log_const_data      nrf_log_frontend.o
    0x00033184   0x00033184   0x00000008   Data   RO         7360    log_const_data      nrf_sdh.o
    0x0003318c   0x0003318c   0x00000008   Data   RO         7470    log_const_data      nrf_sdh_ble.o
    0x00033194   0x00033194   0x00000008   Data   RO         7519    log_const_data      nrf_sdh_soc.o
    0x0003319c   0x0003319c   0x00000014   Data   RO         6782    nrf_balloc          nrf_log_frontend.o
    0x000331b0   0x000331b0   0x00000008   Data   RO         1224    sdh_ble_observers0  ble_conn_state.o
    0x000331b8   0x000331b8   0x00000010   Data   RO           26    sdh_ble_observers1  main.o
    0x000331c8   0x000331c8   0x00000008   Data   RO          810    sdh_ble_observers1  bsp_btn_ble.o
    0x000331d0   0x000331d0   0x00000008   Data   RO         1140    sdh_ble_observers1  ble_conn_params.o
    0x000331d8   0x000331d8   0x00000008   Data   RO         2375    sdh_ble_observers1  peer_manager.o
    0x000331e0   0x000331e0   0x00000018   Data   RO           27    sdh_ble_observers2  main.o
    0x000331f8   0x000331f8   0x00000008   Data   RO           28    sdh_ble_observers3  main.o
    0x00033200   0x00033200   0x00000008   Data   RO         6130    sdh_req_observers0  nrf_fstorage_sd.o
    0x00033208   0x00033208   0x00000008   Data   RO         3237    sdh_soc_observers0  nrf_drv_clock.o
    0x00033210   0x00033210   0x00000008   Data   RO         6131    sdh_soc_observers0  nrf_fstorage_sd.o
    0x00033218   0x00033218   0x00000008   Data   RO           29    sdh_soc_observers1  main.o
    0x00033220   0x00033220   0x00000008   Data   RO         7471    sdh_stack_observers0  nrf_sdh_ble.o
    0x00033228   0x00033228   0x00000008   Data   RO         7520    sdh_stack_observers0  nrf_sdh_soc.o
    0x00033230   0x00033230   0x00000008   Data   RO         3238    sdh_state_observers0  nrf_drv_clock.o
    0x00033238   0x00033238   0x00000008   Data   RO         6132    sdh_state_observers0  nrf_fstorage_sd.o


    Execution Region RW_IRAM1 (Exec base: 0x20002218, Load base: 0x00033240, Size: 0x00003618, Max: 0x0000dde8, ABSOLUTE, COMPRESSED[0x000000a0])

    Exec Addr    Load Addr    Size         Type   Attr      Idx    E Section Name        Object

    0x20002218   COMPRESSED   0x00000028   Data   RW           25    .data               main.o
    0x20002240   COMPRESSED   0x00000008   Data   RW          455    .data               sadc.o
    0x20002248   COMPRESSED   0x00000010   Data   RW          708    .data               bsp.o
    0x20002258   COMPRESSED   0x00000008   Data   RW          809    .data               bsp_btn_ble.o
    0x20002260   COMPRESSED   0x00000008   Data   RW         1139    .data               ble_conn_params.o
    0x20002268   COMPRESSED   0x00000010   Data   RW         1447    .data               gatt_cache_manager.o
    0x20002278   COMPRESSED   0x00000006   Data   RW         1598    .data               gatts_cache_manager.o
    0x2000227e   COMPRESSED   0x00000002   PAD
    0x20002280   COMPRESSED   0x0000000c   Data   RW         1999    .data               peer_data_storage.o
    0x2000228c   COMPRESSED   0x00000008   Data   RW         2136    .data               peer_database.o
    0x20002294   COMPRESSED   0x00000010   Data   RW         2373    .data               peer_manager.o
    0x200022a4   COMPRESSED   0x00000060   Data   RW         2634    .data               peer_manager_handler.o
    0x20002304   COMPRESSED   0x00000005   Data   RW         2785    .data               security_dispatcher.o
    0x20002309   COMPRESSED   0x00000003   PAD
    0x2000230c   COMPRESSED   0x00000015   Data   RW         2925    .data               security_manager.o
    0x20002321   COMPRESSED   0x00000001   PAD
    0x20002322   COMPRESSED   0x0000004a   Data   RW         3119    .data               ble_dis.o
    0x2000236c   COMPRESSED   0x0000000c   Data   RW         3362    .data               nrf_drv_uart.o
    0x20002378   COMPRESSED   0x00000008   Data   RW         3429    .data               nrfx_clock.o
    0x20002380   COMPRESSED   0x00000008   Data   RW         3854    .data               nrfx_prs.o
    0x20002388   COMPRESSED   0x0000000c   Data   RW         4549    .data               nrfx_wdt.o
    0x20002394   COMPRESSED   0x00000008   Data   RW         4643    .data               nrfx_ppi.o
    0x2000239c   COMPRESSED   0x00000001   Data   RW         4766    .data               nrf_drv_ppi.o
    0x2000239d   COMPRESSED   0x00000003   PAD
    0x200023a0   COMPRESSED   0x00000020   Data   RW         4810    .data               app_button.o
    0x200023c0   COMPRESSED   0x00000014   Data   RW         5036    .data               app_timer.o
    0x200023d4   COMPRESSED   0x00000030   Data   RW         5325    .data               fds.o
    0x20002404   COMPRESSED   0x00000008   Data   RW         6129    .data               nrf_fstorage_sd.o
    0x2000240c   COMPRESSED   0x00000008   Data   RW         6309    .data               nrf_pwr_mgmt.o
    0x20002414   COMPRESSED   0x00000001   Data   RW         6538    .data               nrf_log_backend_rtt.o
    0x20002415   COMPRESSED   0x00000003   PAD
    0x20002418   COMPRESSED   0x00000018   Data   RW         6643    .data               nrf_log_backend_uart.o
    0x20002430   COMPRESSED   0x00000008   Data   RW         6708    .data               nrf_log_default_backends.o
    0x20002438   COMPRESSED   0x00000008   Data   RW         6709    .data               nrf_log_default_backends.o
    0x20002440   COMPRESSED   0x00000008   Data   RW         6779    .data               nrf_log_frontend.o
    0x20002448   COMPRESSED   0x00000008   Data   RW         6780    .data               nrf_log_frontend.o
    0x20002450   COMPRESSED   0x00000040   Data   RW         6939    .data               nrf_log_str_formatter.o
    0x20002490   COMPRESSED   0x00000003   Data   RW         7359    .data               nrf_sdh.o
    0x20002493   COMPRESSED   0x00000001   Data   RW         7469    .data               nrf_sdh_ble.o
    0x20002494   COMPRESSED   0x00000004   Data   RW         7560    .data               system_nrf52.o
    0x20002498   COMPRESSED   0x00000014   Data   RW         5326    fs_data             fds.o
    0x200024ac        -       0x00000020   Zero   RW           22    .bss                main.o
    0x200024cc        -       0x000002c8   Zero   RW           23    .bss                main.o
    0x20002794        -       0x00000014   Zero   RW          452    .bss                sadc.o
    0x200027a8        -       0x00000020   Zero   RW          703    .bss                bsp.o
    0x200027c8        -       0x00000020   Zero   RW          704    .bss                bsp.o
    0x200027e8        -       0x0000000c   Zero   RW          705    .bss                bsp.o
    0x200027f4        -       0x00000020   Zero   RW          706    .bss                bsp.o
    0x20002814        -       0x00000050   Zero   RW         1138    .bss                ble_conn_params.o
    0x20002864        -       0x00000078   Zero   RW         1223    .bss                ble_conn_state.o
    0x200028dc        -       0x000000d8   Zero   RW         1691    .bss                id_manager.o
    0x200029b4        -       0x00000180   Zero   RW         2132    .bss                peer_database.o
    0x20002b34        -       0x00000040   Zero   RW         2248    .bss                peer_id.o
    0x20002b74        -       0x0000000c   Zero   RW         2369    .bss                peer_manager.o
    0x20002b80        -       0x00000040   Zero   RW         2781    .bss                security_dispatcher.o
    0x20002bc0        -       0x00000014   Zero   RW         3230    .bss                nrf_drv_clock.o
    0x20002bd4        -       0x0000005c   Zero   RW         3585    .bss                nrfx_gpiote.o
    0x20002c30        -       0x0000002c   Zero   RW         3928    .bss                nrfx_uart.o
    0x20002c5c        -       0x00000024   Zero   RW         4114    .bss                nrfx_uarte.o
    0x20002c80        -       0x00000030   Zero   RW         4267    .bss                nrfx_saadc.o
    0x20002cb0        -       0x00000018   Zero   RW         4418    .bss                nrfx_timer.o
    0x20002cc8        -       0x00000020   Zero   RW         4808    .bss                app_button.o
    0x20002ce8        -       0x0000010c   Zero   RW         5034    .bss                app_timer.o
    0x20002df4        -       0x0000000c   Zero   RW         5181    .bss                app_util_platform.o
    0x20002e00        -       0x00000010   Zero   RW         5322    .bss                fds.o
    0x20002e10        -       0x000000e0   Zero   RW         5323    .bss                fds.o
    0x20002ef0        -       0x00000010   Zero   RW         6125    .bss                nrf_fstorage_sd.o
    0x20002f00        -       0x000000a0   Zero   RW         6126    .bss                nrf_fstorage_sd.o
    0x20002fa0        -       0x0000000c   Zero   RW         6305    .bss                nrf_pwr_mgmt.o
    0x20002fac        -       0x00000040   Zero   RW         6535    .bss                nrf_log_backend_rtt.o
    0x20002fec        -       0x00000040   Zero   RW         6640    .bss                nrf_log_backend_uart.o
    0x2000302c        -       0x000000c0   Zero   RW         6773    .bss                nrf_log_frontend.o
    0x200030ec        -       0x00000080   Zero   RW         6774    .bss                nrf_log_frontend.o
    0x2000316c        -       0x00000018   Zero   RW         6775    .bss                nrf_log_frontend.o
    0x20003184        -       0x00000424   Zero   RW         6776    .bss                nrf_log_frontend.o
    0x200035a8        -       0x00000288   Zero   RW         7015    .bss                segger_rtt.o
    0x20003830        -       0x00002000   Zero   RW         7547    STACK               arm_startup_nrf52.o


==============================================================================

Image component sizes


      Code (inc. data)   RO Data    RW Data    ZI Data      Debug   Object Name

       440         36          8         32         32      12926   app_button.o
        22          0          0          0          0       2425   app_error.o
       132         46          0          0          0      30545   app_error_weak.o
         0          0          0          0          0      36670   app_scheduler.o
      1506        118          6         20        268      47535   app_timer.o
       124         14          0          0         12       9518   app_util_platform.o
        36          8        512          0       8192        912   arm_startup_nrf52.o
      1324          0          0          0          0      52640   ble_advdata.o
      1094          6          0          0          0      10848   ble_advertising.o
       502          0         16          0          0       6387   ble_bas.o
       636         44          8          8         80       9115   ble_conn_params.o
       730         60          8          0        120      14581   ble_conn_state.o
       530         12          0         74          0       5495   ble_dis.o
       576          0          0          0          0      46233   ble_hts.o
       664          6          0          0          0       6484   ble_srv_common.o
       318         40          5          0          0      47487   boards.o
       970         82         44         16        108      15119   bsp.o
       252         10          8          8          0       4716   bsp_btn_ble.o
      3418        314         24         68        240      49203   fds.o
      1848        544        561         16          0      24295   gatt_cache_manager.o
       578         70        374          6          0       8891   gatts_cache_manager.o
       946         34         32          0        216      14816   id_manager.o
      1792        308         60         40        744     206390   main.o
       342          0          0          0          0       6590   nrf_atfifo.o
       170          0          0          0          0       4664   nrf_atflags.o
       332          0          0          0          0       9946   nrf_atomic.o
       164          0          0          0          0       3576   nrf_balloc.o
       922        272        205          0          0      36243   nrf_ble_gatt.o
       276          0          0          0          0       4633   nrf_ble_qwr.o
       276         34         30          0         20      37544   nrf_drv_clock.o
        24          6          0          1          0        935   nrf_drv_ppi.o
       200         26          0         12          0      17712   nrf_drv_uart.o
        50          0          0          0          0       3473   nrf_fprintf.o
       850          4         16          0          0       5410   nrf_fprintf_format.o
       972        432        194          0          0       7896   nrf_fstorage.o
       798         82         72          8        176      15751   nrf_fstorage_sd.o
       112         18         18          1         64       5997   nrf_log_backend_rtt.o
       200          0          0          0          0      10797   nrf_log_backend_serial.o
       232         44         44         24         64      15750   nrf_log_backend_uart.o
        52          6         65         16          0       3405   nrf_log_default_backends.o
      1512        114         44         16       1404      31004   nrf_log_frontend.o
       566        108        102         64          0       5536   nrf_log_str_formatter.o
       346          0          0          0          0       9439   nrf_memobj.o
       108         16         53          8         12      35422   nrf_pwr_mgmt.o
        28          0          0          0          0       2327   nrf_ringbuf.o
       552         60        104          3          0      41516   nrf_sdh.o
       672        232        468          1          0       5777   nrf_sdh_ble.o
        60          4         56          0          0       2424   nrf_sdh_soc.o
        78          0          0          0          0       2724   nrf_section_iter.o
        76         10       1319          0          0       2683   nrf_strerror.o
       226         30         14          8          0      41154   nrfx_clock.o
      1226         92         19          0         92      58259   nrfx_gpiote.o
       286         22         12          8          0      11469   nrfx_ppi.o
       112         16         12          8          0       4408   nrfx_prs.o
       908         74         14          0         48      18395   nrfx_saadc.o
       442         28         14          0         24      15436   nrfx_timer.o
      1292         40         17          0         44      30889   nrfx_uart.o
      1134         44         18          0         36      24035   nrfx_uarte.o
        48         14         12         12          0       3965   nrfx_wdt.o
      1152        144        285         12          0      15798   peer_data_storage.o
      1442        260        425          8        384      19166   peer_database.o
       314         38          0          0         64       8959   peer_id.o
      1774        456        217         16         12      19165   peer_manager.o
      1720        822        767         96          0      13168   peer_manager_handler.o
       234          0          0          0          0       5355   pm_buffer.o
       490        124         29          8         20      30695   sadc.o
      1912        260        743          5         64      26451   security_dispatcher.o
      1108        114        407         21          0      49266   security_manager.o
       378         34          0          0        648       8853   segger_rtt.o
       104          0          0          0          0       3355   sensorsim.o
       852         76          0          4          0       3375   system_nrf52.o

    ----------------------------------------------------------------------
     45650       5908       7564        660      13188    1404021   Object Totals
         0          0         32          0          0          0   (incl. Generated)
        88          0         71         12          0          0   (incl. Padding)

    ----------------------------------------------------------------------

      Code (inc. data)   RO Data    RW Data    ZI Data      Debug   Library Member Name

        86          0          0          0          0          0   __dczerorl2.o
         8          4        133          0          0         68   ctype_o.o
         0          0          0          0          0          0   entry.o
         0          0          0          0          0          0   entry10a.o
         0          0          0          0          0          0   entry11a.o
         8          4          0          0          0          0   entry2.o
         4          0          0          0          0          0   entry5.o
         0          0          0          0          0          0   entry7b.o
         0          0          0          0          0          0   entry8b.o
         8          4          0          0          0          0   entry9a.o
        30          0          0          0          0          0   handlers.o
        36          8          0          0          0         68   init.o
        30          0          0          0          0         68   llshl.o
        32          0          0          0          0         68   llushr.o
        26          0          0          0          0         80   memcmp.o
        36          0          0          0          0         68   memcpya.o
        36          0          0          0          0        108   memseta.o
        18          0          0          0          0         68   strcpy.o
        14          0          0          0          0         68   strlen.o
        98          0          0          0          0         92   uldiv.o

    ----------------------------------------------------------------------
       474         20        136          0          0        756   Library Totals
         4          0          3          0          0          0   (incl. Padding)

    ----------------------------------------------------------------------

      Code (inc. data)   RO Data    RW Data    ZI Data      Debug   Library Name

       470         20        133          0          0        756   mc_w.l

    ----------------------------------------------------------------------
       474         20        136          0          0        756   Library Totals

    ----------------------------------------------------------------------

==============================================================================


      Code (inc. data)   RO Data    RW Data    ZI Data      Debug   

     46124       5928       7700        660      13188    1348001   Grand Totals
     46124       5928       7700        160      13188    1348001   ELF Image Totals (compressed)
     46124       5928       7700        160          0          0   ROM Totals

==============================================================================

    Total RO  Size (Code + RO Data)                53824 (  52.56kB)
    Total RW  Size (RW Data + ZI Data)             13848 (  13.52kB)
    Total ROM Size (Code + RO Data + RW Data)      53984 (  52.72kB)

==============================================================================

