<html>
<body>
<pre>
<h1>µVision Build Log</h1>
<h2>Tool Versions:</h2>
IDE-Version: ¦ÌVision V5.24.2.0
Copyright (C) 2017 ARM Ltd and ARM Germany GmbH. All rights reserved.
License Information: t worke, t, LIC=50DUH-WNBV6-ZCFJY-IBJ13-TK5D8-KSBFK
 
Tool Versions:
Toolchain:       MDK-ARM Professional  Version: 5.24.1
Toolchain Path:  C:\Keil_v5\ARM\ARMCC\Bin
C Compiler:      Armcc.exe V5.06 update 5 (build 528)
Assembler:       Armasm.exe V5.06 update 5 (build 528)
Linker/Locator:  ArmLink.exe V5.06 update 5 (build 528)
Library Manager: ArmAr.exe V5.06 update 5 (build 528)
Hex Converter:   FromElf.exe V5.06 update 5 (build 528)
CPU DLL:         
Dialog DLL:      
Target DLL:      Segger\JL2CM3.dll V2.99.13.0
Dialog DLL:      TCM.DLL V1.32.0.0
 
<h2>Project:</h2>
D:\prj\nrf\nRF5_SDK_15.2.0_9412b96\examples\ble_peripheral\ble_app_hts\pca10040\s132\arm4\ble_app_hts_pca10040_s132.uvproj
Project File Date:  05/04/2019

<h2>Output:</h2>
*** Using Compiler 'V5.06 update 5 (build 528)', folder: 'C:\Keil_v5\ARM\ARMCC\Bin'
Build target 'nrf52832_xxaa'
assembling arm_startup_nrf52.s...
compiling utf.c...
compiling system_nrf52.c...
compiling auth_status_tracker.c...
compiling boards.c...
compiling bsp.c...
compiling ble_advdata.c...
compiling bsp_btn_ble.c...
compiling main.c...
compiling ble_advertising.c...
compiling ble_srv_common.c...
compiling ble_conn_params.c...
compiling ble_conn_state.c...
compiling gatts_cache_manager.c...
compiling gatt_cache_manager.c...
compiling id_manager.c...
compiling nrf_ble_gatt.c...
compiling nrf_ble_qwr.c...
compiling peer_id.c...
compiling peer_database.c...
compiling peer_data_storage.c...
compiling peer_manager_handler.c...
compiling peer_manager.c...
compiling pm_buffer.c...
compiling ble_dis.c...
compiling ble_bas.c...
compiling security_manager.c...
compiling security_dispatcher.c...
compiling ble_hts.c...
compiling nrf_drv_uart.c...
compiling nrf_drv_clock.c...
compiling nrfx_power_clock.c...
compiling nrfx_prs.c...
compiling nrfx_clock.c...
compiling nrfx_gpiote.c...
compiling nrfx_uart.c...
compiling nrfx_uarte.c...
compiling app_button.c...
compiling app_error.c...
compiling app_error_handler_keil.c...
compiling app_scheduler.c...
compiling app_error_weak.c...
compiling app_util_platform.c...
compiling crc16.c...
compiling app_timer.c...
compiling nrf_assert.c...
compiling fds.c...
compiling hardfault_implementation.c...
compiling nrf_atflags.c...
compiling nrf_atfifo.c...
compiling nrf_atomic.c...
compiling nrf_balloc.c...
compiling nrf_fprintf.c...
compiling nrf_fprintf_format.c...
compiling nrf_fstorage.c...
compiling nrf_fstorage_sd.c...
compiling nrf_memobj.c...
compiling sensorsim.c...
compiling nrf_pwr_mgmt.c...
compiling nrf_ringbuf.c...
compiling nrf_section_iter.c...
compiling nrf_strerror.c...
compiling nrf_log_backend_rtt.c...
compiling nrf_log_default_backends.c...
compiling nrf_log_backend_serial.c...
compiling nrf_log_frontend.c...
compiling nrf_log_backend_uart.c...
compiling nrf_log_str_formatter.c...
compiling SEGGER_RTT.c...
compiling SEGGER_RTT_Syscalls_KEIL.c...
compiling SEGGER_RTT_printf.c...
compiling nrf_sdh.c...
compiling nrf_sdh_soc.c...
compiling nrf_sdh_ble.c...
linking...
Program Size: Code=43400 RO-data=7560 RW-data=620 ZI-data=12388  
FromELF: creating hex file...
".\_build\nrf52832_xxaa.axf" - 0 Error(s), 0 Warning(s).
Build Time Elapsed:  00:00:39
</pre>
</body>
</html>
