Component: ARM Compiler 5.06 update 5 (build 528) Tool: armlink [4d35e2]

==============================================================================

Section Cross References

    arm_startup_nrf52.o(RESET) refers to arm_startup_nrf52.o(STACK) for __initial_sp
    arm_startup_nrf52.o(RESET) refers to arm_startup_nrf52.o(.text) for Reset_Handler
    arm_startup_nrf52.o(RESET) refers to nrfx_clock.o(i.POWER_CLOCK_IRQHandler) for POWER_CLOCK_IRQHandler
    arm_startup_nrf52.o(RESET) refers to nrfx_prs.o(i.UARTE0_UART0_IRQHandler) for UARTE0_UART0_IRQHandler
    arm_startup_nrf52.o(RESET) refers to nrfx_gpiote.o(i.GPIOTE_IRQHandler) for GPIOTE_IRQHandler
    arm_startup_nrf52.o(RESET) refers to app_timer.o(i.RTC1_IRQHandler) for RTC1_IRQHandler
    arm_startup_nrf52.o(RESET) refers to app_timer.o(i.SWI0_EGU0_IRQHandler) for SWI0_EGU0_IRQHandler
    arm_startup_nrf52.o(RESET) refers to nrf_sdh.o(i.SWI2_EGU2_IRQHandler) for SWI2_EGU2_IRQHandler
    arm_startup_nrf52.o(.text) refers to system_nrf52.o(i.SystemInit) for SystemInit
    arm_startup_nrf52.o(.text) refers to entry.o(.ARM.Collect$$$$00000000) for __main
    system_nrf52.o(i.SystemCoreClockUpdate) refers to system_nrf52.o(.data) for .data
    system_nrf52.o(i.SystemInit) refers to system_nrf52.o(.data) for .data
    main.o(i.advertising_start) refers to nrf_log_frontend.o(i.nrf_log_frontend_std_0) for nrf_log_frontend_std_0
    main.o(i.advertising_start) refers to peer_manager.o(i.pm_peers_delete) for pm_peers_delete
    main.o(i.advertising_start) refers to ble_advertising.o(i.ble_advertising_start) for ble_advertising_start
    main.o(i.advertising_start) refers to app_error.o(i.app_error_handler_bare) for app_error_handler_bare
    main.o(i.advertising_start) refers to nrf_log_frontend.o(log_const_data) for m_nrf_log_app_logs_data_const
    main.o(i.advertising_start) refers to main.o(.bss) for .bss
    main.o(i.assert_nrf_callback) refers to app_error_handler_keil.o(.emb_text) for app_error_handler
    main.o(i.battery_level_meas_timeout_handler) refers to sensorsim.o(i.sensorsim_measure) for sensorsim_measure
    main.o(i.battery_level_meas_timeout_handler) refers to ble_bas.o(i.ble_bas_battery_level_update) for ble_bas_battery_level_update
    main.o(i.battery_level_meas_timeout_handler) refers to app_error.o(i.app_error_handler_bare) for app_error_handler_bare
    main.o(i.battery_level_meas_timeout_handler) refers to main.o(.bss) for .bss
    main.o(i.battery_level_meas_timeout_handler) refers to main.o(.data) for .data
    main.o(i.ble_evt_handler) refers to nrf_log_frontend.o(i.nrf_log_frontend_std_0) for nrf_log_frontend_std_0
    main.o(i.ble_evt_handler) refers to bsp.o(i.bsp_indication_set) for bsp_indication_set
    main.o(i.ble_evt_handler) refers to app_error.o(i.app_error_handler_bare) for app_error_handler_bare
    main.o(i.ble_evt_handler) refers to nrf_ble_qwr.o(i.nrf_ble_qwr_conn_handle_assign) for nrf_ble_qwr_conn_handle_assign
    main.o(i.ble_evt_handler) refers to nrf_log_frontend.o(log_const_data) for m_nrf_log_app_logs_data_const
    main.o(i.ble_evt_handler) refers to main.o(.data) for .data
    main.o(i.ble_evt_handler) refers to main.o(.bss) for .bss
    main.o(i.bsp_event_handler) refers to main.o(i.temperature_measurement_send) for temperature_measurement_send
    main.o(i.bsp_event_handler) refers to main.o(i.sleep_mode_enter) for sleep_mode_enter
    main.o(i.bsp_event_handler) refers to app_error.o(i.app_error_handler_bare) for app_error_handler_bare
    main.o(i.bsp_event_handler) refers to ble_advertising.o(i.ble_advertising_restart_without_whitelist) for ble_advertising_restart_without_whitelist
    main.o(i.bsp_event_handler) refers to main.o(.data) for .data
    main.o(i.bsp_event_handler) refers to main.o(.bss) for .bss
    main.o(i.conn_params_error_handler) refers to app_error.o(i.app_error_handler_bare) for app_error_handler_bare
    main.o(i.gap_params_init) refers to app_error.o(i.app_error_handler_bare) for app_error_handler_bare
    main.o(i.hts_sim_measurement) refers to sensorsim.o(i.sensorsim_measure) for sensorsim_measure
    main.o(i.hts_sim_measurement) refers to main.o(.bss) for .bss
    main.o(i.hts_sim_measurement) refers to main.o(.data) for .data
    main.o(i.main) refers to nrf_log_frontend.o(i.nrf_log_init) for nrf_log_init
    main.o(i.main) refers to app_error.o(i.app_error_handler_bare) for app_error_handler_bare
    main.o(i.main) refers to nrf_log_default_backends.o(i.nrf_log_default_backends_init) for nrf_log_default_backends_init
    main.o(i.main) refers to app_timer.o(i.app_timer_init) for app_timer_init
    main.o(i.main) refers to app_timer.o(i.app_timer_create) for app_timer_create
    main.o(i.main) refers to bsp.o(i.bsp_init) for bsp_init
    main.o(i.main) refers to bsp_btn_ble.o(i.bsp_btn_ble_init) for bsp_btn_ble_init
    main.o(i.main) refers to nrf_pwr_mgmt.o(i.nrf_pwr_mgmt_init) for nrf_pwr_mgmt_init
[...]
    m_nrf_log_pwr_mgmt_logs_data_const       0x00032644   Data           8  nrf_pwr_mgmt.o(log_const_data)
    m_nrf_log_app_logs_data_const            0x0003264c   Data           8  nrf_log_frontend.o(log_const_data)
    m_nrf_log_nrf_sdh_logs_data_const        0x00032654   Data           8  nrf_sdh.o(log_const_data)
    m_nrf_log_nrf_sdh_ble_logs_data_const    0x0003265c   Data           8  nrf_sdh_ble.o(log_const_data)
    m_nrf_log_nrf_sdh_soc_logs_data_const    0x00032664   Data           8  nrf_sdh_soc.o(log_const_data)
    log_const_data$$Limit                    0x0003266c   Number         0  nrf_sdh_soc.o(log_const_data)
    log_mempool                              0x0003266c   Data          20  nrf_log_frontend.o(nrf_balloc)
    sdh_ble_observers0$$Base                 0x00032680   Number         0  ble_conn_state.o(sdh_ble_observers0)
    sdh_ble_observers0$$Limit                0x00032688   Number         0  ble_conn_state.o(sdh_ble_observers0)
    sdh_ble_observers1$$Base                 0x00032688   Number         0  main.o(sdh_ble_observers1)
    sdh_ble_observers1$$Limit                0x000326b0   Number         0  peer_manager.o(sdh_ble_observers1)
    sdh_ble_observers2$$Base                 0x000326b0   Number         0  main.o(sdh_ble_observers2)
    sdh_ble_observers2$$Limit                0x000326c8   Number         0  main.o(sdh_ble_observers2)
    sdh_ble_observers3$$Base                 0x000326c8   Number         0  main.o(sdh_ble_observers3)
    m_req_obs                                0x000326d0   Data           8  nrf_fstorage_sd.o(sdh_req_observers0)
    sdh_ble_observers3$$Limit                0x000326d0   Number         0  main.o(sdh_ble_observers3)
    sdh_req_observers0$$Base                 0x000326d0   Number         0  nrf_fstorage_sd.o(sdh_req_observers0)
    sdh_req_observers0$$Limit                0x000326d8   Number         0  nrf_fstorage_sd.o(sdh_req_observers0)
    sdh_soc_observers0$$Base                 0x000326d8   Number         0  nrf_drv_clock.o(sdh_soc_observers0)
    sdh_soc_observers0$$Limit                0x000326e8   Number         0  nrf_fstorage_sd.o(sdh_soc_observers0)
    sdh_soc_observers1$$Base                 0x000326e8   Number         0  main.o(sdh_soc_observers1)
    sdh_soc_observers1$$Limit                0x000326f0   Number         0  main.o(sdh_soc_observers1)
    sdh_stack_observers0$$Base               0x000326f0   Number         0  nrf_sdh_ble.o(sdh_stack_observers0)
    sdh_stack_observers0$$Limit              0x00032700   Number         0  nrf_sdh_soc.o(sdh_stack_observers0)
    sdh_state_observers0$$Base               0x00032700   Number         0  nrf_drv_clock.o(sdh_state_observers0)
    sdh_state_observers0$$Limit              0x00032710   Number         0  nrf_fstorage_sd.o(sdh_state_observers0)
    Image$$RW_IRAM1$$Base                    0x20002218   Number         0  anon$$obj.o ABSOLUTE
    SystemCoreClock                          0x20002218   Data           4  system_nrf52.o(.data)
    nrf_drv_uart_use_easy_dma                0x20002368   Data           1  nrf_drv_uart.o(.data)
    m_uart                                   0x20002400   Data          20  nrf_log_backend_uart.o(.data)
    fs_data$$Base                            0x20002470   Number         0  fds.o(fs_data)
    m_fs                                     0x20002470   Data          20  fds.o(fs_data)
    fs_data$$Limit                           0x20002484   Number         0  fds.o(fs_data)
    nrf_nvic_state                           0x20002d70   Data          12  app_util_platform.o(.bss)
    __initial_sp                             0x200054e8   Data           0  arm_startup_nrf52.o(STACK)



==============================================================================

Memory Map of the image

  Image Entry point : 0x00026201

  Load Region LR_IROM1 (Base: 0x00026000, Size: 0x0000c97c, Max: 0x0005a000, ABSOLUTE, COMPRESSED[0x0000c7ac])

    Execution Region ER_IROM1 (Exec base: 0x00026000, Load base: 0x00026000, Size: 0x0000c710, Max: 0x0005a000, ABSOLUTE)

    Exec Addr    Load Addr    Size         Type   Attr      Idx    E Section Name        Object

    0x00026000   0x00026000   0x00000200   Data   RO            3    RESET               arm_startup_nrf52.o
    0x00026200   0x00026200   0x00000000   Code   RO         6618  * .ARM.Collect$$$$00000000  mc_w.l(entry.o)
    0x00026200   0x00026200   0x00000004   Code   RO         6672    .ARM.Collect$$$$00000001  mc_w.l(entry2.o)
    0x00026204   0x00026204   0x00000004   Code   RO         6675    .ARM.Collect$$$$00000004  mc_w.l(entry5.o)
    0x00026208   0x00026208   0x00000000   Code   RO         6677    .ARM.Collect$$$$00000008  mc_w.l(entry7b.o)
    0x00026208   0x00026208   0x00000000   Code   RO         6679    .ARM.Collect$$$$0000000A  mc_w.l(entry8b.o)
    0x00026208   0x00026208   0x00000008   Code   RO         6680    .ARM.Collect$$$$0000000B  mc_w.l(entry9a.o)
    0x00026210   0x00026210   0x00000000   Code   RO         6682    .ARM.Collect$$$$0000000D  mc_w.l(entry10a.o)
    0x00026210   0x00026210   0x00000000   Code   RO         6684    .ARM.Collect$$$$0000000F  mc_w.l(entry11a.o)
    0x00026210   0x00026210   0x00000004   Code   RO         6673    .ARM.Collect$$$$00002712  mc_w.l(entry2.o)
    0x00026214   0x00026214   0x000000c8   Code   RO         4842    .emb_text           nrf_atfifo.o
    0x000262dc   0x000262dc   0x000000e2   Code   RO         4970    .emb_text           nrf_atomic.o
    0x000263be   0x000263be   0x00000002   PAD
    0x000263c0   0x000263c0   0x00000024   Code   RO            4    .text               arm_startup_nrf52.o
    0x000263e4   0x000263e4   0x00000062   Code   RO         6626    .text               mc_w.l(uldiv.o)
    0x00026446   0x00026446   0x0000001e   Code   RO         6628    .text               mc_w.l(llshl.o)
    0x00026464   0x00026464   0x00000008   Code   RO         6630    .text               mc_w.l(ctype_o.o)
    0x0002646c   0x0002646c   0x00000024   Code   RO         6658    .text               mc_w.l(memcpya.o)
    0x00026490   0x00026490   0x00000024   Code   RO         6660    .text               mc_w.l(memseta.o)
    0x000264b4   0x000264b4   0x0000000e   Code   RO         6662    .text               mc_w.l(strlen.o)
    0x000264c2   0x000264c2   0x0000001a   Code   RO         6666    .text               mc_w.l(memcmp.o)
    0x000264dc   0x000264dc   0x00000020   Code   RO         6687    .text               mc_w.l(llushr.o)
    0x000264fc   0x000264fc   0x00000024   Code   RO         6690    .text               mc_w.l(init.o)
    0x00026520   0x00026520   0x00000056   Code   RO         6700    .text               mc_w.l(__dczerorl2.o)
    0x00026576   0x00026576   0x00000002   PAD
    0x00026578   0x00026578   0x00000164   Code   RO         3356    i.GPIOTE_IRQHandler  nrfx_gpiote.o
    0x000266dc   0x000266dc   0x00000016   Code   RO         4233    i.NVIC_ClearPendingIRQ  app_timer.o
    0x000266f2   0x000266f2   0x00000016   Code   RO         4234    i.NVIC_EnableIRQ    app_timer.o
    0x00026708   0x00026708   0x00000016   Code   RO         4235    i.NVIC_SetPendingIRQ  app_timer.o
    0x0002671e   0x0002671e   0x00000020   Code   RO         4236    i.NVIC_SetPriority  app_timer.o
    0x0002673e   0x0002673e   0x00000002   PAD
    0x00026740   0x00026740   0x00000058   Code   RO         3225    i.POWER_CLOCK_IRQHandler  nrfx_clock.o
    0x00026798   0x00026798   0x00000024   Code   RO         4237    i.RTC1_IRQHandler   app_timer.o
    0x000267bc   0x000267bc   0x00000004   Code   RO         4238    i.SWI0_EGU0_IRQHandler  app_timer.o
    0x000267c0   0x000267c0   0x00000004   Code   RO         6422    i.SWI2_EGU2_IRQHandler  nrf_sdh.o
    0x000267c4   0x000267c4   0x00000318   Code   RO           13    i.SystemInit        system_nrf52.o
    0x00026adc   0x00026adc   0x0000000c   Code   RO         3650    i.UARTE0_UART0_IRQHandler  nrfx_prs.o
    0x00026ae8   0x00026ae8   0x0000000e   Code   RO         6694    i.__scatterload_copy  mc_w.l(handlers.o)
    0x00026af6   0x00026af6   0x00000002   Code   RO         6695    i.__scatterload_null  mc_w.l(handlers.o)
    0x00026af8   0x00026af8   0x0000000e   Code   RO         6696    i.__scatterload_zeroinit  mc_w.l(handlers.o)
    0x00026b06   0x00026b06   0x00000002   PAD
    0x00026b08   0x00026b08   0x00000024   Code   RO         6423    i.__sd_nvic_app_accessible_irq  nrf_sdh.o
    0x00026b2c   0x00026b2c   0x0000013c   Code   RO         2470    i._conn_secure      peer_manager_handler.o
    0x00026c68   0x00026c68   0x00000026   Code   RO         1546    i.addr_compare      id_manager.o
    0x00026c8e   0x00026c8e   0x0000000c   Code   RO         5206    i.addr_is_aligned32  nrf_fstorage.o
    0x00026c9a   0x00026c9a   0x00000018   Code   RO         5207    i.addr_is_within_bounds  nrf_fstorage.o
    0x00026cb2   0x00026cb2   0x00000036   Code   RO          719    i.advertising_buttons_configure  bsp_btn_ble.o
    0x00026ce8   0x00026ce8   0x00000050   Code   RO           82    i.advertising_start  main.o
    0x00026d38   0x00026d38   0x00000052   Code   RO         1547    i.ah                id_manager.o
    0x00026d8a   0x00026d8a   0x00000006   Code   RO          606    i.alert_timer_handler  bsp.o
    0x00026d90   0x00026d90   0x0000000c   Code   RO         2603    i.allow_repairing   security_dispatcher.o
    0x00026d9c   0x00026d9c   0x00000024   Code   RO         4039    i.app_button_enable  app_button.o
    0x00026dc0   0x00026dc0   0x00000078   Code   RO         4040    i.app_button_init   app_button.o
    0x00026e38   0x00026e38   0x00000080   Code   RO         4151    i.app_error_fault_handler  app_error_weak.o
    0x00026eb8   0x00026eb8   0x00000016   Code   RO         4099    i.app_error_handler_bare  app_error.o
    0x00026ece   0x00026ece   0x00000002   PAD
    0x00026ed0   0x00026ed0   0x00000024   Code   RO         4241    i.app_timer_create  app_timer.o
    0x00026ef4   0x00026ef4   0x00000054   Code   RO         4242    i.app_timer_init    app_timer.o
    0x00026f48   0x00026f48   0x00000088   Code   RO         4245    i.app_timer_start   app_timer.o
    0x00026fd0   0x00026fd0   0x00000020   Code   RO         4246    i.app_timer_stop    app_timer.o
    0x00026ff0   0x00026ff0   0x00000048   Code   RO         4402    i.app_util_critical_region_enter  app_util_platform.o
    0x00027038   0x00027038   0x00000034   Code   RO         4403    i.app_util_critical_region_exit  app_util_platform.o
    0x0002706c   0x0002706c   0x00000088   Code   RO         3700    i.apply_config      nrfx_uart.o
    0x000270f4   0x000270f4   0x00000088   Code   RO         3887    i.apply_config      nrfx_uarte.o
    0x0002717c   0x0002717c   0x00000004   Code   RO         1310    i.apply_pending_handle  gatt_cache_manager.o
    0x00027180   0x00027180   0x00000180   Code   RO         2604    i.auth_status_success_process  security_dispatcher.o
    0x00027300   0x00027300   0x0000009c   Code   RO         2889    i.battery_level_char_add  ble_bas.o
    0x0002739c   0x0002739c   0x00000044   Code   RO           84    i.battery_level_meas_timeout_handler  main.o
    0x000273e0   0x000273e0   0x0000000a   Code   RO         2890    i.battery_notification_send  ble_bas.o
    0x000273ea   0x000273ea   0x00000182   Code   RO          836    i.ble_advdata_encode  ble_advdata.o
    0x0002756c   0x0002756c   0x00000020   Code   RO          838    i.ble_advdata_parse  ble_advdata.o
    0x0002758c   0x0002758c   0x00000038   Code   RO          839    i.ble_advdata_search  ble_advdata.o
    0x000275c4   0x000275c4   0x00000006   Code   RO          939    i.ble_advertising_conn_cfg_tag_set  ble_advertising.o
    0x000275ca   0x000275ca   0x00000002   PAD
    0x000275cc   0x000275cc   0x0000011c   Code   RO          940    i.ble_advertising_init  ble_advertising.o
    0x000276e8   0x000276e8   0x0000006a   Code   RO          942    i.ble_advertising_on_ble_evt  ble_advertising.o
    0x00027752   0x00027752   0x00000002   Code   RO          943    i.ble_advertising_on_sys_evt  ble_advertising.o
    0x00027754   0x00027754   0x0000003a   Code   RO          945    i.ble_advertising_restart_without_whitelist  ble_advertising.o
    0x0002778e   0x0002778e   0x0000022c   Code   RO          946    i.ble_advertising_start  ble_advertising.o
    0x000279ba   0x000279ba   0x00000002   PAD
    0x000279bc   0x000279bc   0x000000c0   Code   RO         2891    i.ble_bas_battery_level_update  ble_bas.o
    0x00027a7c   0x00027a7c   0x0000003e   Code   RO         2893    i.ble_bas_init      ble_bas.o
    0x00027aba   0x00027aba   0x00000052   Code   RO         2894    i.ble_bas_on_ble_evt  ble_bas.o
    0x00027b0c   0x00027b0c   0x00000068   Code   RO         1028    i.ble_conn_params_init  ble_conn_params.o
    0x00027b74   0x00027b74   0x0000000c   Code   RO         1098    i.ble_conn_state_conn_handles  ble_conn_state.o
    0x00027b80   0x00027b80   0x00000020   Code   RO         1100    i.ble_conn_state_encrypted  ble_conn_state.o
    0x00027ba0   0x00027ba0   0x0000002c   Code   RO         1102    i.ble_conn_state_for_each_set_user_flag  ble_conn_state.o
    0x00027bcc   0x00027bcc   0x00000020   Code   RO         1104    i.ble_conn_state_mitm_protected  ble_conn_state.o
    0x00027bec   0x00027bec   0x00000024   Code   RO         1107    i.ble_conn_state_role  ble_conn_state.o
    0x00027c10   0x00027c10   0x00000024   Code   RO         1108    i.ble_conn_state_status  ble_conn_state.o
    0x00027c34   0x00027c34   0x00000018   Code   RO         1109    i.ble_conn_state_user_flag_acquire  ble_conn_state.o
    0x00027c4c   0x00027c4c   0x00000030   Code   RO         1110    i.ble_conn_state_user_flag_get  ble_conn_state.o
    0x00027c7c   0x00027c7c   0x00000040   Code   RO         1111    i.ble_conn_state_user_flag_set  ble_conn_state.o
    0x00027cbc   0x00027cbc   0x00000014   Code   RO         1112    i.ble_conn_state_valid  ble_conn_state.o
    0x00027cd0   0x00027cd0   0x00000060   Code   RO          842    i.ble_device_addr_encode  ble_advdata.o
    0x00027d30   0x00027d30   0x0000013c   Code   RO         2945    i.ble_dis_init      ble_dis.o
    0x00027e6c   0x00027e6c   0x000000bc   Code   RO           85    i.ble_evt_handler   main.o
    0x00027f28   0x00027f28   0x00000070   Code   RO          720    i.ble_evt_handler   bsp_btn_ble.o
    0x00027f98   0x00027f98   0x000000fc   Code   RO         1030    i.ble_evt_handler   ble_conn_params.o
    0x00028094   0x00028094   0x00000104   Code   RO         1113    i.ble_evt_handler   ble_conn_state.o
    0x00028198   0x00028198   0x00000028   Code   RO         2180    i.ble_evt_handler   peer_manager.o
    0x000281c0   0x000281c0   0x000000cc   Code   RO         2982    i.ble_hts_init      ble_hts.o
    0x0002828c   0x0002828c   0x0000003c   Code   RO         2983    i.ble_hts_is_indication_enabled  ble_hts.o
    0x000282c8   0x000282c8   0x0000005c   Code   RO         2984    i.ble_hts_measurement_send  ble_hts.o
    0x00028324   0x00028324   0x0000006e   Code   RO         2985    i.ble_hts_on_ble_evt  ble_hts.o
    0x00028392   0x00028392   0x00000012   Code   RO         1252    i.ble_srv_ascii_to_utf8  ble_srv_common.o
    0x000283a4   0x000283a4   0x00000008   Code   RO         1253    i.ble_srv_is_indication_enabled  ble_srv_common.o
    0x000283ac   0x000283ac   0x00000008   Code   RO         1254    i.ble_srv_is_notification_enabled  ble_srv_common.o
    0x000283b4   0x000283b4   0x0000000c   Code   RO         1255    i.ble_srv_report_ref_encode  ble_srv_common.o
    0x000283c0   0x000283c0   0x0000000c   Code   RO          480    i.bsp_board_button_idx_to_pin  boards.o
    0x000283cc   0x000283cc   0x00000020   Code   RO          481    i.bsp_board_button_state_get  boards.o
    0x000283ec   0x000283ec   0x00000054   Code   RO          482    i.bsp_board_init    boards.o
    0x00028440   0x00028440   0x00000024   Code   RO          484    i.bsp_board_led_invert  boards.o
    0x00028464   0x00028464   0x00000010   Code   RO          485    i.bsp_board_led_off  boards.o
    0x00028474   0x00028474   0x00000010   Code   RO          486    i.bsp_board_led_on  boards.o
    0x00028484   0x00028484   0x00000020   Code   RO          487    i.bsp_board_led_state_get  boards.o
    0x000284a4   0x000284a4   0x00000012   Code   RO          488    i.bsp_board_leds_off  boards.o
    0x000284b6   0x000284b6   0x00000012   Code   RO          489    i.bsp_board_leds_on  boards.o
    0x000284c8   0x000284c8   0x00000024   Code   RO          490    i.bsp_board_pin_to_button_idx  boards.o
    0x000284ec   0x000284ec   0x00000038   Code   RO          721    i.bsp_btn_ble_init  bsp_btn_ble.o
    0x00028524   0x00028524   0x0000001e   Code   RO          722    i.bsp_btn_ble_sleep_mode_prepare  bsp_btn_ble.o
    0x00028542   0x00028542   0x00000002   PAD
    0x00028544   0x00028544   0x00000090   Code   RO          607    i.bsp_button_event_handler  bsp.o
    0x000285d4   0x000285d4   0x0000000c   Code   RO          608    i.bsp_button_is_pressed  bsp.o
    0x000285e0   0x000285e0   0x0000005c   Code   RO           86    i.bsp_event_handler  main.o
    0x0002863c   0x0002863c   0x00000044   Code   RO          611    i.bsp_event_to_button_action_assign  bsp.o
    0x00028680   0x00028680   0x00000018   Code   RO          612    i.bsp_indication_set  bsp.o
    0x00028698   0x00028698   0x00000094   Code   RO          613    i.bsp_init          bsp.o
    0x0002872c   0x0002872c   0x000001c8   Code   RO          614    i.bsp_led_indication  bsp.o
    0x000288f4   0x000288f4   0x00000006   Code   RO          616    i.bsp_wakeup_button_enable  bsp.o
    0x000288fa   0x000288fa   0x00000002   PAD
    0x000288fc   0x000288fc   0x00000090   Code   RO         5842    i.buf_prealloc      nrf_log_frontend.o
    0x0002898c   0x0002898c   0x0000001e   Code   RO         5170    i.buffer_add        nrf_fprintf_format.o
    0x000289aa   0x000289aa   0x00000002   PAD
    0x000289ac   0x000289ac   0x00000014   Code   RO         5843    i.buffer_is_empty   nrf_log_frontend.o
    0x000289c0   0x000289c0   0x00000008   Code   RO          617    i.button_timer_handler  bsp.o
    0x000289c8   0x000289c8   0x00000028   Code   RO         1311    i.car_update_needed  gatt_cache_manager.o
    0x000289f0   0x000289f0   0x00000028   Code   RO         1312    i.car_update_pending_handle  gatt_cache_manager.o
    0x00028a18   0x00028a18   0x0000001c   Code   RO         3357    i.channel_free      nrfx_gpiote.o
    0x00028a34   0x00028a34   0x00000048   Code   RO         3358    i.channel_port_alloc  nrfx_gpiote.o
    0x00028a7c   0x00028a7c   0x00000010   Code   RO         3359    i.channel_port_get  nrfx_gpiote.o
    0x00028a8c   0x00028a8c   0x00000060   Code   RO         2946    i.char_add          ble_dis.o
    0x00028aec   0x00028aec   0x00000190   Code   RO         1256    i.characteristic_add  ble_srv_common.o
    0x00028c7c   0x00028c7c   0x0000003e   Code   RO         2094    i.claim             peer_id.o
    0x00028cba   0x00028cba   0x00000002   PAD
    0x00028cbc   0x00028cbc   0x00000028   Code   RO         3035    i.clock_clk_started_notify  nrf_drv_clock.o
    0x00028ce4   0x00028ce4   0x0000001c   Code   RO         3036    i.clock_irq_handler  nrf_drv_clock.o
    0x00028d00   0x00028d00   0x000000ac   Code   RO         4248    i.compare_reg_update  app_timer.o
    0x00028dac   0x00028dac   0x0000003e   Code   RO         1114    i.conn_handle_list_get  ble_conn_state.o
    0x00028dea   0x00028dea   0x00000088   Code   RO          843    i.conn_int_encode   ble_advdata.o
    0x00028e72   0x00028e72   0x00000004   Code   RO           87    i.conn_params_error_handler  main.o
    0x00028e76   0x00028e76   0x00000002   PAD
    0x00028e78   0x00028e78   0x00000048   Code   RO         1031    i.conn_params_negotiation  ble_conn_params.o
    0x00028ec0   0x00028ec0   0x00000044   Code   RO         2605    i.conn_sec_failure  security_dispatcher.o
    0x00028f04   0x00028f04   0x00000004   Code   RO         2471    i.conn_secure       peer_manager_handler.o
    0x00028f08   0x00028f08   0x000000c0   Code   RO         1708    i.data_length_update  nrf_ble_gatt.o
    0x00028fc8   0x00028fc8   0x00000030   Code   RO         1313    i.db_update_pending_handle  gatt_cache_manager.o
    0x00028ff8   0x00028ff8   0x00000080   Code   RO         4489    i.delete_execute    fds.o
    0x00029078   0x00029078   0x000000aa   Code   RO         1257    i.descriptor_add    ble_srv_common.o
    0x00029122   0x00029122   0x00000002   PAD
    0x00029124   0x00029124   0x00000098   Code   RO         4042    i.detection_delay_timeout_handler  app_button.o
    0x000291bc   0x000291bc   0x00000014   Code   RO         5844    i.dropped_sat16_get  nrf_log_frontend.o
    0x000291d0   0x000291d0   0x00000040   Code   RO         4249    i.elapsed_ticks_acquire  app_timer.o
    0x00029210   0x00029210   0x0000000a   Code   RO         2606    i.encryption_failure  security_dispatcher.o
    0x0002921a   0x0002921a   0x00000002   PAD
    0x0002921c   0x0002921c   0x0000004c   Code   RO         5289    i.erase             nrf_fstorage_sd.o
    0x00029268   0x00029268   0x00000074   Code   RO         4490    i.event_prepare     fds.o
    0x000292dc   0x000292dc   0x00000020   Code   RO         4491    i.event_send        fds.o
    0x000292fc   0x000292fc   0x00000054   Code   RO         5290    i.event_send        nrf_fstorage_sd.o
    0x00029350   0x00029350   0x000000ac   Code   RO         2740    i.events_send_from_err_code  security_manager.o
    0x000293fc   0x000293fc   0x0000001c   Code   RO         1314    i.evt_send          gatt_cache_manager.o
    0x00029418   0x00029418   0x0000002c   Code   RO         2181    i.evt_send          peer_manager.o
    0x00029444   0x00029444   0x0000001c   Code   RO         2607    i.evt_send          security_dispatcher.o
    0x00029460   0x00029460   0x0000000c   Code   RO         2741    i.evt_send          security_manager.o
    0x0002946c   0x0002946c   0x000000ec   Code   RO         1843    i.fds_evt_handler   peer_data_storage.o
    0x00029558   0x00029558   0x00000044   Code   RO         4493    i.fds_file_delete   fds.o
    0x0002959c   0x0002959c   0x0000003c   Code   RO         4494    i.fds_gc            fds.o
    0x000295d8   0x000295d8   0x000000d0   Code   RO         4495    i.fds_init          fds.o
    0x000296a8   0x000296a8   0x00000040   Code   RO         4496    i.fds_record_close  fds.o
    0x000296e8   0x000296e8   0x0000000e   Code   RO         4498    i.fds_record_find   fds.o
    0x000296f6   0x000296f6   0x00000010   Code   RO         4499    i.fds_record_find_by_key  fds.o
    0x00029706   0x00029706   0x00000010   Code   RO         4500    i.fds_record_find_in_file  fds.o
    0x00029716   0x00029716   0x00000010   Code   RO         4501    i.fds_record_id_from_desc  fds.o
    0x00029726   0x00029726   0x00000002   PAD
    0x00029728   0x00029728   0x00000048   Code   RO         4503    i.fds_record_open   fds.o
    0x00029770   0x00029770   0x0000000e   Code   RO         4504    i.fds_record_update  fds.o
    0x0002977e   0x0002977e   0x00000008   Code   RO         4505    i.fds_record_write  fds.o
    0x00029786   0x00029786   0x00000002   PAD
    0x00029788   0x00029788   0x0000002c   Code   RO         4507    i.fds_register      fds.o
    0x000297b4   0x000297b4   0x00000014   Code   RO         1844    i.file_id_within_pm_range  peer_data_storage.o
    0x000297c8   0x000297c8   0x00000012   Code   RO         2608    i.flag_id_init      security_dispatcher.o
    0x000297da   0x000297da   0x00000012   Code   RO         2742    i.flag_id_init      security_manager.o
    0x000297ec   0x000297ec   0x00000028   Code   RO          948    i.flags_set         ble_advertising.o
    0x00029814   0x00029814   0x00000030   Code   RO         2743    i.flags_set_from_err_code  security_manager.o
    0x00029844   0x00029844   0x00000030   Code   RO         1115    i.for_each_set_flag  ble_conn_state.o
    0x00029874   0x00029874   0x00000006   Code   RO         4511    i.fs_event_handler  fds.o
    0x0002987a   0x0002987a   0x00000002   PAD
    0x0002987c   0x0002987c   0x00000068   Code   RO           88    i.gap_params_init   main.o
    0x000298e4   0x000298e4   0x00000074   Code   RO         4512    i.gc_execute        fds.o
    0x00029958   0x00029958   0x0000004c   Code   RO         4513    i.gc_next_page      fds.o
    0x000299a4   0x000299a4   0x00000040   Code   RO         4514    i.gc_page_erase     fds.o
    0x000299e4   0x000299e4   0x00000034   Code   RO         4515    i.gc_record_copy    fds.o
    0x00029a18   0x00029a18   0x00000024   Code   RO         4516    i.gc_record_find_next  fds.o
    0x00029a3c   0x00029a3c   0x00000088   Code   RO         4517    i.gc_state_advance  fds.o
    0x00029ac4   0x00029ac4   0x000001b8   Code   RO         1315    i.gcm_ble_evt_handler  gatt_cache_manager.o
    0x00029c7c   0x00029c7c   0x0000003c   Code   RO         1316    i.gcm_im_evt_handler  gatt_cache_manager.o
    0x00029cb8   0x00029cb8   0x0000007c   Code   RO         1317    i.gcm_init          gatt_cache_manager.o
    0x00029d34   0x00029d34   0x00000088   Code   RO         1320    i.gcm_pdb_evt_handler  gatt_cache_manager.o
    0x00029dbc   0x00029dbc   0x00000084   Code   RO         4043    i.gpiote_event_handler  app_button.o
    0x00029e40   0x00029e40   0x0000001c   Code   RO         1466    i.gscm_db_change_notification_done  gatts_cache_manager.o
    0x00029e5c   0x00029e5c   0x00000014   Code   RO         1467    i.gscm_init         gatts_cache_manager.o
    0x00029e70   0x00029e70   0x00000090   Code   RO         1469    i.gscm_local_db_cache_apply  gatts_cache_manager.o
    0x00029f00   0x00029f00   0x000000ac   Code   RO         1470    i.gscm_local_db_cache_update  gatts_cache_manager.o
    0x00029fac   0x00029fac   0x00000018   Code   RO         1471    i.gscm_pdb_evt_handler  gatts_cache_manager.o
    0x00029fc4   0x00029fc4   0x0000001e   Code   RO         1472    i.gscm_service_changed_ind_needed  gatts_cache_manager.o
    0x00029fe2   0x00029fe2   0x00000002   PAD
    0x00029fe4   0x00029fe4   0x0000005c   Code   RO         1473    i.gscm_service_changed_ind_send  gatts_cache_manager.o
    0x0002a040   0x0002a040   0x00000026   Code   RO         4518    i.header_check      fds.o
    0x0002a066   0x0002a066   0x00000012   Code   RO         4519    i.header_has_next   fds.o
    0x0002a078   0x0002a078   0x0000006e   Code   RO         2986    i.hts_measurement_encode  ble_hts.o
    0x0002a0e6   0x0002a0e6   0x00000002   PAD
    0x0002a0e8   0x0002a0e8   0x0000006c   Code   RO           89    i.hts_sim_measurement  main.o
    0x0002a154   0x0002a154   0x00000046   Code   RO         1548    i.im_address_resolve  id_manager.o
    0x0002a19a   0x0002a19a   0x00000002   PAD
    0x0002a19c   0x0002a19c   0x00000038   Code   RO         1549    i.im_ble_addr_get   id_manager.o
    0x0002a1d4   0x0002a1d4   0x000000dc   Code   RO         1550    i.im_ble_evt_handler  id_manager.o
    0x0002a2b0   0x0002a2b0   0x00000040   Code   RO         1551    i.im_conn_handle_get  id_manager.o
    0x0002a2f0   0x0002a2f0   0x00000038   Code   RO         1553    i.im_find_duplicate_bonding_data  id_manager.o
    0x0002a328   0x0002a328   0x00000072   Code   RO         1556    i.im_is_duplicate_bonding_data  id_manager.o
    0x0002a39a   0x0002a39a   0x00000018   Code   RO         1557    i.im_master_id_is_valid  id_manager.o
    0x0002a3b2   0x0002a3b2   0x0000002a   Code   RO         1558    i.im_master_ids_compare  id_manager.o
    0x0002a3dc   0x0002a3dc   0x00000014   Code   RO         1559    i.im_new_peer_id    id_manager.o
    0x0002a3f0   0x0002a3f0   0x0000002c   Code   RO         1560    i.im_peer_free      id_manager.o
    0x0002a41c   0x0002a41c   0x00000024   Code   RO         1561    i.im_peer_id_get_by_conn_handle  id_manager.o
    0x0002a440   0x0002a440   0x0000003c   Code   RO         1562    i.im_peer_id_get_by_master_id  id_manager.o
    0x0002a47c   0x0002a47c   0x00000034   Code   RO         5291    i.init              nrf_fstorage_sd.o
    0x0002a4b0   0x0002a4b0   0x000000c8   Code   RO         4520    i.init_execute      fds.o
    0x0002a578   0x0002a578   0x00000014   Code   RO         1032    i.instance_get      ble_conn_params.o
    0x0002a58c   0x0002a58c   0x000000a6   Code   RO         5171    i.int_print         nrf_fprintf_format.o
    0x0002a632   0x0002a632   0x00000002   PAD
    0x0002a634   0x0002a634   0x00000080   Code   RO         3888    i.interrupts_enable  nrfx_uarte.o
    0x0002a6b4   0x0002a6b4   0x00000034   Code   RO         5845    i.invalid_packets_omit  nrf_log_frontend.o
    0x0002a6e8   0x0002a6e8   0x00000010   Code   RO         5292    i.is_busy           nrf_fstorage_sd.o
    0x0002a6f8   0x0002a6f8   0x00000044   Code   RO         1033    i.is_conn_params_ok  ble_conn_params.o
    0x0002a73c   0x0002a73c   0x00000014   Code   RO         1567    i.is_valid_irk      id_manager.o
    0x0002a750   0x0002a750   0x0000000c   Code   RO         4521    i.is_word_aligned   fds.o
    0x0002a75c   0x0002a75c   0x00000030   Code   RO          618    i.leds_off          bsp.o
    0x0002a78c   0x0002a78c   0x00000014   Code   RO          619    i.leds_timer_handler  bsp.o
    0x0002a7a0   0x0002a7a0   0x00000014   Code   RO         1709    i.link_init         nrf_ble_gatt.o
    0x0002a7b4   0x0002a7b4   0x000000d0   Code   RO         2744    i.link_secure       security_manager.o
    0x0002a884   0x0002a884   0x0000003c   Code   RO         2609    i.link_secure_failure  security_dispatcher.o
    0x0002a8c0   0x0002a8c0   0x0000002c   Code   RO         2745    i.link_secure_pending_handle  security_manager.o
    0x0002a8ec   0x0002a8ec   0x000000f8   Code   RO         4250    i.list_insertions_handler  app_timer.o
    0x0002a9e4   0x0002a9e4   0x000000a8   Code   RO         1321    i.local_db_apply_in_evt  gatt_cache_manager.o
    0x0002aa8c   0x0002aa8c   0x00000010   Code   RO         1322    i.local_db_update   gatt_cache_manager.o
    0x0002aa9c   0x0002aa9c   0x0000010c   Code   RO         1323    i.local_db_update_in_evt  gatt_cache_manager.o
    0x0002aba8   0x0002aba8   0x0000009c   Code   RO         5846    i.log_skip          nrf_log_frontend.o
    0x0002ac44   0x0002ac44   0x000001c0   Code   RO           90    i.main              main.o
    0x0002ae04   0x0002ae04   0x00000064   Code   RO          844    i.manuf_specific_data_encode  ble_advdata.o
    0x0002ae68   0x0002ae68   0x0000007e   Code   RO         5397    i.memobj_op         nrf_memobj.o
    0x0002aee6   0x0002aee6   0x00000002   PAD
    0x0002aee8   0x0002aee8   0x00000030   Code   RO         5847    i.module_idx_get    nrf_log_frontend.o
    0x0002af18   0x0002af18   0x00000008   Code   RO         2560    i.mutex_lock_status_get  pm_buffer.o
    0x0002af20   0x0002af20   0x000000a6   Code   RO          845    i.name_encode       ble_advdata.o
    0x0002afc6   0x0002afc6   0x00000002   PAD
    0x0002afc8   0x0002afc8   0x00000014   Code   RO         2746    i.new_context_get   security_manager.o
    0x0002afdc   0x0002afdc   0x00000030   Code   RO         2095    i.next_id_get       peer_id.o
    0x0002b00c   0x0002b00c   0x00000010   Code   RO         4844    i.nrf_atfifo_clear  nrf_atfifo.o
    0x0002b01c   0x0002b01c   0x00000026   Code   RO         4846    i.nrf_atfifo_init   nrf_atfifo.o
    0x0002b042   0x0002b042   0x00000016   Code   RO         4847    i.nrf_atfifo_item_alloc  nrf_atfifo.o
    0x0002b058   0x0002b058   0x00000016   Code   RO         4848    i.nrf_atfifo_item_free  nrf_atfifo.o
    0x0002b06e   0x0002b06e   0x00000016   Code   RO         4849    i.nrf_atfifo_item_get  nrf_atfifo.o
    0x0002b084   0x0002b084   0x00000016   Code   RO         4850    i.nrf_atfifo_item_put  nrf_atfifo.o
    0x0002b09a   0x0002b09a   0x00000016   Code   RO         4908    i.nrf_atflags_clear  nrf_atflags.o
    0x0002b0b0   0x0002b0b0   0x00000020   Code   RO         4910    i.nrf_atflags_fetch_set  nrf_atflags.o
    0x0002b0d0   0x0002b0d0   0x0000004a   Code   RO         4912    i.nrf_atflags_find_and_set_flag  nrf_atflags.o
    0x0002b11a   0x0002b11a   0x00000016   Code   RO         4913    i.nrf_atflags_get   nrf_atflags.o
    0x0002b130   0x0002b130   0x00000014   Code   RO         4915    i.nrf_atflags_set   nrf_atflags.o
    0x0002b144   0x0002b144   0x00000006   Code   RO         4972    i.nrf_atomic_flag_clear_fetch  nrf_atomic.o
    0x0002b14a   0x0002b14a   0x00000006   Code   RO         4973    i.nrf_atomic_flag_set  nrf_atomic.o
    0x0002b150   0x0002b150   0x00000006   Code   RO         4974    i.nrf_atomic_flag_set_fetch  nrf_atomic.o
    0x0002b156   0x0002b156   0x0000000c   Code   RO         4975    i.nrf_atomic_u32_add  nrf_atomic.o
    0x0002b162   0x0002b162   0x0000000c   Code   RO         4976    i.nrf_atomic_u32_and  nrf_atomic.o
    0x0002b16e   0x0002b16e   0x0000000a   Code   RO         4978    i.nrf_atomic_u32_fetch_add  nrf_atomic.o
    0x0002b178   0x0002b178   0x0000000a   Code   RO         4979    i.nrf_atomic_u32_fetch_and  nrf_atomic.o
    0x0002b182   0x0002b182   0x0000000a   Code   RO         4980    i.nrf_atomic_u32_fetch_or  nrf_atomic.o
    0x0002b18c   0x0002b18c   0x0000000a   Code   RO         4981    i.nrf_atomic_u32_fetch_store  nrf_atomic.o
    0x0002b196   0x0002b196   0x0000000c   Code   RO         4985    i.nrf_atomic_u32_or  nrf_atomic.o
    0x0002b1a2   0x0002b1a2   0x0000000c   Code   RO         4987    i.nrf_atomic_u32_sub  nrf_atomic.o
    0x0002b1ae   0x0002b1ae   0x00000044   Code   RO         5102    i.nrf_balloc_alloc  nrf_balloc.o
    0x0002b1f2   0x0002b1f2   0x00000030   Code   RO         5103    i.nrf_balloc_free   nrf_balloc.o
    0x0002b222   0x0002b222   0x00000030   Code   RO         5104    i.nrf_balloc_init   nrf_balloc.o
    0x0002b252   0x0002b252   0x00000010   Code   RO         3360    i.nrf_bitmask_bit_is_set  nrfx_gpiote.o
    0x0002b262   0x0002b262   0x00000014   Code   RO         3361    i.nrf_bitmask_bit_set  nrfx_gpiote.o
    0x0002b276   0x0002b276   0x00000022   Code   RO         1715    i.nrf_ble_gatt_init  nrf_ble_gatt.o
    0x0002b298   0x0002b298   0x00000150   Code   RO         1716    i.nrf_ble_gatt_on_ble_evt  nrf_ble_gatt.o
    0x0002b3e8   0x0002b3e8   0x00000016   Code   RO         1806    i.nrf_ble_qwr_conn_handle_assign  nrf_ble_qwr.o
    0x0002b3fe   0x0002b3fe   0x00000024   Code   RO         1807    i.nrf_ble_qwr_init  nrf_ble_qwr.o
    0x0002b422   0x0002b422   0x000000b6   Code   RO         1808    i.nrf_ble_qwr_on_ble_evt  nrf_ble_qwr.o
    0x0002b4d8   0x0002b4d8   0x0000000e   Code   RO         3226    i.nrf_clock_event_check  nrfx_clock.o
    0x0002b4e6   0x0002b4e6   0x00000010   Code   RO         3227    i.nrf_clock_event_clear  nrfx_clock.o
    0x0002b4f6   0x0002b4f6   0x00000002   PAD
    0x0002b4f8   0x0002b4f8   0x00000038   Code   RO         3043    i.nrf_drv_clock_init  nrf_drv_clock.o
    0x0002b530   0x0002b530   0x00000030   Code   RO         3047    i.nrf_drv_clock_lfclk_release  nrf_drv_clock.o
    0x0002b560   0x0002b560   0x00000068   Code   RO         3177    i.nrf_drv_uart_init  nrf_drv_uart.o
    0x0002b5c8   0x0002b5c8   0x0000001a   Code   RO         5135    i.nrf_fprintf       nrf_fprintf.o
    0x0002b5e2   0x0002b5e2   0x00000018   Code   RO         5136    i.nrf_fprintf_buffer_flush  nrf_fprintf.o
    0x0002b5fa   0x0002b5fa   0x000001da   Code   RO         5172    i.nrf_fprintf_fmt   nrf_fprintf_format.o
    0x0002b7d4   0x0002b7d4   0x00000138   Code   RO         5208    i.nrf_fstorage_erase  nrf_fstorage.o
    0x0002b90c   0x0002b90c   0x00000094   Code   RO         5209    i.nrf_fstorage_init  nrf_fstorage.o
    0x0002b9a0   0x0002b9a0   0x00000018   Code   RO         5293    i.nrf_fstorage_sdh_req_handler  nrf_fstorage_sd.o
    0x0002b9b8   0x0002b9b8   0x00000020   Code   RO         5294    i.nrf_fstorage_sdh_state_handler  nrf_fstorage_sd.o
    0x0002b9d8   0x0002b9d8   0x000000a4   Code   RO         5295    i.nrf_fstorage_sys_evt_handler  nrf_fstorage_sd.o
    0x0002ba7c   0x0002ba7c   0x000001dc   Code   RO         5215    i.nrf_fstorage_write  nrf_fstorage.o
    0x0002bc58   0x0002bc58   0x00000024   Code   RO          492    i.nrf_gpio_cfg      boards.o
    0x0002bc7c   0x0002bc7c   0x00000024   Code   RO         3362    i.nrf_gpio_cfg      nrfx_gpiote.o
    0x0002bca0   0x0002bca0   0x00000024   Code   RO         3701    i.nrf_gpio_cfg      nrfx_uart.o
    0x0002bcc4   0x0002bcc4   0x00000024   Code   RO         3889    i.nrf_gpio_cfg      nrfx_uarte.o
    0x0002bce8   0x0002bce8   0x00000012   Code   RO         3702    i.nrf_gpio_cfg_default  nrfx_uart.o
    0x0002bcfa   0x0002bcfa   0x00000012   Code   RO         3890    i.nrf_gpio_cfg_default  nrfx_uarte.o
    0x0002bd0c   0x0002bd0c   0x00000012   Code   RO         3703    i.nrf_gpio_cfg_input  nrfx_uart.o
    0x0002bd1e   0x0002bd1e   0x00000012   Code   RO         3891    i.nrf_gpio_cfg_input  nrfx_uarte.o
    0x0002bd30   0x0002bd30   0x00000014   Code   RO         3704    i.nrf_gpio_cfg_output  nrfx_uart.o
    0x0002bd44   0x0002bd44   0x00000014   Code   RO         3892    i.nrf_gpio_cfg_output  nrfx_uarte.o
    0x0002bd58   0x0002bd58   0x00000022   Code   RO         3364    i.nrf_gpio_cfg_sense_set  nrfx_gpiote.o
    0x0002bd7a   0x0002bd7a   0x00000016   Code   RO          493    i.nrf_gpio_pin_write  boards.o
    0x0002bd90   0x0002bd90   0x00000028   Code   RO         3365    i.nrf_gpio_ports_read  nrfx_gpiote.o
    0x0002bdb8   0x0002bdb8   0x00000014   Code   RO         3366    i.nrf_gpiote_event_clear  nrfx_gpiote.o
    0x0002bdcc   0x0002bdcc   0x00000010   Code   RO         3367    i.nrf_gpiote_event_is_set  nrfx_gpiote.o
    0x0002bddc   0x0002bddc   0x0000005c   Code   RO         5848    i.nrf_log_backend_add  nrf_log_frontend.o
    0x0002be38   0x0002be38   0x000000c8   Code   RO         5699    i.nrf_log_backend_serial_put  nrf_log_backend_serial.o
    0x0002bf00   0x0002bf00   0x00000002   Code   RO         5735    i.nrf_log_backend_uart_flush  nrf_log_backend_uart.o
    0x0002bf02   0x0002bf02   0x00000006   Code   RO         5736    i.nrf_log_backend_uart_init  nrf_log_backend_uart.o
    0x0002bf08   0x0002bf08   0x0000002c   Code   RO         5737    i.nrf_log_backend_uart_panic_set  nrf_log_backend_uart.o
    0x0002bf34   0x0002bf34   0x00000018   Code   RO         5738    i.nrf_log_backend_uart_put  nrf_log_backend_uart.o
    0x0002bf4c   0x0002bf4c   0x00000030   Code   RO         5850    i.nrf_log_color_id_get  nrf_log_frontend.o
    0x0002bf7c   0x0002bf7c   0x0000001c   Code   RO         5810    i.nrf_log_default_backends_init  nrf_log_default_backends.o
    0x0002bf98   0x0002bf98   0x00000234   Code   RO         5851    i.nrf_log_frontend_dequeue  nrf_log_frontend.o
    0x0002c1cc   0x0002c1cc   0x00000008   Code   RO         5853    i.nrf_log_frontend_std_0  nrf_log_frontend.o
    0x0002c1d4   0x0002c1d4   0x0000000e   Code   RO         5854    i.nrf_log_frontend_std_1  nrf_log_frontend.o
    0x0002c1e2   0x0002c1e2   0x00000010   Code   RO         5855    i.nrf_log_frontend_std_2  nrf_log_frontend.o
    0x0002c1f2   0x0002c1f2   0x00000012   Code   RO         5856    i.nrf_log_frontend_std_3  nrf_log_frontend.o
    0x0002c204   0x0002c204   0x00000014   Code   RO         5857    i.nrf_log_frontend_std_4  nrf_log_frontend.o
    0x0002c218   0x0002c218   0x000000ac   Code   RO         6024    i.nrf_log_hexdump_entry_process  nrf_log_str_formatter.o
    0x0002c2c4   0x0002c2c4   0x0000003c   Code   RO         5860    i.nrf_log_init      nrf_log_frontend.o
    0x0002c300   0x0002c300   0x00000014   Code   RO         5861    i.nrf_log_module_cnt_get  nrf_log_frontend.o
    0x0002c314   0x0002c314   0x0000001c   Code   RO         5864    i.nrf_log_module_name_get  nrf_log_frontend.o
    0x0002c330   0x0002c330   0x0000002c   Code   RO         5865    i.nrf_log_panic     nrf_log_frontend.o
    0x0002c35c   0x0002c35c   0x000000b6   Code   RO         6025    i.nrf_log_std_entry_process  nrf_log_str_formatter.o
    0x0002c412   0x0002c412   0x00000060   Code   RO         5398    i.nrf_memobj_alloc  nrf_memobj.o
    0x0002c472   0x0002c472   0x00000032   Code   RO         5399    i.nrf_memobj_free   nrf_memobj.o
    0x0002c4a4   0x0002c4a4   0x00000008   Code   RO         5400    i.nrf_memobj_get    nrf_memobj.o
    0x0002c4ac   0x0002c4ac   0x00000004   Code   RO         5401    i.nrf_memobj_pool_init  nrf_memobj.o
    0x0002c4b0   0x0002c4b0   0x0000001e   Code   RO         5402    i.nrf_memobj_put    nrf_memobj.o
    0x0002c4ce   0x0002c4ce   0x00000010   Code   RO         5403    i.nrf_memobj_read   nrf_memobj.o
    0x0002c4de   0x0002c4de   0x00000010   Code   RO         5404    i.nrf_memobj_write  nrf_memobj.o
    0x0002c4ee   0x0002c4ee   0x00000002   PAD
    0x0002c4f0   0x0002c4f0   0x00000028   Code   RO         5472    i.nrf_pwr_mgmt_init  nrf_pwr_mgmt.o
    0x0002c518   0x0002c518   0x00000044   Code   RO         5473    i.nrf_pwr_mgmt_run  nrf_pwr_mgmt.o
    0x0002c55c   0x0002c55c   0x00000004   Code   RO           91    i.nrf_qwr_error_handler  main.o
    0x0002c560   0x0002c560   0x0000001c   Code   RO         5542    i.nrf_ringbuf_init  nrf_ringbuf.o
    0x0002c57c   0x0002c57c   0x00000014   Code   RO         6539    i.nrf_sdh_ble_app_ram_start_get  nrf_sdh_ble.o
    0x0002c590   0x0002c590   0x00000100   Code   RO         6540    i.nrf_sdh_ble_default_cfg_set  nrf_sdh_ble.o
    0x0002c690   0x0002c690   0x00000130   Code   RO         6541    i.nrf_sdh_ble_enable  nrf_sdh_ble.o
    0x0002c7c0   0x0002c7c0   0x0000005c   Code   RO         6542    i.nrf_sdh_ble_evts_poll  nrf_sdh_ble.o
    0x0002c81c   0x0002c81c   0x00000054   Code   RO         6424    i.nrf_sdh_disable_request  nrf_sdh.o
    0x0002c870   0x0002c870   0x00000074   Code   RO         6425    i.nrf_sdh_enable_request  nrf_sdh.o
    0x0002c8e4   0x0002c8e4   0x00000024   Code   RO         6426    i.nrf_sdh_evts_poll  nrf_sdh.o
    0x0002c908   0x0002c908   0x0000000c   Code   RO         6427    i.nrf_sdh_is_enabled  nrf_sdh.o
    0x0002c914   0x0002c914   0x0000001c   Code   RO         6429    i.nrf_sdh_request_continue  nrf_sdh.o
    0x0002c930   0x0002c930   0x0000003c   Code   RO         6589    i.nrf_sdh_soc_evts_poll  nrf_sdh_soc.o
    0x0002c96c   0x0002c96c   0x0000000a   Code   RO         5596    i.nrf_section_iter_init  nrf_section_iter.o
    0x0002c976   0x0002c976   0x00000024   Code   RO         5597    i.nrf_section_iter_item_set  nrf_section_iter.o
    0x0002c99a   0x0002c99a   0x00000020   Code   RO         5598    i.nrf_section_iter_next  nrf_section_iter.o
    0x0002c9ba   0x0002c9ba   0x00000002   PAD
    0x0002c9bc   0x0002c9bc   0x00000038   Code   RO         5627    i.nrf_strerror_find  nrf_strerror.o
    0x0002c9f4   0x0002c9f4   0x00000014   Code   RO         5628    i.nrf_strerror_get  nrf_strerror.o
    0x0002ca08   0x0002ca08   0x0000000a   Code   RO         3705    i.nrf_uart_event_check  nrfx_uart.o
    0x0002ca12   0x0002ca12   0x0000000c   Code   RO         3706    i.nrf_uart_event_clear  nrfx_uart.o
    0x0002ca1e   0x0002ca1e   0x0000000c   Code   RO         3707    i.nrf_uart_int_enable_check  nrfx_uart.o
    0x0002ca2a   0x0002ca2a   0x0000000a   Code   RO         3893    i.nrf_uarte_event_check  nrfx_uarte.o
    0x0002ca34   0x0002ca34   0x0000000c   Code   RO         3894    i.nrf_uarte_event_clear  nrfx_uarte.o
    0x0002ca40   0x0002ca40   0x00000030   Code   RO         3232    i.nrfx_clock_enable  nrfx_clock.o
    0x0002ca70   0x0002ca70   0x00000020   Code   RO         3235    i.nrfx_clock_init   nrfx_clock.o
    0x0002ca90   0x0002ca90   0x0000001c   Code   RO         3238    i.nrfx_clock_lfclk_stop  nrfx_clock.o
    0x0002caac   0x0002caac   0x00000010   Code   RO         4251    i.nrfx_coredep_delay_us  app_timer.o
    0x0002cabc   0x0002cabc   0x000000a4   Code   RO         3372    i.nrfx_gpiote_in_event_enable  nrfx_gpiote.o
    0x0002cb60   0x0002cb60   0x000000d0   Code   RO         3373    i.nrfx_gpiote_in_init  nrfx_gpiote.o
    0x0002cc30   0x0002cc30   0x00000014   Code   RO         3374    i.nrfx_gpiote_in_is_set  nrfx_gpiote.o
    0x0002cc44   0x0002cc44   0x00000070   Code   RO         3376    i.nrfx_gpiote_init  nrfx_gpiote.o
    0x0002ccb4   0x0002ccb4   0x00000014   Code   RO         3377    i.nrfx_gpiote_is_init  nrfx_gpiote.o
    0x0002ccc8   0x0002ccc8   0x00000010   Code   RO         3895    i.nrfx_is_in_ram    nrfx_uarte.o
    0x0002ccd8   0x0002ccd8   0x0000003a   Code   RO         3651    i.nrfx_prs_acquire  nrfx_prs.o
    0x0002cd12   0x0002cd12   0x00000012   Code   RO         3652    i.nrfx_prs_release  nrfx_prs.o
    0x0002cd24   0x0002cd24   0x00000010   Code   RO         3708    i.nrfx_uart_0_irq_handler  nrfx_uart.o
    0x0002cd34   0x0002cd34   0x000000d4   Code   RO         3710    i.nrfx_uart_init    nrfx_uart.o
    0x0002ce08   0x0002ce08   0x000000a4   Code   RO         3716    i.nrfx_uart_tx      nrfx_uart.o
    0x0002ceac   0x0002ceac   0x00000020   Code   RO         3718    i.nrfx_uart_tx_in_progress  nrfx_uart.o
    0x0002cecc   0x0002cecc   0x000000b4   Code   RO         3719    i.nrfx_uart_uninit  nrfx_uart.o
    0x0002cf80   0x0002cf80   0x00000010   Code   RO         3896    i.nrfx_uarte_0_irq_handler  nrfx_uarte.o
    0x0002cf90   0x0002cf90   0x0000006c   Code   RO         3898    i.nrfx_uarte_init   nrfx_uarte.o
    0x0002cffc   0x0002cffc   0x00000090   Code   RO         3902    i.nrfx_uarte_tx     nrfx_uarte.o
    0x0002d08c   0x0002d08c   0x0000001c   Code   RO         3904    i.nrfx_uarte_tx_in_progress  nrfx_uarte.o
    0x0002d0a8   0x0002d0a8   0x000000b0   Code   RO         3905    i.nrfx_uarte_uninit  nrfx_uarte.o
    0x0002d158   0x0002d158   0x00000054   Code   RO           92    i.on_adv_evt        main.o
    0x0002d1ac   0x0002d1ac   0x0000001c   Code   RO           93    i.on_conn_params_evt  main.o
    0x0002d1c8   0x0002d1c8   0x000000a8   Code   RO         1717    i.on_connected_evt  nrf_ble_gatt.o
    0x0002d270   0x0002d270   0x000000ac   Code   RO         1718    i.on_exchange_mtu_request_evt  nrf_ble_gatt.o
    0x0002d31c   0x0002d31c   0x00000018   Code   RO           94    i.on_hts_evt        main.o
    0x0002d334   0x0002d334   0x00000024   Code   RO         4522    i.page_identify     fds.o
    0x0002d358   0x0002d358   0x0000001c   Code   RO         4523    i.page_offsets_update  fds.o
    0x0002d374   0x0002d374   0x0000006c   Code   RO         4524    i.page_scan         fds.o
    0x0002d3e0   0x0002d3e0   0x0000001c   Code   RO         4525    i.page_tag_write_data  fds.o
    0x0002d3fc   0x0002d3fc   0x00000024   Code   RO         4526    i.page_tag_write_swap  fds.o
    0x0002d420   0x0002d420   0x0000011c   Code   RO         4527    i.pages_init        fds.o
    0x0002d53c   0x0002d53c   0x0000000c   Code   RO         2610    i.pairing           security_dispatcher.o
    0x0002d548   0x0002d548   0x00000074   Code   RO         2611    i.pairing_failure   security_dispatcher.o
    0x0002d5bc   0x0002d5bc   0x0000002e   Code   RO         2612    i.pairing_success_evt_send  security_dispatcher.o
    0x0002d5ea   0x0002d5ea   0x00000006   Code   RO         2747    i.params_reply_pending_handle  security_manager.o
    0x0002d5f0   0x0002d5f0   0x00000028   Code   RO         2748    i.params_req_send   security_manager.o
    0x0002d618   0x0002d618   0x0000001c   Code   RO         1979    i.pdb_evt_send      peer_database.o
    0x0002d634   0x0002d634   0x00000090   Code   RO         1980    i.pdb_init          peer_database.o
    0x0002d6c4   0x0002d6c4   0x0000007c   Code   RO         1981    i.pdb_pds_evt_handler  peer_database.o
    0x0002d740   0x0002d740   0x00000006   Code   RO         1982    i.pdb_peer_data_ptr_get  peer_database.o
    0x0002d746   0x0002d746   0x00000002   PAD
    0x0002d748   0x0002d748   0x0000008c   Code   RO         1983    i.pdb_peer_free     peer_database.o
    0x0002d7d4   0x0002d7d4   0x000000dc   Code   RO         1984    i.pdb_write_buf_get  peer_database.o
    0x0002d8b0   0x0002d8b0   0x00000014   Code   RO         1985    i.pdb_write_buf_release  peer_database.o
    0x0002d8c4   0x0002d8c4   0x00000036   Code   RO         1986    i.pdb_write_buf_store  peer_database.o
    0x0002d8fa   0x0002d8fa   0x00000002   PAD
    0x0002d8fc   0x0002d8fc   0x00000010   Code   RO         1845    i.pds_evt_send      peer_data_storage.o
    0x0002d90c   0x0002d90c   0x000000dc   Code   RO         1846    i.pds_init          peer_data_storage.o
    0x0002d9e8   0x0002d9e8   0x00000004   Code   RO         1847    i.pds_next_deleted_peer_id_get  peer_data_storage.o
    0x0002d9ec   0x0002d9ec   0x00000004   Code   RO         1848    i.pds_next_peer_id_get  peer_data_storage.o
    0x0002d9f0   0x0002d9f0   0x00000058   Code   RO         1851    i.pds_peer_data_iterate  peer_data_storage.o
    0x0002da48   0x0002da48   0x00000010   Code   RO         1852    i.pds_peer_data_iterate_prepare  peer_data_storage.o
    0x0002da58   0x0002da58   0x00000072   Code   RO         1853    i.pds_peer_data_read  peer_data_storage.o
    0x0002daca   0x0002daca   0x00000002   PAD
    0x0002dacc   0x0002dacc   0x000000a0   Code   RO         1854    i.pds_peer_data_store  peer_data_storage.o
    0x0002db6c   0x0002db6c   0x00000008   Code   RO         1855    i.pds_peer_id_allocate  peer_data_storage.o
    0x0002db74   0x0002db74   0x00000016   Code   RO         1856    i.pds_peer_id_free  peer_data_storage.o
    0x0002db8a   0x0002db8a   0x00000004   Code   RO         1857    i.pds_peer_id_is_allocated  peer_data_storage.o
    0x0002db8e   0x0002db8e   0x00000002   PAD
    0x0002db90   0x0002db90   0x0000009c   Code   RO         1859    i.peer_data_delete_process  peer_data_storage.o
    0x0002dc2c   0x0002dc2c   0x00000030   Code   RO         1860    i.peer_data_find    peer_data_storage.o
    0x0002dc5c   0x0002dc5c   0x00000024   Code   RO         1861    i.peer_data_id_is_valid  peer_data_storage.o
    0x0002dc80   0x0002dc80   0x0000001a   Code   RO         1987    i.peer_data_point_to_buffer  peer_database.o
    0x0002dc9a   0x0002dc9a   0x00000002   PAD
    0x0002dc9c   0x0002dc9c   0x0000000c   Code   RO         2096    i.peer_id_allocate  peer_id.o
    0x0002dca8   0x0002dca8   0x00000024   Code   RO         2097    i.peer_id_delete    peer_id.o
    0x0002dccc   0x0002dccc   0x0000001c   Code   RO         2098    i.peer_id_free      peer_id.o
    0x0002dce8   0x0002dce8   0x0000000c   Code   RO         2099    i.peer_id_get_next_deleted  peer_id.o
    0x0002dcf4   0x0002dcf4   0x00000030   Code   RO         2100    i.peer_id_get_next_used  peer_id.o
    0x0002dd24   0x0002dd24   0x0000000c   Code   RO         2101    i.peer_id_init      peer_id.o
    0x0002dd30   0x0002dd30   0x00000014   Code   RO         2102    i.peer_id_is_allocated  peer_id.o
    0x0002dd44   0x0002dd44   0x00000014   Code   RO         2103    i.peer_id_is_deleted  peer_id.o
    0x0002dd58   0x0002dd58   0x0000006c   Code   RO           95    i.peer_manager_init  main.o
    0x0002ddc4   0x0002ddc4   0x00000012   Code   RO          949    i.phy_is_valid      ble_advertising.o
    0x0002ddd6   0x0002ddd6   0x00000002   PAD
    0x0002ddd8   0x0002ddd8   0x00000018   Code   RO         3393    i.pin_in_use_by_port  nrfx_gpiote.o
    0x0002ddf0   0x0002ddf0   0x00000018   Code   RO         3394    i.pin_in_use_by_te  nrfx_gpiote.o
    0x0002de08   0x0002de08   0x00000064   Code   RO         2561    i.pm_buffer_block_acquire  pm_buffer.o
    0x0002de6c   0x0002de6c   0x00000024   Code   RO         2562    i.pm_buffer_init    pm_buffer.o
    0x0002de90   0x0002de90   0x00000028   Code   RO         2563    i.pm_buffer_ptr_get  pm_buffer.o
    0x0002deb8   0x0002deb8   0x00000032   Code   RO         2564    i.pm_buffer_release  pm_buffer.o
    0x0002deea   0x0002deea   0x00000002   PAD
    0x0002deec   0x0002deec   0x00000078   Code   RO         2186    i.pm_conn_sec_status_get  peer_manager.o
    0x0002df64   0x0002df64   0x0000001c   Code   RO         2187    i.pm_conn_secure    peer_manager.o
    0x0002df80   0x0002df80   0x00000040   Code   RO           96    i.pm_evt_handler    main.o
    0x0002dfc0   0x0002dfc0   0x00000004   Code   RO         2189    i.pm_gcm_evt_handler  peer_manager.o
    0x0002dfc4   0x0002dfc4   0x00000210   Code   RO         2473    i.pm_handler_flash_clean  peer_manager_handler.o
    0x0002e1d4   0x0002e1d4   0x0000001c   Code   RO         2474    i.pm_handler_flash_clean_on_return  peer_manager_handler.o
    0x0002e1f0   0x0002e1f0   0x00000054   Code   RO         2475    i.pm_handler_on_pm_evt  peer_manager_handler.o
    0x0002e244   0x0002e244   0x000002dc   Code   RO         2476    i.pm_handler_pm_evt_log  peer_manager_handler.o
    0x0002e520   0x0002e520   0x00000004   Code   RO         2192    i.pm_im_evt_handler  peer_manager.o
    0x0002e524   0x0002e524   0x000001bc   Code   RO         2193    i.pm_init           peer_manager.o
    0x0002e6e0   0x0002e6e0   0x00000120   Code   RO         2197    i.pm_pdb_evt_handler  peer_manager.o
    0x0002e800   0x0002e800   0x00000014   Code   RO         2208    i.pm_peer_delete    peer_manager.o
    0x0002e814   0x0002e814   0x0000011c   Code   RO         2212    i.pm_peer_rank_highest  peer_manager.o
    0x0002e930   0x0002e930   0x000000ec   Code   RO         2213    i.pm_peer_ranks_get  peer_manager.o
    0x0002ea1c   0x0002ea1c   0x00000094   Code   RO         2214    i.pm_peers_delete   peer_manager.o
    0x0002eab0   0x0002eab0   0x0000002c   Code   RO         2217    i.pm_register       peer_manager.o
    0x0002eadc   0x0002eadc   0x00000014   Code   RO         2218    i.pm_sec_params_set  peer_manager.o
    0x0002eaf0   0x0002eaf0   0x0000000a   Code   RO         2219    i.pm_sm_evt_handler  peer_manager.o
    0x0002eafa   0x0002eafa   0x00000034   Code   RO         2947    i.pnp_id_encode     ble_dis.o
    0x0002eb2e   0x0002eb2e   0x00000002   PAD
    0x0002eb30   0x0002eb30   0x0000003c   Code   RO         6027    i.postfix_process   nrf_log_str_formatter.o
    0x0002eb6c   0x0002eb6c   0x00000098   Code   RO         6028    i.prefix_process    nrf_log_str_formatter.o
    0x0002ec04   0x0002ec04   0x00000018   Code   RO         3653    i.prs_box_get       nrfx_prs.o
    0x0002ec1c   0x0002ec1c   0x0000001c   Code   RO         4528    i.queue_buf_get     fds.o
    0x0002ec38   0x0002ec38   0x00000010   Code   RO         4529    i.queue_buf_store   fds.o
    0x0002ec48   0x0002ec48   0x00000014   Code   RO         5296    i.queue_free        nrf_fstorage_sd.o
    0x0002ec5c   0x0002ec5c   0x000000a0   Code   RO         4530    i.queue_process     fds.o
    0x0002ecfc   0x0002ecfc   0x000000a0   Code   RO         5297    i.queue_process     nrf_fstorage_sd.o
    0x0002ed9c   0x0002ed9c   0x0000001c   Code   RO         4531    i.queue_start       fds.o
    0x0002edb8   0x0002edb8   0x00000024   Code   RO         5298    i.queue_start       nrf_fstorage_sd.o
    0x0002eddc   0x0002eddc   0x0000001c   Code   RO         2479    i.rank_highest      peer_manager_handler.o
    0x0002edf8   0x0002edf8   0x00000028   Code   RO         2222    i.rank_vars_update  peer_manager.o
    0x0002ee20   0x0002ee20   0x0000000e   Code   RO         5299    i.read              nrf_fstorage_sd.o
    0x0002ee2e   0x0002ee2e   0x00000002   PAD
    0x0002ee30   0x0002ee30   0x000000b0   Code   RO         1988    i.reattempt_previous_operations  peer_database.o
    0x0002eee0   0x0002eee0   0x00000088   Code   RO         4532    i.record_find       fds.o
    0x0002ef68   0x0002ef68   0x000000a0   Code   RO         4533    i.record_find_by_desc  fds.o
    0x0002f008   0x0002f008   0x0000005c   Code   RO         4534    i.record_find_next  fds.o
    0x0002f064   0x0002f064   0x00000038   Code   RO         4535    i.record_header_flag_dirty  fds.o
    0x0002f09c   0x0002f09c   0x00000010   Code   RO         2105    i.release           peer_id.o
    0x0002f0ac   0x0002f0ac   0x00000004   Code   RO         5300    i.rmap              nrf_fstorage_sd.o
    0x0002f0b0   0x0002f0b0   0x0000003c   Code   RO         4252    i.rtc1_stop         app_timer.o
    0x0002f0ec   0x0002f0ec   0x00000032   Code   RO         3720    i.rx_byte           nrfx_uart.o
    0x0002f11e   0x0002f11e   0x00000016   Code   RO         3721    i.rx_done_event     nrfx_uart.o
    0x0002f134   0x0002f134   0x00000018   Code   RO         3906    i.rx_done_event     nrfx_uarte.o
    0x0002f14c   0x0002f14c   0x00000024   Code   RO         1324    i.sc_send_pending_handle  gatt_cache_manager.o
    0x0002f170   0x0002f170   0x00000050   Code   RO         3050    i.sd_state_evt_handler  nrf_drv_clock.o
    0x0002f1c0   0x0002f1c0   0x00000030   Code   RO         6432    i.sdh_request_observer_notify  nrf_sdh.o
    0x0002f1f0   0x0002f1f0   0x0000002c   Code   RO         6433    i.sdh_state_observer_notify  nrf_sdh.o
    0x0002f21c   0x0002f21c   0x000000b4   Code   RO         2613    i.sec_info_request_process  security_dispatcher.o
    0x0002f2d0   0x0002f2d0   0x000000f4   Code   RO         2614    i.sec_keyset_fill   security_dispatcher.o
    0x0002f3c4   0x0002f3c4   0x00000076   Code   RO         2749    i.sec_params_verify  security_manager.o
    0x0002f43a   0x0002f43a   0x00000002   PAD
    0x0002f43c   0x0002f43c   0x00000060   Code   RO         2615    i.sec_proc_start    security_dispatcher.o
    0x0002f49c   0x0002f49c   0x00000022   Code   RO         2616    i.send_config_req   security_dispatcher.o
    0x0002f4be   0x0002f4be   0x00000002   PAD
    0x0002f4c0   0x0002f4c0   0x00000010   Code   RO         1034    i.send_error_evt    ble_conn_params.o
    0x0002f4d0   0x0002f4d0   0x00000028   Code   RO         1325    i.send_unexpected_error  gatt_cache_manager.o
    0x0002f4f8   0x0002f4f8   0x00000028   Code   RO         2617    i.send_unexpected_error  security_dispatcher.o
    0x0002f520   0x0002f520   0x00000048   Code   RO           97    i.sensor_simulator_init  main.o
    0x0002f568   0x0002f568   0x0000001c   Code   RO         5654    i.sensorsim_decrement  sensorsim.o
    0x0002f584   0x0002f584   0x0000001c   Code   RO         5655    i.sensorsim_increment  sensorsim.o
    0x0002f5a0   0x0002f5a0   0x00000016   Code   RO         5656    i.sensorsim_init    sensorsim.o
    0x0002f5b6   0x0002f5b6   0x0000001a   Code   RO         5657    i.sensorsim_measure  sensorsim.o
    0x0002f5d0   0x0002f5d0   0x00000040   Code   RO         5739    i.serial_tx         nrf_log_backend_uart.o
    0x0002f610   0x0002f610   0x00000014   Code   RO         1326    i.service_changed_pending_flags_check  gatt_cache_manager.o
    0x0002f624   0x0002f624   0x00000044   Code   RO         1474    i.service_changed_pending_set  gatts_cache_manager.o
    0x0002f668   0x0002f668   0x000000f4   Code   RO         1327    i.service_changed_send_in_evt  gatt_cache_manager.o
    0x0002f75c   0x0002f75c   0x00000088   Code   RO          846    i.service_data_encode  ble_advdata.o
    0x0002f7e4   0x0002f7e4   0x000000e8   Code   RO           98    i.services_init     main.o
    0x0002f8cc   0x0002f8cc   0x00000030   Code   RO         1258    i.set_security_req  ble_srv_common.o
    0x0002f8fc   0x0002f8fc   0x00000028   Code   RO           99    i.sleep_mode_enter  main.o
    0x0002f924   0x0002f924   0x0000002c   Code   RO         2750    i.sm_ble_evt_handler  security_manager.o
    0x0002f950   0x0002f950   0x00000058   Code   RO         2752    i.sm_init           security_manager.o
    0x0002f9a8   0x0002f9a8   0x0000000a   Code   RO         2754    i.sm_link_secure    security_manager.o
    0x0002f9b2   0x0002f9b2   0x00000002   PAD
    0x0002f9b4   0x0002f9b4   0x00000044   Code   RO         2755    i.sm_pdb_evt_handler  security_manager.o
    0x0002f9f8   0x0002f9f8   0x00000034   Code   RO         2757    i.sm_sec_params_set  security_manager.o
    0x0002fa2c   0x0002fa2c   0x00000060   Code   RO         2758    i.sm_smd_evt_handler  security_manager.o
    0x0002fa8c   0x0002fa8c   0x000000f4   Code   RO         2618    i.smd_ble_evt_handler  security_dispatcher.o
    0x0002fb80   0x0002fb80   0x00000068   Code   RO         2620    i.smd_init          security_dispatcher.o
    0x0002fbe8   0x0002fbe8   0x00000028   Code   RO         2621    i.smd_link_secure   security_dispatcher.o
    0x0002fc10   0x0002fc10   0x000000b0   Code   RO         2622    i.smd_params_reply  security_dispatcher.o
    0x0002fcc0   0x0002fcc0   0x00000040   Code   RO         2759    i.smd_params_reply_perform  security_manager.o
    0x0002fd00   0x0002fd00   0x00000018   Code   RO         3051    i.soc_evt_handler   nrf_drv_clock.o
    0x0002fd18   0x0002fd18   0x00000038   Code   RO         6434    i.softdevice_evt_irq_disable  nrf_sdh.o
    0x0002fd50   0x0002fd50   0x00000058   Code   RO         6435    i.softdevices_evt_irq_enable  nrf_sdh.o
    0x0002fda8   0x0002fda8   0x0000008c   Code   RO         5867    i.std_n             nrf_log_frontend.o
    0x0002fe34   0x0002fe34   0x00000058   Code   RO         1328    i.store_car_value   gatt_cache_manager.o
    0x0002fe8c   0x0002fe8c   0x00000042   Code   RO         2948    i.sys_id_encode     ble_dis.o
    0x0002fece   0x0002fece   0x00000002   PAD
    0x0002fed0   0x0002fed0   0x00000038   Code   RO          100    i.temperature_measurement_send  main.o
    0x0002ff08   0x0002ff08   0x00000080   Code   RO         4253    i.timer_list_handler  app_timer.o
    0x0002ff88   0x0002ff88   0x0000003c   Code   RO         4254    i.timer_list_insert  app_timer.o
    0x0002ffc4   0x0002ffc4   0x00000060   Code   RO         4255    i.timer_list_remove  app_timer.o
    0x00030024   0x00030024   0x00000048   Code   RO         4256    i.timer_stop_op_schedule  app_timer.o
    0x0003006c   0x0003006c   0x00000074   Code   RO         4257    i.timer_timeouts_check  app_timer.o
    0x000300e0   0x000300e0   0x00000020   Code   RO         3723    i.tx_byte           nrfx_uart.o
    0x00030100   0x00030100   0x0000001a   Code   RO         3724    i.tx_done_event     nrfx_uart.o
    0x0003011a   0x0003011a   0x00000002   PAD
    0x0003011c   0x0003011c   0x00000030   Code   RO         3178    i.uart_evt_handler  nrf_drv_uart.o
    0x0003014c   0x0003014c   0x0000000c   Code   RO         5740    i.uart_evt_handler  nrf_log_backend_uart.o
    0x00030158   0x00030158   0x00000050   Code   RO         5741    i.uart_init         nrf_log_backend_uart.o
    0x000301a8   0x000301a8   0x00000128   Code   RO         3725    i.uart_irq_handler  nrfx_uart.o
    0x000302d0   0x000302d0   0x00000030   Code   RO         3179    i.uarte_evt_handler  nrf_drv_uart.o
    0x00030300   0x00030300   0x000000f4   Code   RO         3907    i.uarte_irq_handler  nrfx_uarte.o
    0x000303f4   0x000303f4   0x0000000a   Code   RO          847    i.uint16_encode     ble_advdata.o
    0x000303fe   0x000303fe   0x00000002   PAD
    0x00030400   0x00030400   0x00000020   Code   RO         5301    i.uninit            nrf_fstorage_sd.o
    0x00030420   0x00030420   0x000000b4   Code   RO         5173    i.unsigned_print    nrf_fprintf_format.o
    0x000304d4   0x000304d4   0x00000030   Code   RO         1329    i.update_pending_flags_check  gatt_cache_manager.o
    0x00030504   0x00030504   0x00000068   Code   RO         1035    i.update_timeout_handler  ble_conn_params.o
    0x0003056c   0x0003056c   0x00000018   Code   RO          950    i.use_whitelist     ble_advertising.o
    0x00030584   0x00030584   0x0000000c   Code   RO         1116    i.user_flag_is_acquired  ble_conn_state.o
    0x00030590   0x00030590   0x00000024   Code   RO         1809    i.user_mem_reply    nrf_ble_qwr.o
    0x000305b4   0x000305b4   0x00000030   Code   RO         4258    i.user_op_alloc     app_timer.o
    0x000305e4   0x000305e4   0x00000030   Code   RO          848    i.uuid_list_encode  ble_advdata.o
    0x00030614   0x00030614   0x0000009e   Code   RO          849    i.uuid_list_sized_encode  ble_advdata.o
    0x000306b2   0x000306b2   0x0000003a   Code   RO          620    i.wakeup_button_cfg  bsp.o
    0x000306ec   0x000306ec   0x00000004   Code   RO         5302    i.wmap              nrf_fstorage_sd.o
    0x000306f0   0x000306f0   0x00000050   Code   RO         5303    i.write             nrf_fstorage_sd.o
    0x00030740   0x00030740   0x0000014c   Code   RO         1989    i.write_buf_store   peer_database.o
    0x0003088c   0x0003088c   0x00000034   Code   RO         1990    i.write_buffer_record_find  peer_database.o
    0x000308c0   0x000308c0   0x00000030   Code   RO         1991    i.write_buffer_record_find_next  peer_database.o
    0x000308f0   0x000308f0   0x0000001c   Code   RO         1992    i.write_buffer_record_invalidate  peer_database.o
    0x0003090c   0x0003090c   0x0000002c   Code   RO         1993    i.write_buffer_record_release  peer_database.o
    0x00030938   0x00030938   0x000000e8   Code   RO         4537    i.write_enqueue     fds.o
    0x00030a20   0x00030a20   0x000000f4   Code   RO         4538    i.write_execute     fds.o
    0x00030b14   0x00030b14   0x00000018   Code   RO         4539    i.write_space_free  fds.o
    0x00030b2c   0x00030b2c   0x0000005c   Code   RO         4540    i.write_space_reserve  fds.o
    0x00030b88   0x00030b88   0x00000004   Data   RO          103    .constdata          main.o
    0x00030b8c   0x00030b8c   0x00000008   Data   RO          494    .constdata          boards.o
    0x00030b94   0x00030b94   0x0000002c   Data   RO          625    .constdata          bsp.o
    0x00030bc0   0x00030bc0   0x00000074   Data   RO         1330    .constdata          gatt_cache_manager.o
    0x00030c34   0x00030c34   0x00000004   Data   RO         1475    .constdata          gatts_cache_manager.o
    0x00030c38   0x00030c38   0x00000010   Data   RO         1476    .constdata          gatts_cache_manager.o
    0x00030c48   0x00030c48   0x00000004   Data   RO         1477    .constdata          gatts_cache_manager.o
    0x00030c4c   0x00030c4c   0x00000008   Data   RO         1570    .constdata          id_manager.o
    0x00030c54   0x00030c54   0x00000016   Data   RO         1719    .constdata          nrf_ble_gatt.o
    0x00030c6a   0x00030c6a   0x00000002   PAD
    0x00030c6c   0x00030c6c   0x0000001c   Data   RO         1862    .constdata          peer_data_storage.o
    0x00030c88   0x00030c88   0x00000010   Data   RO         1995    .constdata          peer_database.o
    0x00030c98   0x00030c98   0x0000002c   Data   RO         2224    .constdata          peer_manager.o
    0x00030cc4   0x00030cc4   0x00000018   Data   RO         2480    .constdata          peer_manager_handler.o
    0x00030cdc   0x00030cdc   0x0000008c   Data   RO         2624    .constdata          security_dispatcher.o
    0x00030d68   0x00030d68   0x00000004   Data   RO         2760    .constdata          security_manager.o
    0x00030d6c   0x00030d6c   0x00000004   Data   RO         3396    .constdata          nrfx_gpiote.o
    0x00030d70   0x00030d70   0x00000004   Data   RO         3728    .constdata          nrfx_uart.o
    0x00030d74   0x00030d74   0x00000004   Data   RO         3910    .constdata          nrfx_uarte.o
    0x00030d78   0x00030d78   0x00000008   Data   RO         4045    .constdata          app_button.o
    0x00030d80   0x00030d80   0x00000006   Data   RO         4260    .constdata          app_timer.o
    0x00030d86   0x00030d86   0x00000002   PAD
    0x00030d88   0x00030d88   0x00000018   Data   RO         4543    .constdata          fds.o
    0x00030da0   0x00030da0   0x00000010   Data   RO         5174    .constdata          nrf_fprintf_format.o
    0x00030db0   0x00030db0   0x0000005e   Data   RO         5216    .constdata          nrf_fstorage.o
    0x00030e0e   0x00030e0e   0x00000002   PAD
    0x00030e10   0x00030e10   0x00000010   Data   RO         5306    .constdata          nrf_fstorage_sd.o
    0x00030e20   0x00030e20   0x00000020   Data   RO         5307    .constdata          nrf_fstorage_sd.o
    0x00030e40   0x00030e40   0x00000018   Data   RO         5477    .constdata          nrf_pwr_mgmt.o
    0x00030e58   0x00030e58   0x0000000c   Data   RO         5478    .constdata          nrf_pwr_mgmt.o
    0x00030e64   0x00030e64   0x0000013c   Data   RO         5629    .constdata          nrf_strerror.o
    0x00030fa0   0x00030fa0   0x0000000c   Data   RO         5743    .constdata          nrf_log_backend_uart.o
    0x00030fac   0x00030fac   0x00000020   Data   RO         5744    .constdata          nrf_log_backend_uart.o
    0x00030fcc   0x00030fcc   0x0000000c   Data   RO         5872    .constdata          nrf_log_frontend.o
    0x00030fd8   0x00030fd8   0x00000010   Data   RO         6436    .constdata          nrf_sdh.o
    0x00030fe8   0x00030fe8   0x00000028   Data   RO         6437    .constdata          nrf_sdh.o
    0x00031010   0x00031010   0x00000010   Data   RO         6438    .constdata          nrf_sdh.o
    0x00031020   0x00031020   0x00000010   Data   RO         6439    .constdata          nrf_sdh.o
    0x00031030   0x00031030   0x00000020   Data   RO         6543    .constdata          nrf_sdh_ble.o
    0x00031050   0x00031050   0x00000010   Data   RO         6544    .constdata          nrf_sdh_ble.o
    0x00031060   0x00031060   0x00000010   Data   RO         6590    .constdata          nrf_sdh_soc.o
    0x00031070   0x00031070   0x0000000c   Data   RO         6591    .constdata          nrf_sdh_soc.o
    0x0003107c   0x0003107c   0x00000081   Data   RO         6631    .constdata          mc_w.l(ctype_o.o)
    0x000310fd   0x000310fd   0x00000003   PAD
    0x00031100   0x00031100   0x00000004   Data   RO         6632    .constdata          mc_w.l(ctype_o.o)
    0x00031104   0x00031104   0x000001a4   Data   RO         1331    .conststring        gatt_cache_manager.o
    0x000312a8   0x000312a8   0x00000144   Data   RO         1478    .conststring        gatts_cache_manager.o
    0x000313ec   0x000313ec   0x000000a2   Data   RO         1720    .conststring        nrf_ble_gatt.o
    0x0003148e   0x0003148e   0x00000002   PAD
    0x00031490   0x00031490   0x000000e8   Data   RO         1863    .conststring        peer_data_storage.o
    0x00031578   0x00031578   0x00000180   Data   RO         1996    .conststring        peer_database.o
    0x000316f8   0x000316f8   0x00000090   Data   RO         2225    .conststring        peer_manager.o
    0x00031788   0x00031788   0x000002ca   Data   RO         2481    .conststring        peer_manager_handler.o
    0x00031a52   0x00031a52   0x00000002   PAD
    0x00031a54   0x00031a54   0x00000242   Data   RO         2625    .conststring        security_dispatcher.o
    0x00031c96   0x00031c96   0x00000002   PAD
    0x00031c98   0x00031c98   0x0000017b   Data   RO         2761    .conststring        security_manager.o
    0x00031e13   0x00031e13   0x00000001   PAD
    0x00031e14   0x00031e14   0x0000004f   Data   RO         5217    .conststring        nrf_fstorage.o
    0x00031e63   0x00031e63   0x00000001   PAD
    0x00031e64   0x00031e64   0x000003eb   Data   RO         5630    .conststring        nrf_strerror.o
    0x0003224f   0x0003224f   0x00000001   PAD
    0x00032250   0x00032250   0x00000066   Data   RO         6029    .conststring        nrf_log_str_formatter.o
    0x000322b6   0x000322b6   0x00000002   PAD
    0x000322b8   0x000322b8   0x00000188   Data   RO         6545    .conststring        nrf_sdh_ble.o
    0x00032440   0x00032440   0x00000011   Data   RO         1332    .conststrlit        gatt_cache_manager.o
    0x00032451   0x00032451   0x00000003   PAD
    0x00032454   0x00032454   0x00000012   Data   RO         1479    .conststrlit        gatts_cache_manager.o
    0x00032466   0x00032466   0x00000002   PAD
    0x00032468   0x00032468   0x00000010   Data   RO         1572    .conststrlit        id_manager.o
    0x00032478   0x00032478   0x0000000d   Data   RO         1721    .conststrlit        nrf_ble_gatt.o
    0x00032485   0x00032485   0x00000003   PAD
    0x00032488   0x00032488   0x00000011   Data   RO         1864    .conststrlit        peer_data_storage.o
    0x00032499   0x00032499   0x00000003   PAD
    0x0003249c   0x0003249c   0x00000011   Data   RO         1997    .conststrlit        peer_database.o
    0x000324ad   0x000324ad   0x00000003   PAD
    0x000324b0   0x000324b0   0x0000000d   Data   RO         2226    .conststrlit        peer_manager.o
    0x000324bd   0x000324bd   0x00000003   PAD
    0x000324c0   0x000324c0   0x00000015   Data   RO         2483    .conststrlit        peer_manager_handler.o
    0x000324d5   0x000324d5   0x00000003   PAD
    0x000324d8   0x000324d8   0x00000011   Data   RO         2626    .conststrlit        security_dispatcher.o
    0x000324e9   0x000324e9   0x00000003   PAD
    0x000324ec   0x000324ec   0x00000010   Data   RO         2762    .conststrlit        security_manager.o
    0x000324fc   0x000324fc   0x00000008   Data   RO         2895    .conststrlit        ble_bas.o
    0x00032504   0x00032504   0x00000006   Data   RO         3057    .conststrlit        nrf_drv_clock.o
    0x0003250a   0x0003250a   0x00000002   PAD
    0x0003250c   0x0003250c   0x00000006   Data   RO         3242    .conststrlit        nrfx_clock.o
    0x00032512   0x00032512   0x00000002   PAD
    0x00032514   0x00032514   0x00000007   Data   RO         3400    .conststrlit        nrfx_gpiote.o
    0x0003251b   0x0003251b   0x00000001   PAD
    0x0003251c   0x0003251c   0x00000004   Data   RO         3655    .conststrlit        nrfx_prs.o
    0x00032520   0x00032520   0x00000005   Data   RO         3731    .conststrlit        nrfx_uart.o
    0x00032525   0x00032525   0x00000003   PAD
    0x00032528   0x00032528   0x00000006   Data   RO         3913    .conststrlit        nrfx_uarte.o
    0x0003252e   0x0003252e   0x00000002   PAD
    0x00032530   0x00032530   0x0000000d   Data   RO         5218    .conststrlit        nrf_fstorage.o
    0x0003253d   0x0003253d   0x00000003   PAD
    0x00032540   0x00032540   0x00000009   Data   RO         5479    .conststrlit        nrf_pwr_mgmt.o
    0x00032549   0x00032549   0x00000003   PAD
    0x0003254c   0x0003254c   0x00000011   Data   RO         5811    .conststrlit        nrf_log_default_backends.o
    0x0003255d   0x0003255d   0x00000003   PAD
    0x00032560   0x00032560   0x00000004   Data   RO         5873    .conststrlit        nrf_log_frontend.o
    0x00032564   0x00032564   0x00000008   Data   RO         6440    .conststrlit        nrf_sdh.o
    0x0003256c   0x0003256c   0x0000000c   Data   RO         6546    .conststrlit        nrf_sdh_ble.o
    0x00032578   0x00032578   0x0000000c   Data   RO         6592    .conststrlit        nrf_sdh_soc.o
    0x00032584   0x00032584   0x00000020   Data   RO         6692    Region$$Table       anon$$obj.o
    0x000325a4   0x000325a4   0x00000010   Data   RO         5813    log_backends        nrf_log_default_backends.o
    0x000325b4   0x000325b4   0x00000008   Data   RO         1334    log_const_data      gatt_cache_manager.o
    0x000325bc   0x000325bc   0x00000008   Data   RO         1481    log_const_data      gatts_cache_manager.o
    0x000325c4   0x000325c4   0x00000008   Data   RO         1574    log_const_data      id_manager.o
    0x000325cc   0x000325cc   0x00000008   Data   RO         1722    log_const_data      nrf_ble_gatt.o
    0x000325d4   0x000325d4   0x00000008   Data   RO         1866    log_const_data      peer_data_storage.o
    0x000325dc   0x000325dc   0x00000008   Data   RO         1999    log_const_data      peer_database.o
    0x000325e4   0x000325e4   0x00000008   Data   RO         2228    log_const_data      peer_manager.o
    0x000325ec   0x000325ec   0x00000008   Data   RO         2486    log_const_data      peer_manager_handler.o
    0x000325f4   0x000325f4   0x00000008   Data   RO         2628    log_const_data      security_dispatcher.o
    0x000325fc   0x000325fc   0x00000008   Data   RO         2764    log_const_data      security_manager.o
    0x00032604   0x00032604   0x00000008   Data   RO         2896    log_const_data      ble_bas.o
    0x0003260c   0x0003260c   0x00000008   Data   RO         3058    log_const_data      nrf_drv_clock.o
    0x00032614   0x00032614   0x00000008   Data   RO         3244    log_const_data      nrfx_clock.o
    0x0003261c   0x0003261c   0x00000008   Data   RO         3401    log_const_data      nrfx_gpiote.o
    0x00032624   0x00032624   0x00000008   Data   RO         3657    log_const_data      nrfx_prs.o
    0x0003262c   0x0003262c   0x00000008   Data   RO         3732    log_const_data      nrfx_uart.o
    0x00032634   0x00032634   0x00000008   Data   RO         3914    log_const_data      nrfx_uarte.o
    0x0003263c   0x0003263c   0x00000008   Data   RO         5219    log_const_data      nrf_fstorage.o
    0x00032644   0x00032644   0x00000008   Data   RO         5481    log_const_data      nrf_pwr_mgmt.o
    0x0003264c   0x0003264c   0x00000008   Data   RO         5876    log_const_data      nrf_log_frontend.o
    0x00032654   0x00032654   0x00000008   Data   RO         6442    log_const_data      nrf_sdh.o
    0x0003265c   0x0003265c   0x00000008   Data   RO         6548    log_const_data      nrf_sdh_ble.o
    0x00032664   0x00032664   0x00000008   Data   RO         6593    log_const_data      nrf_sdh_soc.o
    0x0003266c   0x0003266c   0x00000014   Data   RO         5877    nrf_balloc          nrf_log_frontend.o
    0x00032680   0x00032680   0x00000008   Data   RO         1118    sdh_ble_observers0  ble_conn_state.o
    0x00032688   0x00032688   0x00000010   Data   RO          105    sdh_ble_observers1  main.o
    0x00032698   0x00032698   0x00000008   Data   RO          724    sdh_ble_observers1  bsp_btn_ble.o
    0x000326a0   0x000326a0   0x00000008   Data   RO         1038    sdh_ble_observers1  ble_conn_params.o
    0x000326a8   0x000326a8   0x00000008   Data   RO         2229    sdh_ble_observers1  peer_manager.o
    0x000326b0   0x000326b0   0x00000018   Data   RO          106    sdh_ble_observers2  main.o
    0x000326c8   0x000326c8   0x00000008   Data   RO          107    sdh_ble_observers3  main.o
    0x000326d0   0x000326d0   0x00000008   Data   RO         5309    sdh_req_observers0  nrf_fstorage_sd.o
    0x000326d8   0x000326d8   0x00000008   Data   RO         3059    sdh_soc_observers0  nrf_drv_clock.o
    0x000326e0   0x000326e0   0x00000008   Data   RO         5310    sdh_soc_observers0  nrf_fstorage_sd.o
    0x000326e8   0x000326e8   0x00000008   Data   RO          108    sdh_soc_observers1  main.o
    0x000326f0   0x000326f0   0x00000008   Data   RO         6549    sdh_stack_observers0  nrf_sdh_ble.o
    0x000326f8   0x000326f8   0x00000008   Data   RO         6594    sdh_stack_observers0  nrf_sdh_soc.o
    0x00032700   0x00032700   0x00000008   Data   RO         3060    sdh_state_observers0  nrf_drv_clock.o
    0x00032708   0x00032708   0x00000008   Data   RO         5311    sdh_state_observers0  nrf_fstorage_sd.o


    Execution Region RW_IRAM1 (Exec base: 0x20002218, Load base: 0x00032710, Size: 0x000032d0, Max: 0x0000dde8, ABSOLUTE, COMPRESSED[0x0000009c])

    Exec Addr    Load Addr    Size         Type   Attr      Idx    E Section Name        Object

    0x20002218   COMPRESSED   0x00000004   Data   RW           14    .data               system_nrf52.o
    0x2000221c   COMPRESSED   0x00000028   Data   RW          104    .data               main.o
    0x20002244   COMPRESSED   0x00000010   Data   RW          626    .data               bsp.o
    0x20002254   COMPRESSED   0x00000008   Data   RW          723    .data               bsp_btn_ble.o
    0x2000225c   COMPRESSED   0x00000008   Data   RW         1037    .data               ble_conn_params.o
    0x20002264   COMPRESSED   0x00000010   Data   RW         1333    .data               gatt_cache_manager.o
    0x20002274   COMPRESSED   0x00000006   Data   RW         1480    .data               gatts_cache_manager.o
    0x2000227a   COMPRESSED   0x00000002   PAD
    0x2000227c   COMPRESSED   0x0000000c   Data   RW         1865    .data               peer_data_storage.o
    0x20002288   COMPRESSED   0x00000008   Data   RW         1998    .data               peer_database.o
    0x20002290   COMPRESSED   0x00000010   Data   RW         2227    .data               peer_manager.o
    0x200022a0   COMPRESSED   0x00000060   Data   RW         2484    .data               peer_manager_handler.o
    0x20002300   COMPRESSED   0x00000005   Data   RW         2627    .data               security_dispatcher.o
    0x20002305   COMPRESSED   0x00000003   PAD
    0x20002308   COMPRESSED   0x00000015   Data   RW         2763    .data               security_manager.o
    0x2000231d   COMPRESSED   0x00000001   PAD
    0x2000231e   COMPRESSED   0x0000004a   Data   RW         2949    .data               ble_dis.o
    0x20002368   COMPRESSED   0x0000000c   Data   RW         3180    .data               nrf_drv_uart.o
    0x20002374   COMPRESSED   0x00000008   Data   RW         3243    .data               nrfx_clock.o
    0x2000237c   COMPRESSED   0x00000008   Data   RW         3656    .data               nrfx_prs.o
    0x20002384   COMPRESSED   0x00000004   PAD
    0x20002388   COMPRESSED   0x00000020   Data   RW         4046    .data               app_button.o
    0x200023a8   COMPRESSED   0x00000014   Data   RW         4261    .data               app_timer.o
    0x200023bc   COMPRESSED   0x00000030   Data   RW         4544    .data               fds.o
    0x200023ec   COMPRESSED   0x00000008   Data   RW         5308    .data               nrf_fstorage_sd.o
    0x200023f4   COMPRESSED   0x00000008   Data   RW         5480    .data               nrf_pwr_mgmt.o
    0x200023fc   COMPRESSED   0x00000018   Data   RW         5745    .data               nrf_log_backend_uart.o
    0x20002414   COMPRESSED   0x00000008   Data   RW         5812    .data               nrf_log_default_backends.o
    0x2000241c   COMPRESSED   0x00000008   Data   RW         5874    .data               nrf_log_frontend.o
    0x20002424   COMPRESSED   0x00000008   Data   RW         5875    .data               nrf_log_frontend.o
    0x2000242c   COMPRESSED   0x00000040   Data   RW         6030    .data               nrf_log_str_formatter.o
    0x2000246c   COMPRESSED   0x00000003   Data   RW         6441    .data               nrf_sdh.o
    0x2000246f   COMPRESSED   0x00000001   Data   RW         6547    .data               nrf_sdh_ble.o
    0x20002470   COMPRESSED   0x00000014   Data   RW         4545    fs_data             fds.o
    0x20002484        -       0x00000020   Zero   RW          101    .bss                main.o
    0x200024a4        -       0x000002c8   Zero   RW          102    .bss                main.o
    0x2000276c        -       0x00000020   Zero   RW          621    .bss                bsp.o
    0x2000278c        -       0x00000020   Zero   RW          622    .bss                bsp.o
    0x200027ac        -       0x0000000c   Zero   RW          623    .bss                bsp.o
    0x200027b8        -       0x00000020   Zero   RW          624    .bss                bsp.o
    0x200027d8        -       0x00000050   Zero   RW         1036    .bss                ble_conn_params.o
    0x20002828        -       0x00000078   Zero   RW         1117    .bss                ble_conn_state.o
    0x200028a0        -       0x000000d8   Zero   RW         1569    .bss                id_manager.o
    0x20002978        -       0x00000180   Zero   RW         1994    .bss                peer_database.o
    0x20002af8        -       0x00000040   Zero   RW         2106    .bss                peer_id.o
    0x20002b38        -       0x0000000c   Zero   RW         2223    .bss                peer_manager.o
    0x20002b44        -       0x00000040   Zero   RW         2623    .bss                security_dispatcher.o
    0x20002b84        -       0x00000014   Zero   RW         3052    .bss                nrf_drv_clock.o
    0x20002b98        -       0x0000005c   Zero   RW         3395    .bss                nrfx_gpiote.o
    0x20002bf4        -       0x0000002c   Zero   RW         3726    .bss                nrfx_uart.o
    0x20002c20        -       0x00000024   Zero   RW         3908    .bss                nrfx_uarte.o
    0x20002c44        -       0x00000020   Zero   RW         4044    .bss                app_button.o
    0x20002c64        -       0x0000010c   Zero   RW         4259    .bss                app_timer.o
    0x20002d70        -       0x0000000c   Zero   RW         4408    .bss                app_util_platform.o
    0x20002d7c        -       0x00000010   Zero   RW         4541    .bss                fds.o
    0x20002d8c        -       0x000000e0   Zero   RW         4542    .bss                fds.o
    0x20002e6c        -       0x00000010   Zero   RW         5304    .bss                nrf_fstorage_sd.o
    0x20002e7c        -       0x000000a0   Zero   RW         5305    .bss                nrf_fstorage_sd.o
    0x20002f1c        -       0x0000000c   Zero   RW         5476    .bss                nrf_pwr_mgmt.o
    0x20002f28        -       0x00000040   Zero   RW         5742    .bss                nrf_log_backend_uart.o
    0x20002f68        -       0x000000c0   Zero   RW         5868    .bss                nrf_log_frontend.o
    0x20003028        -       0x00000080   Zero   RW         5869    .bss                nrf_log_frontend.o
    0x200030a8        -       0x00000018   Zero   RW         5870    .bss                nrf_log_frontend.o
    0x200030c0        -       0x00000424   Zero   RW         5871    .bss                nrf_log_frontend.o
    0x200034e4   COMPRESSED   0x00000004   PAD
    0x200034e8        -       0x00002000   Zero   RW            1    STACK               arm_startup_nrf52.o


==============================================================================

Image component sizes


      Code (inc. data)   RO Data    RW Data    ZI Data      Debug   Object Name

       440         36          8         32         32      12830   app_button.o
        22          0          0          0          0       2405   app_error.o
       128         44          0          0          0       3898   app_error_weak.o
         0          0          0          0          0      36658   app_scheduler.o
      1506        118          6         20        268      47523   app_timer.o
       124         14          0          0         12       6450   app_util_platform.o
        36          8        512          0       8192        956   arm_startup_nrf52.o
      1324          0          0          0          0      52504   ble_advdata.o
      1094          6          0          0          0      10752   ble_advertising.o
       502          0         16          0          0       6311   ble_bas.o
       636         44          8          8         80       9015   ble_conn_params.o
       730         60          8          0        120      14401   ble_conn_state.o
       530         12          0         74          0       5431   ble_dis.o
       576          0          0          0          0      46137   ble_hts.o
       664          6          0          0          0       6396   ble_srv_common.o
       358         40          8          0          0      18303   boards.o
       998         84         44         16        108      15055   bsp.o
       252         10          8          8          0       4656   bsp_btn_ble.o
      3418        314         24         68        240      48691   fds.o
      1848        544        561         16          0      24039   gatt_cache_manager.o
       578         70        374          6          0       8779   gatts_cache_manager.o
       946         34         32          0        216      14632   id_manager.o
      1804        318         60         40        744     196350   main.o
       342          0          0          0          0       6510   nrf_atfifo.o
       170          0          0          0          0       4600   nrf_atflags.o
       332          0          0          0          0       9814   nrf_atomic.o
       164          0          0          0          0       3528   nrf_balloc.o
       922        272        205          0          0      36127   nrf_ble_gatt.o
       276          0          0          0          0       4573   nrf_ble_qwr.o
       276         34         30          0         20      37180   nrf_drv_clock.o
       200         26          0         12          0      17620   nrf_drv_uart.o
        50          0          0          0          0       3429   nrf_fprintf.o
       850          4         16          0          0       5358   nrf_fprintf_format.o
       972        432        194          0          0       7800   nrf_fstorage.o
       798         82         72          8        176      15555   nrf_fstorage_sd.o
       200          0          0          0          0      11417   nrf_log_backend_serial.o
       232         44         44         24         64      20734   nrf_log_backend_uart.o
        28          4         33          8          0       3261   nrf_log_default_backends.o
      1512        114         44         16       1404      30792   nrf_log_frontend.o
       566        108        102         64          0       5476   nrf_log_str_formatter.o
       346          0          0          0          0       9347   nrf_memobj.o
       108         16         53          8         12      32150   nrf_pwr_mgmt.o
        28          0          0          0          0       2291   nrf_ringbuf.o
       552         60        104          3          0      41088   nrf_sdh.o
       672        232        468          1          0       5713   nrf_sdh_ble.o
        60          4         56          0          0       2396   nrf_sdh_soc.o
        78          0          0          0          0       2676   nrf_section_iter.o
        76         10       1319          0          0       2643   nrf_strerror.o
       226         30         14          8          0      40782   nrfx_clock.o
      1226         92         19          0         92      57747   nrfx_gpiote.o
       112         16         12          8          0       4344   nrfx_prs.o
      1292         40         17          0         44      30617   nrfx_uart.o
      1134         44         18          0         36      23779   nrfx_uarte.o
      1152        144        285         12          0      15614   peer_data_storage.o
      1442        260        425          8        384      18966   peer_database.o
       314         38          0          0         64       8827   peer_id.o
      1774        456        217         16         12      18961   peer_manager.o
      1720        822        767         96          0      13064   peer_manager_handler.o
       234          0          0          0          0       5307   pm_buffer.o
      1912        260        743          5         64      26199   security_dispatcher.o
      1108        114        407         21          0      49026   security_manager.o
       104          0          0          0          0       3299   sensorsim.o
       792         68          0          4          0      63010   system_nrf52.o

    ----------------------------------------------------------------------
     42944       5588       7424        620      12388    1293792   Object Totals
         0          0         32          0          0          0   (incl. Generated)
        78          0         59         10          4          0   (incl. Padding)

    ----------------------------------------------------------------------

      Code (inc. data)   RO Data    RW Data    ZI Data      Debug   Library Member Name

        86          0          0          0          0          0   __dczerorl2.o
         8          4        133          0          0         68   ctype_o.o
         0          0          0          0          0          0   entry.o
         0          0          0          0          0          0   entry10a.o
         0          0          0          0          0          0   entry11a.o
         8          4          0          0          0          0   entry2.o
         4          0          0          0          0          0   entry5.o
         0          0          0          0          0          0   entry7b.o
         0          0          0          0          0          0   entry8b.o
         8          4          0          0          0          0   entry9a.o
        30          0          0          0          0          0   handlers.o
        36          8          0          0          0         68   init.o
        30          0          0          0          0         68   llshl.o
        32          0          0          0          0         68   llushr.o
        26          0          0          0          0         80   memcmp.o
        36          0          0          0          0         68   memcpya.o
        36          0          0          0          0        108   memseta.o
        14          0          0          0          0         68   strlen.o
        98          0          0          0          0         92   uldiv.o

    ----------------------------------------------------------------------
       456         20        136          0          0        688   Library Totals
         4          0          3          0          0          0   (incl. Padding)

    ----------------------------------------------------------------------

      Code (inc. data)   RO Data    RW Data    ZI Data      Debug   Library Name

       452         20        133          0          0        688   mc_w.l

    ----------------------------------------------------------------------
       456         20        136          0          0        688   Library Totals

    ----------------------------------------------------------------------

==============================================================================


      Code (inc. data)   RO Data    RW Data    ZI Data      Debug   

     43400       5608       7560        620      12388    1242056   Grand Totals
     43400       5608       7560        156      12388    1242056   ELF Image Totals (compressed)
     43400       5608       7560        156          0          0   ROM Totals

==============================================================================

    Total RO  Size (Code + RO Data)                50960 (  49.77kB)
    Total RW  Size (RW Data + ZI Data)             13008 (  12.70kB)
    Total ROM Size (Code + RO Data + RW Data)      51116 (  49.92kB)

==============================================================================

