<html>
<body>
<pre>
<h1>µVision Build Log</h1>
<h2>Tool Versions:</h2>
IDE-Version: ¦ÌVision V5.24.2.0
Copyright (C) 2017 ARM Ltd and ARM Germany GmbH. All rights reserved.
License Information: t worke, t, LIC=50DUH-WNBV6-ZCFJY-IBJ13-TK5D8-KSBFK
 
Tool Versions:
Toolchain:       MDK-ARM Professional  Version: 5.24.1
Toolchain Path:  C:\Keil_v5\ARM\ARMCC\Bin
C Compiler:      Armcc.exe V5.06 update 5 (build 528)
Assembler:       Armasm.exe V5.06 update 5 (build 528)
Linker/Locator:  ArmLink.exe V5.06 update 5 (build 528)
Library Manager: ArmAr.exe V5.06 update 5 (build 528)
Hex Converter:   FromElf.exe V5.06 update 5 (build 528)
CPU DLL:         
Dialog DLL:      
Target DLL:      Segger\JL2CM3.dll V2.99.13.0
Dialog DLL:      TCM.DLL V1.32.0.0
 
<h2>Project:</h2>
D:\prj\temp\nRF5_SDK_15.2.0_9412b96\examples\ble_peripheral\ble_app_uart\pca10040\s132\arm5_no_packs\ble_app_uart_pca10040_s132.uvprojx
Project File Date:  05/04/2019

<h2>Output:</h2>
*** Using Compiler 'V5.06 update 5 (build 528)', folder: 'C:\Keil_v5\ARM\ARMCC\Bin'
Build target 'nrf52832_xxaa'
compiling utf.c...
compiling bsp.c...
compiling boards.c...
compiling ble_advertising.c...
compiling ble_advdata.c...
compiling ble_conn_params.c...
compiling bsp_btn_ble.c...
compiling main.c...
compiling ble_srv_common.c...
compiling ble_link_ctx_manager.c...
compiling ble_conn_state.c...
compiling ble_nus.c...
compiling nrf_ble_gatt.c...
compiling nrf_ble_qwr.c...
compiling nrf_drv_clock.c...
compiling nrfx_power_clock.c...
compiling nrf_drv_uart.c...
compiling nrfx_clock.c...
compiling nrfx_uart.c...
compiling nrfx_gpiote.c...
compiling nrfx_uarte.c...
compiling nrfx_prs.c...
compiling app_error.c...
compiling app_fifo.c...
compiling app_scheduler.c...
compiling app_error_handler_keil.c...
compiling app_button.c...
compiling app_error_weak.c...
compiling app_timer.c...
compiling app_util_platform.c...
compiling nrf_assert.c...
compiling nrf_atfifo.c...
compiling app_uart_fifo.c...
compiling hardfault_implementation.c...
compiling nrf_atflags.c...
compiling nrf_atomic.c...
compiling nrf_balloc.c...
compiling nrf_fprintf.c...
compiling nrf_fprintf_format.c...
compiling nrf_memobj.c...
compiling nrf_section_iter.c...
compiling nrf_ringbuf.c...
compiling nrf_pwr_mgmt.c...
compiling nrf_strerror.c...
compiling retarget.c...
compiling SEGGER_RTT_Syscalls_KEIL.c...
compiling nrf_log_backend_serial.c...
compiling nrf_log_backend_rtt.c...
compiling nrf_log_str_formatter.c...
compiling nrf_log_default_backends.c...
compiling SEGGER_RTT.c...
compiling nrf_log_frontend.c...
assembling arm_startup_nrf52.s...
compiling SEGGER_RTT_printf.c...
compiling system_nrf52.c...
compiling nrf_sdh_soc.c...
compiling nrf_sdh.c...
compiling nrf_sdh_ble.c...
linking...
Program Size: Code=23612 RO-data=3556 RW-data=304 ZI-data=12552  
FromELF: creating hex file...
".\_build\nrf52832_xxaa.axf" - 0 Error(s), 0 Warning(s).

<h2>Software Packages used:</h2>

Package Vendor: ARM
                http://www.keil.com/pack/ARM.CMSIS.4.5.0.pack
                ARM.CMSIS.4.5.0
                CMSIS (Cortex Microcontroller Software Interface Standard)
   * Component: CORE Version: 4.3.0

Package Vendor: NordicSemiconductor
                http://developer.nordicsemi.com/nRF5_SDK/pieces/nRF_DeviceFamilyPack/NordicSemiconductor.nRF_DeviceFamilyPack.8.17.0.pack
                NordicSemiconductor.nRF_DeviceFamilyPack.8.17.0
                Nordic Semiconductor nRF ARM devices Device Family Pack.
   * Component: Startup Version: 8.17.0

<h2>Collection of Component include folders:</h2>
  .\RTE\_nrf52832_xxaa
  C:\Keil_v5\ARM\PACK\ARM\CMSIS\4.5.0\CMSIS\Include
  C:\Keil_v5\ARM\PACK\NordicSemiconductor\nRF_DeviceFamilyPack\8.17.0\Device\Include

<h2>Collection of Component Files used:</h2>

   * Component: NordicSemiconductor::Device:Startup:8.17.0
      Source file:   Device\Source\system_nrf52.c
      Source file:   Device\Source\arm\arm_startup_nrf52.s
      Include file:  Device\Include\system_nrf52.h

   * Component: ARM::CMSIS:CORE:4.3.0
Build Time Elapsed:  00:00:29
</pre>
</body>
</html>
