Component: ARM Compiler 5.06 update 5 (build 528) Tool: armlink [4d35e2]

==============================================================================

Section Cross References

    main.o(i.main) refers to nrf_log_frontend.o(i.nrf_log_init) for nrf_log_init
    main.o(i.main) refers to app_error.o(i.app_error_handler_bare) for app_error_handler_bare
    main.o(i.main) refers to nrf_log_default_backends.o(i.nrf_log_default_backends_init) for nrf_log_default_backends_init
    main.o(i.main) refers to nrf_pwr_mgmt.o(i.nrf_pwr_mgmt_init) for nrf_pwr_mgmt_init
    main.o(i.main) refers to main.o(i.saadc_init) for saadc_init
    main.o(i.main) refers to main.o(i.saadc_sampling_event_init) for saadc_sampling_event_init
    main.o(i.main) refers to main.o(i.saadc_sampling_event_enable) for saadc_sampling_event_enable
    main.o(i.main) refers to nrf_log_frontend.o(i.nrf_log_frontend_std_0) for nrf_log_frontend_std_0
    main.o(i.main) refers to nrf_pwr_mgmt.o(i.nrf_pwr_mgmt_run) for nrf_pwr_mgmt_run
    main.o(i.main) refers to nrf_log_frontend.o(i.nrf_log_frontend_dequeue) for nrf_log_frontend_dequeue
    main.o(i.main) refers to nrf_log_frontend.o(log_const_data) for m_nrf_log_app_logs_data_const
    main.o(i.saadc_callback) refers to nrfx_saadc.o(i.nrfx_saadc_buffer_convert) for nrfx_saadc_buffer_convert
    main.o(i.saadc_callback) refers to app_error.o(i.app_error_handler_bare) for app_error_handler_bare
    main.o(i.saadc_callback) refers to nrf_log_frontend.o(i.nrf_log_frontend_std_1) for nrf_log_frontend_std_1
    main.o(i.saadc_callback) refers to nrf_log_frontend.o(log_const_data) for m_nrf_log_app_logs_data_const
    main.o(i.saadc_callback) refers to main.o(.data) for .data
    main.o(i.saadc_init) refers to nrfx_saadc.o(i.nrfx_saadc_init) for nrfx_saadc_init
    main.o(i.saadc_init) refers to app_error.o(i.app_error_handler_bare) for app_error_handler_bare
    main.o(i.saadc_init) refers to nrfx_saadc.o(i.nrfx_saadc_channel_init) for nrfx_saadc_channel_init
    main.o(i.saadc_init) refers to nrfx_saadc.o(i.nrfx_saadc_buffer_convert) for nrfx_saadc_buffer_convert
    main.o(i.saadc_init) refers to main.o(.constdata) for .constdata
    main.o(i.saadc_init) refers to main.o(i.saadc_callback) for saadc_callback
    main.o(i.saadc_init) refers to main.o(.bss) for .bss
    main.o(i.saadc_sampling_event_enable) refers to nrfx_ppi.o(i.nrfx_ppi_channel_enable) for nrfx_ppi_channel_enable
    main.o(i.saadc_sampling_event_enable) refers to app_error.o(i.app_error_handler_bare) for app_error_handler_bare
    main.o(i.saadc_sampling_event_enable) refers to main.o(.data) for .data
    main.o(i.saadc_sampling_event_init) refers to nrf_drv_ppi.o(i.nrf_drv_ppi_init) for nrf_drv_ppi_init
    main.o(i.saadc_sampling_event_init) refers to app_error.o(i.app_error_handler_bare) for app_error_handler_bare
    main.o(i.saadc_sampling_event_init) refers to nrfx_timer.o(i.nrfx_timer_init) for nrfx_timer_init
    main.o(i.saadc_sampling_event_init) refers to nrfx_timer.o(i.nrfx_timer_extended_compare) for nrfx_timer_extended_compare
    main.o(i.saadc_sampling_event_init) refers to nrfx_timer.o(i.nrfx_timer_enable) for nrfx_timer_enable
    main.o(i.saadc_sampling_event_init) refers to nrfx_saadc.o(i.nrfx_saadc_sample_task_get) for nrfx_saadc_sample_task_get
    main.o(i.saadc_sampling_event_init) refers to nrfx_ppi.o(i.nrfx_ppi_channel_alloc) for nrfx_ppi_channel_alloc
    main.o(i.saadc_sampling_event_init) refers to nrfx_ppi.o(i.nrfx_ppi_channel_assign) for nrfx_ppi_channel_assign
    main.o(i.saadc_sampling_event_init) refers to main.o(.constdata) for .constdata
    main.o(i.saadc_sampling_event_init) refers to main.o(i.timer_handler) for timer_handler
    main.o(i.saadc_sampling_event_init) refers to main.o(.data) for .data
    boards.o(i.bsp_board_button_idx_to_pin) refers to boards.o(.constdata) for .constdata
    boards.o(i.bsp_board_button_state_get) refers to boards.o(.constdata) for .constdata
    boards.o(i.bsp_board_init) refers to boards.o(i.nrf_gpio_cfg) for nrf_gpio_cfg
    boards.o(i.bsp_board_init) refers to boards.o(i.bsp_board_leds_off) for bsp_board_leds_off
    boards.o(i.bsp_board_init) refers to boards.o(.constdata) for .constdata
    boards.o(i.bsp_board_led_idx_to_pin) refers to boards.o(.constdata) for .constdata
    boards.o(i.bsp_board_led_invert) refers to boards.o(.constdata) for .constdata
    boards.o(i.bsp_board_led_off) refers to boards.o(i.nrf_gpio_pin_write) for nrf_gpio_pin_write
    boards.o(i.bsp_board_led_off) refers to boards.o(.constdata) for .constdata
    boards.o(i.bsp_board_led_on) refers to boards.o(i.nrf_gpio_pin_write) for nrf_gpio_pin_write
    boards.o(i.bsp_board_led_on) refers to boards.o(.constdata) for .constdata
    boards.o(i.bsp_board_led_state_get) refers to boards.o(.constdata) for .constdata
    boards.o(i.bsp_board_leds_off) refers to boards.o(i.bsp_board_led_off) for bsp_board_led_off
[...]
    ../clib/microlib/stubs.s                 0x00000000   Number         0  iusesemip.o ABSOLUTE
    ../clib/microlib/stubs.s                 0x00000000   Number         0  useno.o ABSOLUTE
    ..\..\..\..\..\..\components\boards\boards.c 0x00000000   Number         0  boards.o ABSOLUTE
    ..\..\..\..\..\..\components\libraries\atomic\nrf_atomic.c 0x00000000   Number         0  nrf_atomic.o ABSOLUTE
    ..\..\..\..\..\..\components\libraries\balloc\nrf_balloc.c 0x00000000   Number         0  nrf_balloc.o ABSOLUTE
    ..\..\..\..\..\..\components\libraries\experimental_section_vars\nrf_section_iter.c 0x00000000   Number         0  nrf_section_iter.o ABSOLUTE
    ..\..\..\..\..\..\components\libraries\log\src\nrf_log_backend_rtt.c 0x00000000   Number         0  nrf_log_backend_rtt.o ABSOLUTE
    ..\..\..\..\..\..\components\libraries\log\src\nrf_log_backend_serial.c 0x00000000   Number         0  nrf_log_backend_serial.o ABSOLUTE
    ..\..\..\..\..\..\components\libraries\log\src\nrf_log_backend_uart.c 0x00000000   Number         0  nrf_log_backend_uart.o ABSOLUTE
    ..\..\..\..\..\..\components\libraries\log\src\nrf_log_default_backends.c 0x00000000   Number         0  nrf_log_default_backends.o ABSOLUTE
    ..\..\..\..\..\..\components\libraries\log\src\nrf_log_frontend.c 0x00000000   Number         0  nrf_log_frontend.o ABSOLUTE
    ..\..\..\..\..\..\components\libraries\log\src\nrf_log_str_formatter.c 0x00000000   Number         0  nrf_log_str_formatter.o ABSOLUTE
    ..\..\..\..\..\..\components\libraries\memobj\nrf_memobj.c 0x00000000   Number         0  nrf_memobj.o ABSOLUTE
    ..\..\..\..\..\..\components\libraries\pwr_mgmt\nrf_pwr_mgmt.c 0x00000000   Number         0  nrf_pwr_mgmt.o ABSOLUTE
    ..\..\..\..\..\..\components\libraries\ringbuf\nrf_ringbuf.c 0x00000000   Number         0  nrf_ringbuf.o ABSOLUTE
    ..\..\..\..\..\..\components\libraries\strerror\nrf_strerror.c 0x00000000   Number         0  nrf_strerror.o ABSOLUTE
    ..\..\..\..\..\..\components\libraries\util\app_error.c 0x00000000   Number         0  app_error.o ABSOLUTE
    ..\..\..\..\..\..\components\libraries\util\app_error_handler_keil.c 0x00000000   Number         0  app_error_handler_keil.o ABSOLUTE
    ..\..\..\..\..\..\components\libraries\util\app_error_weak.c 0x00000000   Number         0  app_error_weak.o ABSOLUTE
    ..\..\..\..\..\..\components\libraries\util\app_util_platform.c 0x00000000   Number         0  app_util_platform.o ABSOLUTE
    ..\..\..\..\..\..\components\libraries\util\nrf_assert.c 0x00000000   Number         0  nrf_assert.o ABSOLUTE
    ..\..\..\..\..\..\external\fprintf\nrf_fprintf.c 0x00000000   Number         0  nrf_fprintf.o ABSOLUTE
    ..\..\..\..\..\..\external\fprintf\nrf_fprintf_format.c 0x00000000   Number         0  nrf_fprintf_format.o ABSOLUTE
    ..\..\..\..\..\..\external\segger_rtt\SEGGER_RTT.c 0x00000000   Number         0  segger_rtt.o ABSOLUTE
    ..\..\..\..\..\..\external\segger_rtt\SEGGER_RTT_Syscalls_KEIL.c 0x00000000   Number         0  segger_rtt_syscalls_keil.o ABSOLUTE
    ..\..\..\..\..\..\external\segger_rtt\SEGGER_RTT_printf.c 0x00000000   Number         0  segger_rtt_printf.o ABSOLUTE
    ..\..\..\..\..\..\integration\nrfx\legacy\nrf_drv_ppi.c 0x00000000   Number         0  nrf_drv_ppi.o ABSOLUTE
    ..\..\..\..\..\..\integration\nrfx\legacy\nrf_drv_uart.c 0x00000000   Number         0  nrf_drv_uart.o ABSOLUTE
    ..\..\..\..\..\..\modules\nrfx\drivers\src\nrfx_ppi.c 0x00000000   Number         0  nrfx_ppi.o ABSOLUTE
    ..\..\..\..\..\..\modules\nrfx\drivers\src\nrfx_saadc.c 0x00000000   Number         0  nrfx_saadc.o ABSOLUTE
    ..\..\..\..\..\..\modules\nrfx\drivers\src\nrfx_timer.c 0x00000000   Number         0  nrfx_timer.o ABSOLUTE
    ..\..\..\..\..\..\modules\nrfx\drivers\src\nrfx_uart.c 0x00000000   Number         0  nrfx_uart.o ABSOLUTE
    ..\..\..\..\..\..\modules\nrfx\drivers\src\nrfx_uarte.c 0x00000000   Number         0  nrfx_uarte.o ABSOLUTE
    ..\..\..\..\..\..\modules\nrfx\drivers\src\prs\nrfx_prs.c 0x00000000   Number         0  nrfx_prs.o ABSOLUTE
    ..\..\..\main.c                          0x00000000   Number         0  main.o ABSOLUTE
    ..\\..\\..\\..\\..\\..\\components\\boards\\boards.c 0x00000000   Number         0  boards.o ABSOLUTE
    ..\\..\\..\\..\\..\\..\\components\\libraries\\atomic\\nrf_atomic.c 0x00000000   Number         0  nrf_atomic.o ABSOLUTE
    ..\\..\\..\\..\\..\\..\\components\\libraries\\balloc\\nrf_balloc.c 0x00000000   Number         0  nrf_balloc.o ABSOLUTE
    ..\\..\\..\\..\\..\\..\\components\\libraries\\experimental_section_vars\\nrf_section_iter.c 0x00000000   Number         0  nrf_section_iter.o ABSOLUTE
    ..\\..\\..\\..\\..\\..\\components\\libraries\\log\\src\\nrf_log_backend_rtt.c 0x00000000   Number         0  nrf_log_backend_rtt.o ABSOLUTE
    ..\\..\\..\\..\\..\\..\\components\\libraries\\log\\src\\nrf_log_backend_serial.c 0x00000000   Number         0  nrf_log_backend_serial.o ABSOLUTE
    ..\\..\\..\\..\\..\\..\\components\\libraries\\log\\src\\nrf_log_backend_uart.c 0x00000000   Number         0  nrf_log_backend_uart.o ABSOLUTE
    ..\\..\\..\\..\\..\\..\\components\\libraries\\log\\src\\nrf_log_default_backends.c 0x00000000   Number         0  nrf_log_default_backends.o ABSOLUTE
    ..\\..\\..\\..\\..\\..\\components\\libraries\\log\\src\\nrf_log_frontend.c 0x00000000   Number         0  nrf_log_frontend.o ABSOLUTE
    ..\\..\\..\\..\\..\\..\\components\\libraries\\log\\src\\nrf_log_str_formatter.c 0x00000000   Number         0  nrf_log_str_formatter.o ABSOLUTE
    ..\\..\\..\\..\\..\\..\\components\\libraries\\memobj\\nrf_memobj.c 0x00000000   Number         0  nrf_memobj.o ABSOLUTE
    ..\\..\\..\\..\\..\\..\\components\\libraries\\pwr_mgmt\\nrf_pwr_mgmt.c 0x00000000   Number         0  nrf_pwr_mgmt.o ABSOLUTE
    ..\\..\\..\\..\\..\\..\\components\\libraries\\ringbuf\\nrf_ringbuf.c 0x00000000   Number         0  nrf_ringbuf.o ABSOLUTE
    ..\\..\\..\\..\\..\\..\\components\\libraries\\strerror\\nrf_strerror.c 0x00000000   Number         0  nrf_strerror.o ABSOLUTE
    ..\\..\\..\\..\\..\\..\\components\\libraries\\util\\app_error.c 0x00000000   Number         0  app_error.o ABSOLUTE
    ..\\..\\..\\..\\..\\..\\components\\libraries\\util\\app_error_handler_keil.c 0x00000000   Number         0  app_error_handler_keil.o ABSOLUTE
    ..\\..\\..\\..\\..\\..\\components\\libraries\\util\\app_error_weak.c 0x00000000   Number         0  app_error_weak.o ABSOLUTE
    ..\\..\\..\\..\\..\\..\\components\\libraries\\util\\app_util_platform.c 0x00000000   Number         0  app_util_platform.o ABSOLUTE
    ..\\..\\..\\..\\..\\..\\components\\libraries\\util\\nrf_assert.c 0x00000000   Number         0  nrf_assert.o ABSOLUTE
    ..\\..\\..\\..\\..\\..\\external\\fprintf\\nrf_fprintf.c 0x00000000   Number         0  nrf_fprintf.o ABSOLUTE
    ..\\..\\..\\..\\..\\..\\external\\fprintf\\nrf_fprintf_format.c 0x00000000   Number         0  nrf_fprintf_format.o ABSOLUTE
    ..\\..\\..\\..\\..\\..\\external\\segger_rtt\\SEGGER_RTT.c 0x00000000   Number         0  segger_rtt.o ABSOLUTE
    ..\\..\\..\\..\\..\\..\\external\\segger_rtt\\SEGGER_RTT_Syscalls_KEIL.c 0x00000000   Number         0  segger_rtt_syscalls_keil.o ABSOLUTE
    ..\\..\\..\\..\\..\\..\\external\\segger_rtt\\SEGGER_RTT_printf.c 0x00000000   Number         0  segger_rtt_printf.o ABSOLUTE
    ..\\..\\..\\..\\..\\..\\integration\\nrfx\\legacy\\nrf_drv_ppi.c 0x00000000   Number         0  nrf_drv_ppi.o ABSOLUTE
    ..\\..\\..\\..\\..\\..\\integration\\nrfx\\legacy\\nrf_drv_uart.c 0x00000000   Number         0  nrf_drv_uart.o ABSOLUTE
    ..\\..\\..\\..\\..\\..\\modules\\nrfx\\drivers\\src\\nrfx_ppi.c 0x00000000   Number         0  nrfx_ppi.o ABSOLUTE
    ..\\..\\..\\..\\..\\..\\modules\\nrfx\\drivers\\src\\nrfx_saadc.c 0x00000000   Number         0  nrfx_saadc.o ABSOLUTE
    ..\\..\\..\\..\\..\\..\\modules\\nrfx\\drivers\\src\\nrfx_timer.c 0x00000000   Number         0  nrfx_timer.o ABSOLUTE
    ..\\..\\..\\..\\..\\..\\modules\\nrfx\\drivers\\src\\nrfx_uart.c 0x00000000   Number         0  nrfx_uart.o ABSOLUTE
    ..\\..\\..\\..\\..\\..\\modules\\nrfx\\drivers\\src\\nrfx_uarte.c 0x00000000   Number         0  nrfx_uarte.o ABSOLUTE
    ..\\..\\..\\..\\..\\..\\modules\\nrfx\\drivers\\src\\prs\\nrfx_prs.c 0x00000000   Number         0  nrfx_prs.o ABSOLUTE
    ..\\..\\..\\main.c                       0x00000000   Number         0  main.o ABSOLUTE
    RTE\Device\nRF52832_xxAA\arm_startup_nrf52.s 0x00000000   Number         0  arm_startup_nrf52.o ABSOLUTE
    RTE\Device\nRF52832_xxAA\system_nrf52.c  0x00000000   Number         0  system_nrf52.o ABSOLUTE
    RTE\\Device\\nRF52832_xxAA\\system_nrf52.c 0x00000000   Number         0  system_nrf52.o ABSOLUTE
    dc.s                                     0x00000000   Number         0  dc.o ABSOLUTE
    handlers.s                               0x00000000   Number         0  handlers.o ABSOLUTE
    init.s                                   0x00000000   Number         0  init.o ABSOLUTE
    .ARM.Collect$$$$00000000                 0x00000200   Section        0  entry.o(.ARM.Collect$$$$00000000)
    .ARM.Collect$$$$00000001                 0x00000200   Section        4  entry2.o(.ARM.Collect$$$$00000001)
    .ARM.Collect$$$$00000004                 0x00000204   Section        4  entry5.o(.ARM.Collect$$$$00000004)
    .ARM.Collect$$$$00000008                 0x00000208   Section        0  entry7b.o(.ARM.Collect$$$$00000008)
    .ARM.Collect$$$$0000000A                 0x00000208   Section        0  entry8b.o(.ARM.Collect$$$$0000000A)
    .ARM.Collect$$$$0000000B                 0x00000208   Section        8  entry9a.o(.ARM.Collect$$$$0000000B)
    .ARM.Collect$$$$0000000D                 0x00000210   Section        0  entry10a.o(.ARM.Collect$$$$0000000D)
    .ARM.Collect$$$$0000000F                 0x00000210   Section        0  entry11a.o(.ARM.Collect$$$$0000000F)
    .ARM.Collect$$$$00002712                 0x00000210   Section        4  entry2.o(.ARM.Collect$$$$00002712)
    __lit__00000000                          0x00000210   Data           4  entry2.o(.ARM.Collect$$$$00002712)
    .emb_text                                0x00000214   Section      226  nrf_atomic.o(.emb_text)
    $v0                                      0x00000214   Number         0  nrf_atomic.o(.emb_text)
    .text                                    0x000002f8   Section       36  arm_startup_nrf52.o(.text)
    $v0                                      0x000002f8   Number         0  arm_startup_nrf52.o(.text)
    .text                                    0x0000031c   Section        0  ctype_o.o(.text)
    .text                                    0x00000324   Section        0  memcpya.o(.text)
    .text                                    0x00000348   Section        0  memseta.o(.text)
    .text                                    0x0000036c   Section        0  strlen.o(.text)
    .text                                    0x0000037c   Section       36  init.o(.text)
    i.SAADC_IRQHandler                       0x000003a0   Section        0  nrfx_saadc.o(i.SAADC_IRQHandler)
    i.SystemInit                             0x000004e8   Section        0  system_nrf52.o(i.SystemInit)
    i.TIMER0_IRQHandler                      0x00000804   Section        0  nrfx_timer.o(i.TIMER0_IRQHandler)
    i.UARTE0_UART0_IRQHandler                0x00000854   Section        0  nrfx_prs.o(i.UARTE0_UART0_IRQHandler)
    i.__scatterload_copy                     0x00000860   Section       14  handlers.o(i.__scatterload_copy)
    i.__scatterload_null                     0x0000086e   Section        2  handlers.o(i.__scatterload_null)
    i.__scatterload_zeroinit                 0x00000870   Section       14  handlers.o(i.__scatterload_zeroinit)
    i.app_error_fault_handler                0x00000880   Section        0  app_error_weak.o(i.app_error_fault_handler)
    i.app_error_handler_bare                 0x00000904   Section        0  app_error.o(i.app_error_handler_bare)
    i.app_util_critical_region_enter         0x0000091a   Section        0  app_util_platform.o(i.app_util_critical_region_enter)
    i.app_util_critical_region_exit          0x0000091e   Section        0  app_util_platform.o(i.app_util_critical_region_exit)
    i.app_util_disable_irq                   0x00000924   Section        0  app_util_platform.o(i.app_util_disable_irq)
    i.app_util_enable_irq                    0x00000934   Section        0  app_util_platform.o(i.app_util_enable_irq)
    i.apply_config                           0x00000948   Section        0  nrfx_uart.o(i.apply_config)
    apply_config                             0x00000949   Thumb Code   136  nrfx_uart.o(i.apply_config)
    i.apply_config                           0x000009d0   Section        0  nrfx_uarte.o(i.apply_config)
    apply_config                             0x000009d1   Thumb Code   136  nrfx_uarte.o(i.apply_config)
    i.buf_prealloc                           0x00000a58   Section        0  nrf_log_frontend.o(i.buf_prealloc)
    buf_prealloc                             0x00000a59   Thumb Code   130  nrf_log_frontend.o(i.buf_prealloc)
    i.buffer_add                             0x00000ae0   Section        0  nrf_fprintf_format.o(i.buffer_add)
    buffer_add                               0x00000ae1   Thumb Code    30  nrf_fprintf_format.o(i.buffer_add)
    i.buffer_is_empty                        0x00000b00   Section        0  nrf_log_frontend.o(i.buffer_is_empty)
    i.dropped_sat16_get                      0x00000b14   Section        0  nrf_log_frontend.o(i.dropped_sat16_get)
    dropped_sat16_get                        0x00000b15   Thumb Code    16  nrf_log_frontend.o(i.dropped_sat16_get)
    i.int_print                              0x00000b28   Section        0  nrf_fprintf_format.o(i.int_print)
    int_print                                0x00000b29   Thumb Code   166  nrf_fprintf_format.o(i.int_print)
    i.interrupts_enable                      0x00000bd0   Section        0  nrfx_uarte.o(i.interrupts_enable)
    interrupts_enable                        0x00000bd1   Thumb Code   122  nrfx_uarte.o(i.interrupts_enable)
    i.invalid_packets_omit                   0x00000c50   Section        0  nrf_log_frontend.o(i.invalid_packets_omit)
    invalid_packets_omit                     0x00000c51   Thumb Code    52  nrf_log_frontend.o(i.invalid_packets_omit)
    i.is_allocated_channel                   0x00000c84   Section        0  nrfx_ppi.o(i.is_allocated_channel)
    is_allocated_channel                     0x00000c85   Thumb Code    20  nrfx_ppi.o(i.is_allocated_channel)
    i.is_programmable_app_channel            0x00000c9c   Section        0  nrfx_ppi.o(i.is_programmable_app_channel)
    is_programmable_app_channel              0x00000c9d   Thumb Code    12  nrfx_ppi.o(i.is_programmable_app_channel)
    i.log_skip                               0x00000ca8   Section        0  nrf_log_frontend.o(i.log_skip)
    log_skip                                 0x00000ca9   Thumb Code   148  nrf_log_frontend.o(i.log_skip)
    i.main                                   0x00000d44   Section        0  main.o(i.main)
    i.memobj_op                              0x00000dbc   Section        0  nrf_memobj.o(i.memobj_op)
    memobj_op                                0x00000dbd   Thumb Code   126  nrf_memobj.o(i.memobj_op)
    i.module_idx_get                         0x00000e3c   Section        0  nrf_log_frontend.o(i.module_idx_get)
    module_idx_get                           0x00000e3d   Thumb Code    42  nrf_log_frontend.o(i.module_idx_get)
    i.nrf_atomic_flag_clear_fetch            0x00000e6c   Section        0  nrf_atomic.o(i.nrf_atomic_flag_clear_fetch)
    i.nrf_atomic_flag_set                    0x00000e72   Section        0  nrf_atomic.o(i.nrf_atomic_flag_set)
    i.nrf_atomic_u32_add                     0x00000e78   Section        0  nrf_atomic.o(i.nrf_atomic_u32_add)
    i.nrf_atomic_u32_fetch_and               0x00000e84   Section        0  nrf_atomic.o(i.nrf_atomic_u32_fetch_and)
    i.nrf_atomic_u32_fetch_store             0x00000e8e   Section        0  nrf_atomic.o(i.nrf_atomic_u32_fetch_store)
    i.nrf_atomic_u32_or                      0x00000e98   Section        0  nrf_atomic.o(i.nrf_atomic_u32_or)
    i.nrf_atomic_u32_sub                     0x00000ea4   Section        0  nrf_atomic.o(i.nrf_atomic_u32_sub)
    i.nrf_balloc_alloc                       0x00000eb0   Section        0  nrf_balloc.o(i.nrf_balloc_alloc)
    i.nrf_balloc_free                        0x00000eee   Section        0  nrf_balloc.o(i.nrf_balloc_free)
    i.nrf_balloc_init                        0x00000f18   Section        0  nrf_balloc.o(i.nrf_balloc_init)
    i.nrf_drv_ppi_init                       0x00000f48   Section        0  nrf_drv_ppi.o(i.nrf_drv_ppi_init)
    i.nrf_drv_uart_init                      0x00000f60   Section        0  nrf_drv_uart.o(i.nrf_drv_uart_init)
    i.nrf_fprintf                            0x00000fc8   Section        0  nrf_fprintf.o(i.nrf_fprintf)
    i.nrf_fprintf_buffer_flush               0x00000fe2   Section        0  nrf_fprintf.o(i.nrf_fprintf_buffer_flush)
    i.nrf_fprintf_fmt                        0x00000ffa   Section        0  nrf_fprintf_format.o(i.nrf_fprintf_fmt)
    i.nrf_gpio_cfg                           0x000011d4   Section        0  nrfx_uart.o(i.nrf_gpio_cfg)
    nrf_gpio_cfg                             0x000011d5   Thumb Code    36  nrfx_uart.o(i.nrf_gpio_cfg)
    i.nrf_gpio_cfg                           0x000011f8   Section        0  nrfx_uarte.o(i.nrf_gpio_cfg)
    nrf_gpio_cfg                             0x000011f9   Thumb Code    36  nrfx_uarte.o(i.nrf_gpio_cfg)
    i.nrf_gpio_cfg_default                   0x0000121c   Section        0  nrfx_uart.o(i.nrf_gpio_cfg_default)
    nrf_gpio_cfg_default                     0x0000121d   Thumb Code    18  nrfx_uart.o(i.nrf_gpio_cfg_default)
    i.nrf_gpio_cfg_default                   0x0000122e   Section        0  nrfx_uarte.o(i.nrf_gpio_cfg_default)
    nrf_gpio_cfg_default                     0x0000122f   Thumb Code    18  nrfx_uarte.o(i.nrf_gpio_cfg_default)
    i.nrf_gpio_cfg_input                     0x00001240   Section        0  nrfx_uart.o(i.nrf_gpio_cfg_input)
    nrf_gpio_cfg_input                       0x00001241   Thumb Code    18  nrfx_uart.o(i.nrf_gpio_cfg_input)
    i.nrf_gpio_cfg_input                     0x00001252   Section        0  nrfx_uarte.o(i.nrf_gpio_cfg_input)
    nrf_gpio_cfg_input                       0x00001253   Thumb Code    18  nrfx_uarte.o(i.nrf_gpio_cfg_input)
    i.nrf_gpio_cfg_output                    0x00001264   Section        0  nrfx_uart.o(i.nrf_gpio_cfg_output)
    nrf_gpio_cfg_output                      0x00001265   Thumb Code    20  nrfx_uart.o(i.nrf_gpio_cfg_output)
    i.nrf_gpio_cfg_output                    0x00001278   Section        0  nrfx_uarte.o(i.nrf_gpio_cfg_output)
    nrf_gpio_cfg_output                      0x00001279   Thumb Code    20  nrfx_uarte.o(i.nrf_gpio_cfg_output)
    i.nrf_log_backend_add                    0x0000128c   Section        0  nrf_log_frontend.o(i.nrf_log_backend_add)
    i.nrf_log_backend_serial_put             0x000012e8   Section        0  nrf_log_backend_serial.o(i.nrf_log_backend_serial_put)
    i.nrf_log_backend_uart_flush             0x000013b0   Section        0  nrf_log_backend_uart.o(i.nrf_log_backend_uart_flush)
    nrf_log_backend_uart_flush               0x000013b1   Thumb Code     2  nrf_log_backend_uart.o(i.nrf_log_backend_uart_flush)
    i.nrf_log_backend_uart_init              0x000013b2   Section        0  nrf_log_backend_uart.o(i.nrf_log_backend_uart_init)
    i.nrf_log_backend_uart_panic_set         0x000013b8   Section        0  nrf_log_backend_uart.o(i.nrf_log_backend_uart_panic_set)
    nrf_log_backend_uart_panic_set           0x000013b9   Thumb Code    36  nrf_log_backend_uart.o(i.nrf_log_backend_uart_panic_set)
    i.nrf_log_backend_uart_put               0x000013e4   Section        0  nrf_log_backend_uart.o(i.nrf_log_backend_uart_put)
    nrf_log_backend_uart_put                 0x000013e5   Thumb Code    16  nrf_log_backend_uart.o(i.nrf_log_backend_uart_put)
    i.nrf_log_color_id_get                   0x000013fc   Section        0  nrf_log_frontend.o(i.nrf_log_color_id_get)
    i.nrf_log_default_backends_init          0x0000142c   Section        0  nrf_log_default_backends.o(i.nrf_log_default_backends_init)
    i.nrf_log_frontend_dequeue               0x00001448   Section        0  nrf_log_frontend.o(i.nrf_log_frontend_dequeue)
    i.nrf_log_frontend_std_0                 0x00001678   Section        0  nrf_log_frontend.o(i.nrf_log_frontend_std_0)
    i.nrf_log_frontend_std_1                 0x00001680   Section        0  nrf_log_frontend.o(i.nrf_log_frontend_std_1)
    i.nrf_log_hexdump_entry_process          0x00001690   Section        0  nrf_log_str_formatter.o(i.nrf_log_hexdump_entry_process)
    i.nrf_log_init                           0x0000173c   Section        0  nrf_log_frontend.o(i.nrf_log_init)
    i.nrf_log_module_cnt_get                 0x00001778   Section        0  nrf_log_frontend.o(i.nrf_log_module_cnt_get)
    i.nrf_log_module_name_get                0x0000178c   Section        0  nrf_log_frontend.o(i.nrf_log_module_name_get)
    i.nrf_log_panic                          0x000017a8   Section        0  nrf_log_frontend.o(i.nrf_log_panic)
    i.nrf_log_std_entry_process              0x000017d4   Section        0  nrf_log_str_formatter.o(i.nrf_log_std_entry_process)
    i.nrf_memobj_alloc                       0x0000188a   Section        0  nrf_memobj.o(i.nrf_memobj_alloc)
    i.nrf_memobj_free                        0x000018ea   Section        0  nrf_memobj.o(i.nrf_memobj_free)
    i.nrf_memobj_get                         0x0000191c   Section        0  nrf_memobj.o(i.nrf_memobj_get)
    i.nrf_memobj_pool_init                   0x00001924   Section        0  nrf_memobj.o(i.nrf_memobj_pool_init)
    i.nrf_memobj_put                         0x00001928   Section        0  nrf_memobj.o(i.nrf_memobj_put)
    i.nrf_memobj_read                        0x00001946   Section        0  nrf_memobj.o(i.nrf_memobj_read)
    i.nrf_memobj_write                       0x00001956   Section        0  nrf_memobj.o(i.nrf_memobj_write)
    i.nrf_pwr_mgmt_init                      0x00001968   Section        0  nrf_pwr_mgmt.o(i.nrf_pwr_mgmt_init)
    i.nrf_pwr_mgmt_run                       0x00001990   Section        0  nrf_pwr_mgmt.o(i.nrf_pwr_mgmt_run)
    i.nrf_ringbuf_init                       0x000019c4   Section        0  nrf_ringbuf.o(i.nrf_ringbuf_init)
    i.nrf_saadc_buffer_init                  0x000019e0   Section        0  nrfx_saadc.o(i.nrf_saadc_buffer_init)
    nrf_saadc_buffer_init                    0x000019e1   Thumb Code    10  nrfx_saadc.o(i.nrf_saadc_buffer_init)
    i.nrf_saadc_channel_input_set            0x000019f0   Section        0  nrfx_saadc.o(i.nrf_saadc_channel_input_set)
    nrf_saadc_channel_input_set              0x000019f1   Thumb Code    16  nrfx_saadc.o(i.nrf_saadc_channel_input_set)
    i.nrf_saadc_event_check                  0x00001a04   Section        0  nrfx_saadc.o(i.nrf_saadc_event_check)
    nrf_saadc_event_check                    0x00001a05   Thumb Code    12  nrfx_saadc.o(i.nrf_saadc_event_check)
    i.nrf_saadc_event_clear                  0x00001a14   Section        0  nrfx_saadc.o(i.nrf_saadc_event_clear)
    nrf_saadc_event_clear                    0x00001a15   Thumb Code    16  nrfx_saadc.o(i.nrf_saadc_event_clear)
    i.nrf_section_iter_init                  0x00001a28   Section        0  nrf_section_iter.o(i.nrf_section_iter_init)
    i.nrf_section_iter_item_set              0x00001a32   Section        0  nrf_section_iter.o(i.nrf_section_iter_item_set)
    nrf_section_iter_item_set                0x00001a33   Thumb Code    36  nrf_section_iter.o(i.nrf_section_iter_item_set)
    i.nrf_timer_event_clear                  0x00001a56   Section        0  nrfx_timer.o(i.nrf_timer_event_clear)
    nrf_timer_event_clear                    0x00001a57   Thumb Code    12  nrfx_timer.o(i.nrf_timer_event_clear)
    i.nrf_uart_event_check                   0x00001a62   Section        0  nrfx_uart.o(i.nrf_uart_event_check)
    nrf_uart_event_check                     0x00001a63   Thumb Code    10  nrfx_uart.o(i.nrf_uart_event_check)
    i.nrf_uart_event_clear                   0x00001a6c   Section        0  nrfx_uart.o(i.nrf_uart_event_clear)
    nrf_uart_event_clear                     0x00001a6d   Thumb Code    12  nrfx_uart.o(i.nrf_uart_event_clear)
    i.nrf_uart_int_enable_check              0x00001a78   Section        0  nrfx_uart.o(i.nrf_uart_int_enable_check)
    nrf_uart_int_enable_check                0x00001a79   Thumb Code    12  nrfx_uart.o(i.nrf_uart_int_enable_check)
    i.nrf_uarte_event_check                  0x00001a84   Section        0  nrfx_uarte.o(i.nrf_uarte_event_check)
    nrf_uarte_event_check                    0x00001a85   Thumb Code    10  nrfx_uarte.o(i.nrf_uarte_event_check)
    i.nrf_uarte_event_clear                  0x00001a8e   Section        0  nrfx_uarte.o(i.nrf_uarte_event_clear)
    nrf_uarte_event_clear                    0x00001a8f   Thumb Code    12  nrfx_uarte.o(i.nrf_uarte_event_clear)
    i.nrfx_is_in_ram                         0x00001a9a   Section        0  nrfx_uarte.o(i.nrfx_is_in_ram)
    nrfx_is_in_ram                           0x00001a9b   Thumb Code    16  nrfx_uarte.o(i.nrfx_is_in_ram)
    i.nrfx_ppi_channel_alloc                 0x00001aac   Section        0  nrfx_ppi.o(i.nrfx_ppi_channel_alloc)
    i.nrfx_ppi_channel_assign                0x00001b0c   Section        0  nrfx_ppi.o(i.nrfx_ppi_channel_assign)
    i.nrfx_ppi_channel_enable                0x00001b50   Section        0  nrfx_ppi.o(i.nrfx_ppi_channel_enable)
    i.nrfx_prs_acquire                       0x00001b78   Section        0  nrfx_prs.o(i.nrfx_prs_acquire)
    i.nrfx_prs_release                       0x00001ba8   Section        0  nrfx_prs.o(i.nrfx_prs_release)
    i.nrfx_saadc_buffer_convert              0x00001bbc   Section        0  nrfx_saadc.o(i.nrfx_saadc_buffer_convert)
    i.nrfx_saadc_channel_init                0x00001c60   Section        0  nrfx_saadc.o(i.nrfx_saadc_channel_init)
    i.nrfx_saadc_init                        0x00001d0c   Section        0  nrfx_saadc.o(i.nrfx_saadc_init)
    i.nrfx_saadc_sample_task_get             0x00001d9c   Section        0  nrfx_saadc.o(i.nrfx_saadc_sample_task_get)
    i.nrfx_timer_compare                     0x00001db8   Section        0  nrfx_timer.o(i.nrfx_timer_compare)
    i.nrfx_timer_enable                      0x00001df4   Section        0  nrfx_timer.o(i.nrfx_timer_enable)
    i.nrfx_timer_extended_compare            0x00001e10   Section        0  nrfx_timer.o(i.nrfx_timer_extended_compare)
    i.nrfx_timer_init                        0x00001e3c   Section        0  nrfx_timer.o(i.nrfx_timer_init)
    i.nrfx_uart_0_irq_handler                0x00001efc   Section        0  nrfx_uart.o(i.nrfx_uart_0_irq_handler)
    i.nrfx_uart_init                         0x00001f0c   Section        0  nrfx_uart.o(i.nrfx_uart_init)
    i.nrfx_uart_tx                           0x00001fe0   Section        0  nrfx_uart.o(i.nrfx_uart_tx)
    i.nrfx_uart_tx_in_progress               0x00002084   Section        0  nrfx_uart.o(i.nrfx_uart_tx_in_progress)
    i.nrfx_uart_uninit                       0x000020a4   Section        0  nrfx_uart.o(i.nrfx_uart_uninit)
    i.nrfx_uarte_0_irq_handler               0x00002158   Section        0  nrfx_uarte.o(i.nrfx_uarte_0_irq_handler)
    i.nrfx_uarte_init                        0x00002168   Section        0  nrfx_uarte.o(i.nrfx_uarte_init)
    i.nrfx_uarte_tx                          0x000021d4   Section        0  nrfx_uarte.o(i.nrfx_uarte_tx)
    i.nrfx_uarte_tx_in_progress              0x00002264   Section        0  nrfx_uarte.o(i.nrfx_uarte_tx_in_progress)
    i.nrfx_uarte_uninit                      0x00002280   Section        0  nrfx_uarte.o(i.nrfx_uarte_uninit)
    i.postfix_process                        0x00002330   Section        0  nrf_log_str_formatter.o(i.postfix_process)
    postfix_process                          0x00002331   Thumb Code    48  nrf_log_str_formatter.o(i.postfix_process)
    i.prefix_process                         0x0000236c   Section        0  nrf_log_str_formatter.o(i.prefix_process)
    prefix_process                           0x0000236d   Thumb Code    90  nrf_log_str_formatter.o(i.prefix_process)
    i.prs_box_get                            0x00002404   Section        0  nrfx_prs.o(i.prs_box_get)
    prs_box_get                              0x00002405   Thumb Code    14  nrfx_prs.o(i.prs_box_get)
    i.rx_byte                                0x0000241c   Section        0  nrfx_uart.o(i.rx_byte)
    rx_byte                                  0x0000241d   Thumb Code    50  nrfx_uart.o(i.rx_byte)
    i.rx_done_event                          0x0000244e   Section        0  nrfx_uart.o(i.rx_done_event)
    rx_done_event                            0x0000244f   Thumb Code    22  nrfx_uart.o(i.rx_done_event)
    i.rx_done_event                          0x00002464   Section        0  nrfx_uarte.o(i.rx_done_event)
    rx_done_event                            0x00002465   Thumb Code    24  nrfx_uarte.o(i.rx_done_event)
    i.saadc_callback                         0x0000247c   Section        0  main.o(i.saadc_callback)
    i.saadc_init                             0x000024f8   Section        0  main.o(i.saadc_init)
    i.saadc_sampling_event_enable            0x00002550   Section        0  main.o(i.saadc_sampling_event_enable)
    i.saadc_sampling_event_init              0x0000256c   Section        0  main.o(i.saadc_sampling_event_init)
    i.serial_tx                              0x000025fc   Section        0  nrf_log_backend_uart.o(i.serial_tx)
    serial_tx                                0x000025fd   Thumb Code    54  nrf_log_backend_uart.o(i.serial_tx)
    i.std_n                                  0x0000263c   Section        0  nrf_log_frontend.o(i.std_n)
    std_n                                    0x0000263d   Thumb Code   136  nrf_log_frontend.o(i.std_n)
    i.timer_handler                          0x000026c8   Section        0  main.o(i.timer_handler)
    i.tx_byte                                0x000026ca   Section        0  nrfx_uart.o(i.tx_byte)
    tx_byte                                  0x000026cb   Thumb Code    32  nrfx_uart.o(i.tx_byte)
    i.tx_done_event                          0x000026ea   Section        0  nrfx_uart.o(i.tx_done_event)
    tx_done_event                            0x000026eb   Thumb Code    26  nrfx_uart.o(i.tx_done_event)
    i.uart_evt_handler                       0x00002704   Section        0  nrf_drv_uart.o(i.uart_evt_handler)
    uart_evt_handler                         0x00002705   Thumb Code    42  nrf_drv_uart.o(i.uart_evt_handler)
    i.uart_evt_handler                       0x00002734   Section        0  nrf_log_backend_uart.o(i.uart_evt_handler)
    uart_evt_handler                         0x00002735   Thumb Code     8  nrf_log_backend_uart.o(i.uart_evt_handler)
    i.uart_init                              0x00002740   Section        0  nrf_log_backend_uart.o(i.uart_init)
    uart_init                                0x00002741   Thumb Code    66  nrf_log_backend_uart.o(i.uart_init)
    i.uart_irq_handler                       0x00002790   Section        0  nrfx_uart.o(i.uart_irq_handler)
    uart_irq_handler                         0x00002791   Thumb Code   296  nrfx_uart.o(i.uart_irq_handler)
    i.uarte_evt_handler                      0x000028b8   Section        0  nrf_drv_uart.o(i.uarte_evt_handler)
    uarte_evt_handler                        0x000028b9   Thumb Code    42  nrf_drv_uart.o(i.uarte_evt_handler)
    i.uarte_irq_handler                      0x000028e8   Section        0  nrfx_uarte.o(i.uarte_irq_handler)
    uarte_irq_handler                        0x000028e9   Thumb Code   244  nrfx_uarte.o(i.uarte_irq_handler)
    i.unsigned_print                         0x000029dc   Section        0  nrf_fprintf_format.o(i.unsigned_print)
    unsigned_print                           0x000029dd   Thumb Code   176  nrf_fprintf_format.o(i.unsigned_print)
    .constdata                               0x00002a90   Section       29  main.o(.constdata)
    default_config                           0x00002a90   Data           4  main.o(.constdata)
    m_timer                                  0x00002a94   Data           8  main.o(.constdata)
    .constdata                               0x00002ab0   Section        4  nrfx_uart.o(.constdata)
    irq_handlers                             0x00002ab0   Data           4  nrfx_uart.o(.constdata)
    .constdata                               0x00002ab4   Section        4  nrfx_uarte.o(.constdata)
    irq_handlers                             0x00002ab4   Data           4  nrfx_uarte.o(.constdata)
    .constdata                               0x00002ab8   Section       16  nrf_fprintf_format.o(.constdata)
    _aV2C                                    0x00002ab8   Data          16  nrf_fprintf_format.o(.constdata)
    .constdata                               0x00002ac8   Section       24  nrf_pwr_mgmt.o(.constdata)
    pwr_mgmt_data_array                      0x00002ac8   Data          24  nrf_pwr_mgmt.o(.constdata)
    .constdata                               0x00002ae0   Section       12  nrf_pwr_mgmt.o(.constdata)
    pwr_mgmt_data                            0x00002ae0   Data          12  nrf_pwr_mgmt.o(.constdata)
    .constdata                               0x00002aec   Section       12  nrf_log_backend_uart.o(.constdata)
    .constdata                               0x00002af8   Section       32  nrf_log_backend_uart.o(.constdata)
    .constdata                               0x00002b18   Section       12  nrf_log_frontend.o(.constdata)
    m_log_push_ringbuf                       0x00002b18   Data          12  nrf_log_frontend.o(.constdata)
    .constdata                               0x00002b24   Section      129  ctype_o.o(.constdata)
    .constdata                               0x00002ba8   Section        4  ctype_o.o(.constdata)
    table                                    0x00002ba8   Data           4  ctype_o.o(.constdata)
    .conststring                             0x00002bac   Section      102  nrf_log_str_formatter.o(.conststring)
    .conststrlit                             0x00002c14   Section        4  nrfx_ppi.o(.conststrlit)
    .conststrlit                             0x00002c18   Section        4  nrfx_prs.o(.conststrlit)
    .conststrlit                             0x00002c1c   Section        6  nrfx_saadc.o(.conststrlit)
    .conststrlit                             0x00002c24   Section        6  nrfx_timer.o(.conststrlit)
    .conststrlit                             0x00002c2c   Section        5  nrfx_uart.o(.conststrlit)
    .conststrlit                             0x00002c34   Section        6  nrfx_uarte.o(.conststrlit)
    .conststrlit                             0x00002c3c   Section        9  nrf_pwr_mgmt.o(.conststrlit)
    .conststrlit                             0x00002c48   Section       17  nrf_log_default_backends.o(.conststrlit)
    .conststrlit                             0x00002c5c   Section        4  nrf_log_frontend.o(.conststrlit)
    log_backends                             0x00002c80   Section       16  nrf_log_default_backends.o(log_backends)
    __tagsym$$used                           0x00002c80   Number         0  nrf_log_default_backends.o(log_backends)
    uart_log_backend                         0x00002c80   Data          16  nrf_log_default_backends.o(log_backends)
    log_const_data                           0x00002c90   Section        8  nrfx_ppi.o(log_const_data)
    __tagsym$$used                           0x00002c90   Number         0  nrfx_ppi.o(log_const_data)
    log_const_data                           0x00002c98   Section        8  nrfx_prs.o(log_const_data)
    __tagsym$$used                           0x00002c98   Number         0  nrfx_prs.o(log_const_data)
    log_const_data                           0x00002ca0   Section        8  nrfx_saadc.o(log_const_data)
    __tagsym$$used                           0x00002ca0   Number         0  nrfx_saadc.o(log_const_data)
    log_const_data                           0x00002ca8   Section        8  nrfx_timer.o(log_const_data)
    __tagsym$$used                           0x00002ca8   Number         0  nrfx_timer.o(log_const_data)
    log_const_data                           0x00002cb0   Section        8  nrfx_uart.o(log_const_data)
    __tagsym$$used                           0x00002cb0   Number         0  nrfx_uart.o(log_const_data)
    log_const_data                           0x00002cb8   Section        8  nrfx_uarte.o(log_const_data)
    __tagsym$$used                           0x00002cb8   Number         0  nrfx_uarte.o(log_const_data)
    log_const_data                           0x00002cc0   Section        8  nrf_pwr_mgmt.o(log_const_data)
    __tagsym$$used                           0x00002cc0   Number         0  nrf_pwr_mgmt.o(log_const_data)
    log_const_data                           0x00002cc8   Section        8  nrf_log_frontend.o(log_const_data)
    __tagsym$$used                           0x00002cc8   Number         0  nrf_log_frontend.o(log_const_data)
    nrf_balloc                               0x00002cd0   Section       20  nrf_log_frontend.o(nrf_balloc)
    __tagsym$$used                           0x00002cd0   Number         0  nrf_log_frontend.o(nrf_balloc)
    .data                                    0x20000000   Section        8  main.o(.data)
    m_ppi_channel                            0x20000000   Data           1  main.o(.data)
    m_adc_evt_counter                        0x20000004   Data           4  main.o(.data)
    .data                                    0x20000008   Section        1  nrf_drv_ppi.o(.data)
    m_drv_state                              0x20000008   Data           1  nrf_drv_ppi.o(.data)
    .data                                    0x2000000c   Section       12  nrf_drv_uart.o(.data)
    m_handlers                               0x20000010   Data           4  nrf_drv_uart.o(.data)
    m_contexts                               0x20000014   Data           4  nrf_drv_uart.o(.data)
    .data                                    0x20000018   Section        8  nrfx_ppi.o(.data)
    m_groups_allocated                       0x20000018   Data           1  nrfx_ppi.o(.data)
    m_channels_allocated                     0x2000001c   Data           4  nrfx_ppi.o(.data)
    .data                                    0x20000020   Section        8  nrfx_prs.o(.data)
    m_prs_box_4                              0x20000020   Data           8  nrfx_prs.o(.data)
    .data                                    0x20000028   Section        4  app_util_platform.o(.data)
    m_in_critical_region                     0x20000028   Data           4  app_util_platform.o(.data)
    .data                                    0x2000002c   Section        8  nrf_pwr_mgmt.o(.data)
    m_pwr_mgmt_evt                           0x2000002c   Data           1  nrf_pwr_mgmt.o(.data)
    m_shutdown_started                       0x2000002d   Data           1  nrf_pwr_mgmt.o(.data)
    m_sysoff_mtx                             0x20000030   Data           4  nrf_pwr_mgmt.o(.data)
    .data                                    0x20000034   Section       24  nrf_log_backend_uart.o(.data)
    m_xfer_done                              0x20000034   Data           1  nrf_log_backend_uart.o(.data)
    m_async_mode                             0x20000035   Data           1  nrf_log_backend_uart.o(.data)
    .data                                    0x2000004c   Section        8  nrf_log_default_backends.o(.data)
    log_backend_cb_uart_log_backend          0x2000004c   Data           8  nrf_log_default_backends.o(.data)
    .data                                    0x20000054   Section        8  nrf_log_frontend.o(.data)
    log_mempool_nrf_balloc_pool_stack        0x20000054   Data           8  nrf_log_frontend.o(.data)
    .data                                    0x2000005c   Section        8  nrf_log_frontend.o(.data)
    log_mempool_nrf_balloc_cb                0x2000005c   Data           8  nrf_log_frontend.o(.data)
    .data                                    0x20000064   Section       64  nrf_log_str_formatter.o(.data)
    m_freq                                   0x20000064   Data           4  nrf_log_str_formatter.o(.data)
    m_timestamp_div                          0x20000068   Data           4  nrf_log_str_formatter.o(.data)
    severity_names                           0x2000006c   Data          20  nrf_log_str_formatter.o(.data)
    m_colors                                 0x20000080   Data          36  nrf_log_str_formatter.o(.data)
    .data                                    0x200000a4   Section        4  system_nrf52.o(.data)
    __tagsym$$used                           0x200000a4   Number         0  system_nrf52.o(.data)
    .bss                                     0x200000a8   Section       20  main.o(.bss)
    m_buffer_pool                            0x200000a8   Data          20  main.o(.bss)
    .bss                                     0x200000bc   Section       48  nrfx_saadc.o(.bss)
    m_cb                                     0x200000bc   Data          48  nrfx_saadc.o(.bss)
    .bss                                     0x200000ec   Section       24  nrfx_timer.o(.bss)
    m_cb                                     0x200000ec   Data          24  nrfx_timer.o(.bss)
    .bss                                     0x20000104   Section       44  nrfx_uart.o(.bss)
    m_cb                                     0x20000104   Data          44  nrfx_uart.o(.bss)
    .bss                                     0x20000130   Section       36  nrfx_uarte.o(.bss)
    m_cb                                     0x20000130   Data          36  nrfx_uarte.o(.bss)
    .bss                                     0x20000154   Section       12  nrf_pwr_mgmt.o(.bss)
    m_handlers_iter                          0x20000154   Data          12  nrf_pwr_mgmt.o(.bss)
    .bss                                     0x20000160   Section       64  nrf_log_backend_uart.o(.bss)
    m_string_buff                            0x20000160   Data          64  nrf_log_backend_uart.o(.bss)
    .bss                                     0x200001a0   Section      192  nrf_log_frontend.o(.bss)
    log_mempool_nrf_balloc_pool_mem          0x200001a0   Data         192  nrf_log_frontend.o(.bss)
    .bss                                     0x20000260   Section      128  nrf_log_frontend.o(.bss)
    m_log_push_ringbuf_buf                   0x20000260   Data         128  nrf_log_frontend.o(.bss)
    .bss                                     0x200002e0   Section       24  nrf_log_frontend.o(.bss)
    m_log_push_ringbuf_cb                    0x200002e0   Data          24  nrf_log_frontend.o(.bss)
    .bss                                     0x200002f8   Section     1060  nrf_log_frontend.o(.bss)
    m_log_data                               0x200002f8   Data        1060  nrf_log_frontend.o(.bss)
    STACK                                    0x20000720   Section     8192  arm_startup_nrf52.o(STACK)

    Global Symbols

    Symbol Name                              Value     Ov Type        Size  Object(Section)

    BuildAttributes$$THM_ISAv4$E$P$D$K$B$S$7EM$VFPi3$EXTD16$VFPS$VFMA$PE$A:L22UL41UL21$X:L11$S22US41US21$IEEE1$IW$USESV6$~STKCKD$USESV7$~SHL$OSPACE$EBA8$MICROLIB$REQ8$EABIv2 0x00000000   Number         0  anon$$obj.o ABSOLUTE
    __ARM_use_no_argv                        0x00000000   Number         0  main.o ABSOLUTE
    __Vectors                                0x00000000   Data           4  arm_startup_nrf52.o(RESET)
    __use_no_errno                           0x00000000   Number         0  useno.o ABSOLUTE
    __use_no_exception_handling              0x00000000   Number         0  useno.o ABSOLUTE
    __use_no_fp                              0x00000000   Number         0  useno.o ABSOLUTE
    __use_no_heap                            0x00000000   Number         0  useno.o ABSOLUTE
    __use_no_heap_region                     0x00000000   Number         0  useno.o ABSOLUTE
    __use_no_semihosting                     0x00000000   Number         0  useno.o ABSOLUTE
    __use_no_semihosting_swi                 0x00000000   Number         0  useno.o ABSOLUTE
    __use_no_signal_handling                 0x00000000   Number         0  useno.o ABSOLUTE
    __cpp_initialize__aeabi_                  - Undefined Weak Reference
    __cxa_finalize                            - Undefined Weak Reference
    __decompress                              - Undefined Weak Reference
    _clock_init                               - Undefined Weak Reference
    _microlib_exit                            - Undefined Weak Reference
    log_dynamic_data$$Base                    - Undefined Reference
    pwr_mgmt_data0$$Base                      - Undefined Reference
    pwr_mgmt_data0$$Limit                     - Undefined Reference
    pwr_mgmt_data1$$Base                      - Undefined Reference
    pwr_mgmt_data1$$Limit                     - Undefined Reference
    pwr_mgmt_data2$$Base                      - Undefined Reference
    pwr_mgmt_data2$$Limit                     - Undefined Reference
    __Vectors_End                            0x00000200   Data           0  arm_startup_nrf52.o(RESET)
    __Vectors_Size                           0x00000200   Number         0  arm_startup_nrf52.o ABSOLUTE
    __main                                   0x00000201   Thumb Code     0  entry.o(.ARM.Collect$$$$00000000)
    _main_stk                                0x00000201   Thumb Code     0  entry2.o(.ARM.Collect$$$$00000001)
    _main_scatterload                        0x00000205   Thumb Code     0  entry5.o(.ARM.Collect$$$$00000004)
    __main_after_scatterload                 0x00000209   Thumb Code     0  entry5.o(.ARM.Collect$$$$00000004)
    _main_clock                              0x00000209   Thumb Code     0  entry7b.o(.ARM.Collect$$$$00000008)
    _main_cpp_init                           0x00000209   Thumb Code     0  entry8b.o(.ARM.Collect$$$$0000000A)
    _main_init                               0x00000209   Thumb Code     0  entry9a.o(.ARM.Collect$$$$0000000B)
    __rt_final_cpp                           0x00000211   Thumb Code     0  entry10a.o(.ARM.Collect$$$$0000000D)
    __rt_final_exit                          0x00000211   Thumb Code     0  entry11a.o(.ARM.Collect$$$$0000000F)
    __asm___12_nrf_atomic_c_85ca2469__nrf_atomic_internal_mov 0x00000215   Thumb Code    24  nrf_atomic.o(.emb_text)
    __asm___12_nrf_atomic_c_85ca2469__nrf_atomic_internal_orr 0x0000022d   Thumb Code    26  nrf_atomic.o(.emb_text)
    __asm___12_nrf_atomic_c_85ca2469__nrf_atomic_internal_and 0x00000247   Thumb Code    26  nrf_atomic.o(.emb_text)
    __asm___12_nrf_atomic_c_85ca2469__nrf_atomic_internal_eor 0x00000261   Thumb Code    26  nrf_atomic.o(.emb_text)
    __asm___12_nrf_atomic_c_85ca2469__nrf_atomic_internal_add 0x0000027b   Thumb Code    26  nrf_atomic.o(.emb_text)
    __asm___12_nrf_atomic_c_85ca2469__nrf_atomic_internal_sub 0x00000295   Thumb Code    26  nrf_atomic.o(.emb_text)
    __asm___12_nrf_atomic_c_85ca2469__nrf_atomic_internal_cmp_exch 0x000002af   Thumb Code    42  nrf_atomic.o(.emb_text)
    __asm___12_nrf_atomic_c_85ca2469__nrf_atomic_internal_sub_hs 0x000002d9   Thumb Code    30  nrf_atomic.o(.emb_text)
    Reset_Handler                            0x000002f9   Thumb Code     8  arm_startup_nrf52.o(.text)
    NMI_Handler                              0x00000301   Thumb Code     2  arm_startup_nrf52.o(.text)
    HardFault_Handler                        0x00000303   Thumb Code     2  arm_startup_nrf52.o(.text)
    MemoryManagement_Handler                 0x00000305   Thumb Code     2  arm_startup_nrf52.o(.text)
    BusFault_Handler                         0x00000307   Thumb Code     2  arm_startup_nrf52.o(.text)
    UsageFault_Handler                       0x00000309   Thumb Code     2  arm_startup_nrf52.o(.text)
    SVC_Handler                              0x0000030b   Thumb Code     2  arm_startup_nrf52.o(.text)
    DebugMon_Handler                         0x0000030d   Thumb Code     2  arm_startup_nrf52.o(.text)
    PendSV_Handler                           0x0000030f   Thumb Code     2  arm_startup_nrf52.o(.text)
    SysTick_Handler                          0x00000311   Thumb Code     2  arm_startup_nrf52.o(.text)
    CCM_AAR_IRQHandler                       0x00000313   Thumb Code     0  arm_startup_nrf52.o(.text)
    COMP_LPCOMP_IRQHandler                   0x00000313   Thumb Code     0  arm_startup_nrf52.o(.text)
    ECB_IRQHandler                           0x00000313   Thumb Code     0  arm_startup_nrf52.o(.text)
    FPU_IRQHandler                           0x00000313   Thumb Code     0  arm_startup_nrf52.o(.text)
    GPIOTE_IRQHandler                        0x00000313   Thumb Code     0  arm_startup_nrf52.o(.text)
    I2S_IRQHandler                           0x00000313   Thumb Code     0  arm_startup_nrf52.o(.text)
    MWU_IRQHandler                           0x00000313   Thumb Code     0  arm_startup_nrf52.o(.text)
    NFCT_IRQHandler                          0x00000313   Thumb Code     0  arm_startup_nrf52.o(.text)
    PDM_IRQHandler                           0x00000313   Thumb Code     0  arm_startup_nrf52.o(.text)
    POWER_CLOCK_IRQHandler                   0x00000313   Thumb Code     0  arm_startup_nrf52.o(.text)
    PWM0_IRQHandler                          0x00000313   Thumb Code     0  arm_startup_nrf52.o(.text)
    PWM1_IRQHandler                          0x00000313   Thumb Code     0  arm_startup_nrf52.o(.text)
    PWM2_IRQHandler                          0x00000313   Thumb Code     0  arm_startup_nrf52.o(.text)
    QDEC_IRQHandler                          0x00000313   Thumb Code     0  arm_startup_nrf52.o(.text)
    RADIO_IRQHandler                         0x00000313   Thumb Code     0  arm_startup_nrf52.o(.text)
    RNG_IRQHandler                           0x00000313   Thumb Code     0  arm_startup_nrf52.o(.text)
    RTC0_IRQHandler                          0x00000313   Thumb Code     0  arm_startup_nrf52.o(.text)
    RTC1_IRQHandler                          0x00000313   Thumb Code     0  arm_startup_nrf52.o(.text)
    RTC2_IRQHandler                          0x00000313   Thumb Code     0  arm_startup_nrf52.o(.text)
    SPIM0_SPIS0_TWIM0_TWIS0_SPI0_TWI0_IRQHandler 0x00000313   Thumb Code     0  arm_startup_nrf52.o(.text)
    SPIM1_SPIS1_TWIM1_TWIS1_SPI1_TWI1_IRQHandler 0x00000313   Thumb Code     0  arm_startup_nrf52.o(.text)
    SPIM2_SPIS2_SPI2_IRQHandler              0x00000313   Thumb Code     0  arm_startup_nrf52.o(.text)
    SWI0_EGU0_IRQHandler                     0x00000313   Thumb Code     0  arm_startup_nrf52.o(.text)
    SWI1_EGU1_IRQHandler                     0x00000313   Thumb Code     0  arm_startup_nrf52.o(.text)
    SWI2_EGU2_IRQHandler                     0x00000313   Thumb Code     0  arm_startup_nrf52.o(.text)
    SWI3_EGU3_IRQHandler                     0x00000313   Thumb Code     0  arm_startup_nrf52.o(.text)
    SWI4_EGU4_IRQHandler                     0x00000313   Thumb Code     0  arm_startup_nrf52.o(.text)
    SWI5_EGU5_IRQHandler                     0x00000313   Thumb Code     0  arm_startup_nrf52.o(.text)
    TEMP_IRQHandler                          0x00000313   Thumb Code     0  arm_startup_nrf52.o(.text)
    TIMER1_IRQHandler                        0x00000313   Thumb Code     0  arm_startup_nrf52.o(.text)
    TIMER2_IRQHandler                        0x00000313   Thumb Code     0  arm_startup_nrf52.o(.text)
    TIMER3_IRQHandler                        0x00000313   Thumb Code     0  arm_startup_nrf52.o(.text)
    TIMER4_IRQHandler                        0x00000313   Thumb Code     0  arm_startup_nrf52.o(.text)
    WDT_IRQHandler                           0x00000313   Thumb Code     0  arm_startup_nrf52.o(.text)
    __rt_ctype_table                         0x0000031d   Thumb Code     4  ctype_o.o(.text)
    __aeabi_memcpy                           0x00000325   Thumb Code    36  memcpya.o(.text)
    __aeabi_memcpy4                          0x00000325   Thumb Code     0  memcpya.o(.text)
    __aeabi_memcpy8                          0x00000325   Thumb Code     0  memcpya.o(.text)
    __aeabi_memset                           0x00000349   Thumb Code    14  memseta.o(.text)
    __aeabi_memset4                          0x00000349   Thumb Code     0  memseta.o(.text)
    __aeabi_memset8                          0x00000349   Thumb Code     0  memseta.o(.text)
    __aeabi_memclr                           0x00000357   Thumb Code     4  memseta.o(.text)
    __aeabi_memclr4                          0x00000357   Thumb Code     0  memseta.o(.text)
    __aeabi_memclr8                          0x00000357   Thumb Code     0  memseta.o(.text)
    _memset$wrapper                          0x0000035b   Thumb Code    18  memseta.o(.text)
    strlen                                   0x0000036d   Thumb Code    14  strlen.o(.text)
    __scatterload                            0x0000037d   Thumb Code    28  init.o(.text)
    __scatterload_rt2                        0x0000037d   Thumb Code     0  init.o(.text)
    SAADC_IRQHandler                         0x000003a1   Thumb Code   320  nrfx_saadc.o(i.SAADC_IRQHandler)
    SystemInit                               0x000004e9   Thumb Code   726  system_nrf52.o(i.SystemInit)
    TIMER0_IRQHandler                        0x00000805   Thumb Code    70  nrfx_timer.o(i.TIMER0_IRQHandler)
    UARTE0_UART0_IRQHandler                  0x00000855   Thumb Code     6  nrfx_prs.o(i.UARTE0_UART0_IRQHandler)
    __scatterload_copy                       0x00000861   Thumb Code    14  handlers.o(i.__scatterload_copy)
    __scatterload_null                       0x0000086f   Thumb Code     2  handlers.o(i.__scatterload_null)
    __scatterload_zeroinit                   0x00000871   Thumb Code    14  handlers.o(i.__scatterload_zeroinit)
    app_error_fault_handler                  0x00000881   Thumb Code    86  app_error_weak.o(i.app_error_fault_handler)
    app_error_handler_bare                   0x00000905   Thumb Code    22  app_error.o(i.app_error_handler_bare)
    app_util_critical_region_enter           0x0000091b   Thumb Code     4  app_util_platform.o(i.app_util_critical_region_enter)
    app_util_critical_region_exit            0x0000091f   Thumb Code     4  app_util_platform.o(i.app_util_critical_region_exit)
    app_util_disable_irq                     0x00000925   Thumb Code    12  app_util_platform.o(i.app_util_disable_irq)
    app_util_enable_irq                      0x00000935   Thumb Code    14  app_util_platform.o(i.app_util_enable_irq)
    buffer_is_empty                          0x00000b01   Thumb Code    16  nrf_log_frontend.o(i.buffer_is_empty)
    main                                     0x00000d45   Thumb Code    74  main.o(i.main)
    nrf_atomic_flag_clear_fetch              0x00000e6d   Thumb Code     6  nrf_atomic.o(i.nrf_atomic_flag_clear_fetch)
    nrf_atomic_flag_set                      0x00000e73   Thumb Code     6  nrf_atomic.o(i.nrf_atomic_flag_set)
    nrf_atomic_u32_add                       0x00000e79   Thumb Code    12  nrf_atomic.o(i.nrf_atomic_u32_add)
    nrf_atomic_u32_fetch_and                 0x00000e85   Thumb Code    10  nrf_atomic.o(i.nrf_atomic_u32_fetch_and)
    nrf_atomic_u32_fetch_store               0x00000e8f   Thumb Code    10  nrf_atomic.o(i.nrf_atomic_u32_fetch_store)
    nrf_atomic_u32_or                        0x00000e99   Thumb Code    12  nrf_atomic.o(i.nrf_atomic_u32_or)
    nrf_atomic_u32_sub                       0x00000ea5   Thumb Code    12  nrf_atomic.o(i.nrf_atomic_u32_sub)
    nrf_balloc_alloc                         0x00000eb1   Thumb Code    62  nrf_balloc.o(i.nrf_balloc_alloc)
    nrf_balloc_free                          0x00000eef   Thumb Code    42  nrf_balloc.o(i.nrf_balloc_free)
    nrf_balloc_init                          0x00000f19   Thumb Code    48  nrf_balloc.o(i.nrf_balloc_init)
    nrf_drv_ppi_init                         0x00000f49   Thumb Code    18  nrf_drv_ppi.o(i.nrf_drv_ppi_init)
    nrf_drv_uart_init                        0x00000f61   Thumb Code    90  nrf_drv_uart.o(i.nrf_drv_uart_init)
    nrf_fprintf                              0x00000fc9   Thumb Code    26  nrf_fprintf.o(i.nrf_fprintf)
    nrf_fprintf_buffer_flush                 0x00000fe3   Thumb Code    24  nrf_fprintf.o(i.nrf_fprintf_buffer_flush)
    nrf_fprintf_fmt                          0x00000ffb   Thumb Code   474  nrf_fprintf_format.o(i.nrf_fprintf_fmt)
    nrf_log_backend_add                      0x0000128d   Thumb Code    86  nrf_log_frontend.o(i.nrf_log_backend_add)
    nrf_log_backend_serial_put               0x000012e9   Thumb Code   200  nrf_log_backend_serial.o(i.nrf_log_backend_serial_put)
    nrf_log_backend_uart_init                0x000013b3   Thumb Code     6  nrf_log_backend_uart.o(i.nrf_log_backend_uart_init)
    nrf_log_color_id_get                     0x000013fd   Thumb Code    42  nrf_log_frontend.o(i.nrf_log_color_id_get)
    nrf_log_default_backends_init            0x0000142d   Thumb Code    24  nrf_log_default_backends.o(i.nrf_log_default_backends_init)
    nrf_log_frontend_dequeue                 0x00001449   Thumb Code   522  nrf_log_frontend.o(i.nrf_log_frontend_dequeue)
    nrf_log_frontend_std_0                   0x00001679   Thumb Code     8  nrf_log_frontend.o(i.nrf_log_frontend_std_0)
    nrf_log_frontend_std_1                   0x00001681   Thumb Code    14  nrf_log_frontend.o(i.nrf_log_frontend_std_1)
    nrf_log_hexdump_entry_process            0x00001691   Thumb Code   146  nrf_log_str_formatter.o(i.nrf_log_hexdump_entry_process)
    nrf_log_init                             0x0000173d   Thumb Code    46  nrf_log_frontend.o(i.nrf_log_init)
    nrf_log_module_cnt_get                   0x00001779   Thumb Code    10  nrf_log_frontend.o(i.nrf_log_module_cnt_get)
    nrf_log_module_name_get                  0x0000178d   Thumb Code    24  nrf_log_frontend.o(i.nrf_log_module_name_get)
    nrf_log_panic                            0x000017a9   Thumb Code    38  nrf_log_frontend.o(i.nrf_log_panic)
    nrf_log_std_entry_process                0x000017d5   Thumb Code   182  nrf_log_str_formatter.o(i.nrf_log_std_entry_process)
    nrf_memobj_alloc                         0x0000188b   Thumb Code    96  nrf_memobj.o(i.nrf_memobj_alloc)
    nrf_memobj_free                          0x000018eb   Thumb Code    50  nrf_memobj.o(i.nrf_memobj_free)
    nrf_memobj_get                           0x0000191d   Thumb Code     8  nrf_memobj.o(i.nrf_memobj_get)
    nrf_memobj_pool_init                     0x00001925   Thumb Code     4  nrf_memobj.o(i.nrf_memobj_pool_init)
    nrf_memobj_put                           0x00001929   Thumb Code    30  nrf_memobj.o(i.nrf_memobj_put)
    nrf_memobj_read                          0x00001947   Thumb Code    16  nrf_memobj.o(i.nrf_memobj_read)
    nrf_memobj_write                         0x00001957   Thumb Code    16  nrf_memobj.o(i.nrf_memobj_write)
    nrf_pwr_mgmt_init                        0x00001969   Thumb Code    28  nrf_pwr_mgmt.o(i.nrf_pwr_mgmt_init)
    nrf_pwr_mgmt_run                         0x00001991   Thumb Code    46  nrf_pwr_mgmt.o(i.nrf_pwr_mgmt_run)
    nrf_ringbuf_init                         0x000019c5   Thumb Code    28  nrf_ringbuf.o(i.nrf_ringbuf_init)
    nrf_section_iter_init                    0x00001a29   Thumb Code    10  nrf_section_iter.o(i.nrf_section_iter_init)
    nrfx_ppi_channel_alloc                   0x00001aad   Thumb Code    88  nrfx_ppi.o(i.nrfx_ppi_channel_alloc)
    nrfx_ppi_channel_assign                  0x00001b0d   Thumb Code    62  nrfx_ppi.o(i.nrfx_ppi_channel_assign)
    nrfx_ppi_channel_enable                  0x00001b51   Thumb Code    36  nrfx_ppi.o(i.nrfx_ppi_channel_enable)
    nrfx_prs_acquire                         0x00001b79   Thumb Code    48  nrfx_prs.o(i.nrfx_prs_acquire)
    nrfx_prs_release                         0x00001ba9   Thumb Code    18  nrfx_prs.o(i.nrfx_prs_release)
    nrfx_saadc_buffer_convert                0x00001bbd   Thumb Code   154  nrfx_saadc.o(i.nrfx_saadc_buffer_convert)
    nrfx_saadc_channel_init                  0x00001c61   Thumb Code   160  nrfx_saadc.o(i.nrfx_saadc_channel_init)
    nrfx_saadc_init                          0x00001d0d   Thumb Code   126  nrfx_saadc.o(i.nrfx_saadc_init)
    nrfx_saadc_sample_task_get               0x00001d9d   Thumb Code    20  nrfx_saadc.o(i.nrfx_saadc_sample_task_get)
    nrfx_timer_compare                       0x00001db9   Thumb Code    58  nrfx_timer.o(i.nrfx_timer_compare)
    nrfx_timer_enable                        0x00001df5   Thumb Code    24  nrfx_timer.o(i.nrfx_timer_enable)
    nrfx_timer_extended_compare              0x00001e11   Thumb Code    42  nrfx_timer.o(i.nrfx_timer_extended_compare)
    nrfx_timer_init                          0x00001e3d   Thumb Code   188  nrfx_timer.o(i.nrfx_timer_init)
    nrfx_uart_0_irq_handler                  0x00001efd   Thumb Code     8  nrfx_uart.o(i.nrfx_uart_0_irq_handler)
    nrfx_uart_init                           0x00001f0d   Thumb Code   200  nrfx_uart.o(i.nrfx_uart_init)
    nrfx_uart_tx                             0x00001fe1   Thumb Code   160  nrfx_uart.o(i.nrfx_uart_tx)
    nrfx_uart_tx_in_progress                 0x00002085   Thumb Code    26  nrfx_uart.o(i.nrfx_uart_tx_in_progress)
    nrfx_uart_uninit                         0x000020a5   Thumb Code   170  nrfx_uart.o(i.nrfx_uart_uninit)
    nrfx_uarte_0_irq_handler                 0x00002159   Thumb Code     8  nrfx_uarte.o(i.nrfx_uarte_0_irq_handler)
    nrfx_uarte_init                          0x00002169   Thumb Code   100  nrfx_uarte.o(i.nrfx_uarte_init)
    nrfx_uarte_tx                            0x000021d5   Thumb Code   138  nrfx_uarte.o(i.nrfx_uarte_tx)
    nrfx_uarte_tx_in_progress                0x00002265   Thumb Code    22  nrfx_uarte.o(i.nrfx_uarte_tx_in_progress)
    nrfx_uarte_uninit                        0x00002281   Thumb Code   166  nrfx_uarte.o(i.nrfx_uarte_uninit)
    saadc_callback                           0x0000247d   Thumb Code    84  main.o(i.saadc_callback)
    saadc_init                               0x000024f9   Thumb Code    74  main.o(i.saadc_init)
    saadc_sampling_event_enable              0x00002551   Thumb Code    24  main.o(i.saadc_sampling_event_enable)
    saadc_sampling_event_init                0x0000256d   Thumb Code   126  main.o(i.saadc_sampling_event_init)
    timer_handler                            0x000026c9   Thumb Code     2  main.o(i.timer_handler)
    nrf_log_backend_uart_api                 0x00002aec   Data          12  nrf_log_backend_uart.o(.constdata)
    __ctype_table                            0x00002b24   Data         129  ctype_o.o(.constdata)
    Region$$Table$$Base                      0x00002c60   Number         0  anon$$obj.o(Region$$Table)
    Region$$Table$$Limit                     0x00002c80   Number         0  anon$$obj.o(Region$$Table)
    log_const_data$$Base                     0x00002c90   Number         0  nrfx_ppi.o(log_const_data)
    m_nrf_log_PPI_logs_data_const            0x00002c90   Data           8  nrfx_ppi.o(log_const_data)
    m_nrf_log_PRS_logs_data_const            0x00002c98   Data           8  nrfx_prs.o(log_const_data)
    m_nrf_log_SAADC_logs_data_const          0x00002ca0   Data           8  nrfx_saadc.o(log_const_data)
    m_nrf_log_TIMER_logs_data_const          0x00002ca8   Data           8  nrfx_timer.o(log_const_data)
    m_nrf_log_UART_logs_data_const           0x00002cb0   Data           8  nrfx_uart.o(log_const_data)
    m_nrf_log_UARTE_logs_data_const          0x00002cb8   Data           8  nrfx_uarte.o(log_const_data)
    m_nrf_log_pwr_mgmt_logs_data_const       0x00002cc0   Data           8  nrf_pwr_mgmt.o(log_const_data)
    m_nrf_log_app_logs_data_const            0x00002cc8   Data           8  nrf_log_frontend.o(log_const_data)
    log_const_data$$Limit                    0x00002cd0   Number         0  nrf_log_frontend.o(log_const_data)
    log_mempool                              0x00002cd0   Data          20  nrf_log_frontend.o(nrf_balloc)
    nrf_drv_uart_use_easy_dma                0x2000000c   Data           1  nrf_drv_uart.o(.data)
    m_uart                                   0x20000038   Data          20  nrf_log_backend_uart.o(.data)
    SystemCoreClock                          0x200000a4   Data           4  system_nrf52.o(.data)
    __initial_sp                             0x20002720   Data           0  arm_startup_nrf52.o(STACK)



==============================================================================

Memory Map of the image

  Image Entry point : 0x00000201

  Load Region LR_IROM1 (Base: 0x00000000, Size: 0x00002d8c, Max: 0x00080000, ABSOLUTE)

    Execution Region ER_IROM1 (Exec base: 0x00000000, Load base: 0x00000000, Size: 0x00002ce4, Max: 0x00080000, ABSOLUTE)

    Exec Addr    Load Addr    Size         Type   Attr      Idx    E Section Name        Object

    0x00000000   0x00000000   0x00000200   Data   RO         2837    RESET               arm_startup_nrf52.o
    0x00000200   0x00000200   0x00000000   Code   RO         2878  * .ARM.Collect$$$$00000000  mc_w.l(entry.o)
    0x00000200   0x00000200   0x00000004   Code   RO         2926    .ARM.Collect$$$$00000001  mc_w.l(entry2.o)
    0x00000204   0x00000204   0x00000004   Code   RO         2929    .ARM.Collect$$$$00000004  mc_w.l(entry5.o)
    0x00000208   0x00000208   0x00000000   Code   RO         2931    .ARM.Collect$$$$00000008  mc_w.l(entry7b.o)
    0x00000208   0x00000208   0x00000000   Code   RO         2933    .ARM.Collect$$$$0000000A  mc_w.l(entry8b.o)
    0x00000208   0x00000208   0x00000008   Code   RO         2934    .ARM.Collect$$$$0000000B  mc_w.l(entry9a.o)
    0x00000210   0x00000210   0x00000000   Code   RO         2936    .ARM.Collect$$$$0000000D  mc_w.l(entry10a.o)
    0x00000210   0x00000210   0x00000000   Code   RO         2938    .ARM.Collect$$$$0000000F  mc_w.l(entry11a.o)
    0x00000210   0x00000210   0x00000004   Code   RO         2927    .ARM.Collect$$$$00002712  mc_w.l(entry2.o)
    0x00000214   0x00000214   0x000000e2   Code   RO         1523    .emb_text           nrf_atomic.o
    0x000002f6   0x000002f6   0x00000002   PAD
    0x000002f8   0x000002f8   0x00000024   Code   RO         2838    .text               arm_startup_nrf52.o
    0x0000031c   0x0000031c   0x00000008   Code   RO         2886    .text               mc_w.l(ctype_o.o)
    0x00000324   0x00000324   0x00000024   Code   RO         2914    .text               mc_w.l(memcpya.o)
    0x00000348   0x00000348   0x00000024   Code   RO         2916    .text               mc_w.l(memseta.o)
    0x0000036c   0x0000036c   0x0000000e   Code   RO         2918    .text               mc_w.l(strlen.o)
    0x0000037a   0x0000037a   0x00000002   PAD
    0x0000037c   0x0000037c   0x00000024   Code   RO         2942    .text               mc_w.l(init.o)
    0x000003a0   0x000003a0   0x00000148   Code   RO          706    i.SAADC_IRQHandler  nrfx_saadc.o
    0x000004e8   0x000004e8   0x0000031c   Code   RO         2846    i.SystemInit        system_nrf52.o
    0x00000804   0x00000804   0x00000050   Code   RO          865    i.TIMER0_IRQHandler  nrfx_timer.o
    0x00000854   0x00000854   0x0000000c   Code   RO          652    i.UARTE0_UART0_IRQHandler  nrfx_prs.o
    0x00000860   0x00000860   0x0000000e   Code   RO         2946    i.__scatterload_copy  mc_w.l(handlers.o)
    0x0000086e   0x0000086e   0x00000002   Code   RO         2947    i.__scatterload_null  mc_w.l(handlers.o)
    0x00000870   0x00000870   0x0000000e   Code   RO         2948    i.__scatterload_zeroinit  mc_w.l(handlers.o)
    0x0000087e   0x0000087e   0x00000002   PAD
    0x00000880   0x00000880   0x00000084   Code   RO         1406    i.app_error_fault_handler  app_error_weak.o
    0x00000904   0x00000904   0x00000016   Code   RO         1337    i.app_error_handler_bare  app_error.o
    0x0000091a   0x0000091a   0x00000004   Code   RO         1434    i.app_util_critical_region_enter  app_util_platform.o
    0x0000091e   0x0000091e   0x00000004   Code   RO         1435    i.app_util_critical_region_exit  app_util_platform.o
    0x00000922   0x00000922   0x00000002   PAD
    0x00000924   0x00000924   0x00000010   Code   RO         1436    i.app_util_disable_irq  app_util_platform.o
    0x00000934   0x00000934   0x00000014   Code   RO         1437    i.app_util_enable_irq  app_util_platform.o
    0x00000948   0x00000948   0x00000088   Code   RO          997    i.apply_config      nrfx_uart.o
    0x000009d0   0x000009d0   0x00000088   Code   RO         1182    i.apply_config      nrfx_uarte.o
    0x00000a58   0x00000a58   0x00000088   Code   RO         2239    i.buf_prealloc      nrf_log_frontend.o
    0x00000ae0   0x00000ae0   0x0000001e   Code   RO         1738    i.buffer_add        nrf_fprintf_format.o
    0x00000afe   0x00000afe   0x00000002   PAD
    0x00000b00   0x00000b00   0x00000014   Code   RO         2240    i.buffer_is_empty   nrf_log_frontend.o
    0x00000b14   0x00000b14   0x00000014   Code   RO         2241    i.dropped_sat16_get  nrf_log_frontend.o
    0x00000b28   0x00000b28   0x000000a6   Code   RO         1739    i.int_print         nrf_fprintf_format.o
    0x00000bce   0x00000bce   0x00000002   PAD
    0x00000bd0   0x00000bd0   0x00000080   Code   RO         1183    i.interrupts_enable  nrfx_uarte.o
    0x00000c50   0x00000c50   0x00000034   Code   RO         2242    i.invalid_packets_omit  nrf_log_frontend.o
    0x00000c84   0x00000c84   0x00000018   Code   RO          500    i.is_allocated_channel  nrfx_ppi.o
    0x00000c9c   0x00000c9c   0x0000000c   Code   RO          503    i.is_programmable_app_channel  nrfx_ppi.o
    0x00000ca8   0x00000ca8   0x0000009c   Code   RO         2243    i.log_skip          nrf_log_frontend.o
    0x00000d44   0x00000d44   0x00000078   Code   RO            4    i.main              main.o
    0x00000dbc   0x00000dbc   0x0000007e   Code   RO         1778    i.memobj_op         nrf_memobj.o
    0x00000e3a   0x00000e3a   0x00000002   PAD
    0x00000e3c   0x00000e3c   0x00000030   Code   RO         2244    i.module_idx_get    nrf_log_frontend.o
    0x00000e6c   0x00000e6c   0x00000006   Code   RO         1525    i.nrf_atomic_flag_clear_fetch  nrf_atomic.o
    0x00000e72   0x00000e72   0x00000006   Code   RO         1526    i.nrf_atomic_flag_set  nrf_atomic.o
    0x00000e78   0x00000e78   0x0000000c   Code   RO         1528    i.nrf_atomic_u32_add  nrf_atomic.o
    0x00000e84   0x00000e84   0x0000000a   Code   RO         1532    i.nrf_atomic_u32_fetch_and  nrf_atomic.o
    0x00000e8e   0x00000e8e   0x0000000a   Code   RO         1534    i.nrf_atomic_u32_fetch_store  nrf_atomic.o
    0x00000e98   0x00000e98   0x0000000c   Code   RO         1538    i.nrf_atomic_u32_or  nrf_atomic.o
    0x00000ea4   0x00000ea4   0x0000000c   Code   RO         1540    i.nrf_atomic_u32_sub  nrf_atomic.o
    0x00000eb0   0x00000eb0   0x0000003e   Code   RO         1662    i.nrf_balloc_alloc  nrf_balloc.o
    0x00000eee   0x00000eee   0x0000002a   Code   RO         1663    i.nrf_balloc_free   nrf_balloc.o
    0x00000f18   0x00000f18   0x00000030   Code   RO         1664    i.nrf_balloc_init   nrf_balloc.o
    0x00000f48   0x00000f48   0x00000018   Code   RO          410    i.nrf_drv_ppi_init  nrf_drv_ppi.o
    0x00000f60   0x00000f60   0x00000068   Code   RO          448    i.nrf_drv_uart_init  nrf_drv_uart.o
    0x00000fc8   0x00000fc8   0x0000001a   Code   RO         1699    i.nrf_fprintf       nrf_fprintf.o
    0x00000fe2   0x00000fe2   0x00000018   Code   RO         1700    i.nrf_fprintf_buffer_flush  nrf_fprintf.o
    0x00000ffa   0x00000ffa   0x000001da   Code   RO         1740    i.nrf_fprintf_fmt   nrf_fprintf_format.o
    0x000011d4   0x000011d4   0x00000024   Code   RO          998    i.nrf_gpio_cfg      nrfx_uart.o
    0x000011f8   0x000011f8   0x00000024   Code   RO         1184    i.nrf_gpio_cfg      nrfx_uarte.o
    0x0000121c   0x0000121c   0x00000012   Code   RO          999    i.nrf_gpio_cfg_default  nrfx_uart.o
    0x0000122e   0x0000122e   0x00000012   Code   RO         1185    i.nrf_gpio_cfg_default  nrfx_uarte.o
    0x00001240   0x00001240   0x00000012   Code   RO         1000    i.nrf_gpio_cfg_input  nrfx_uart.o
    0x00001252   0x00001252   0x00000012   Code   RO         1186    i.nrf_gpio_cfg_input  nrfx_uarte.o
    0x00001264   0x00001264   0x00000014   Code   RO         1001    i.nrf_gpio_cfg_output  nrfx_uart.o
    0x00001278   0x00001278   0x00000014   Code   RO         1187    i.nrf_gpio_cfg_output  nrfx_uarte.o
    0x0000128c   0x0000128c   0x0000005c   Code   RO         2245    i.nrf_log_backend_add  nrf_log_frontend.o
    0x000012e8   0x000012e8   0x000000c8   Code   RO         2084    i.nrf_log_backend_serial_put  nrf_log_backend_serial.o
    0x000013b0   0x000013b0   0x00000002   Code   RO         2124    i.nrf_log_backend_uart_flush  nrf_log_backend_uart.o
    0x000013b2   0x000013b2   0x00000006   Code   RO         2125    i.nrf_log_backend_uart_init  nrf_log_backend_uart.o
    0x000013b8   0x000013b8   0x0000002c   Code   RO         2126    i.nrf_log_backend_uart_panic_set  nrf_log_backend_uart.o
    0x000013e4   0x000013e4   0x00000018   Code   RO         2127    i.nrf_log_backend_uart_put  nrf_log_backend_uart.o
    0x000013fc   0x000013fc   0x00000030   Code   RO         2247    i.nrf_log_color_id_get  nrf_log_frontend.o
    0x0000142c   0x0000142c   0x0000001c   Code   RO         2203    i.nrf_log_default_backends_init  nrf_log_default_backends.o
    0x00001448   0x00001448   0x00000230   Code   RO         2248    i.nrf_log_frontend_dequeue  nrf_log_frontend.o
    0x00001678   0x00001678   0x00000008   Code   RO         2250    i.nrf_log_frontend_std_0  nrf_log_frontend.o
    0x00001680   0x00001680   0x0000000e   Code   RO         2251    i.nrf_log_frontend_std_1  nrf_log_frontend.o
    0x0000168e   0x0000168e   0x00000002   PAD
    0x00001690   0x00001690   0x000000ac   Code   RO         2425    i.nrf_log_hexdump_entry_process  nrf_log_str_formatter.o
    0x0000173c   0x0000173c   0x0000003c   Code   RO         2257    i.nrf_log_init      nrf_log_frontend.o
    0x00001778   0x00001778   0x00000014   Code   RO         2258    i.nrf_log_module_cnt_get  nrf_log_frontend.o
    0x0000178c   0x0000178c   0x0000001c   Code   RO         2261    i.nrf_log_module_name_get  nrf_log_frontend.o
    0x000017a8   0x000017a8   0x0000002c   Code   RO         2262    i.nrf_log_panic     nrf_log_frontend.o
    0x000017d4   0x000017d4   0x000000b6   Code   RO         2426    i.nrf_log_std_entry_process  nrf_log_str_formatter.o
    0x0000188a   0x0000188a   0x00000060   Code   RO         1779    i.nrf_memobj_alloc  nrf_memobj.o
    0x000018ea   0x000018ea   0x00000032   Code   RO         1780    i.nrf_memobj_free   nrf_memobj.o
    0x0000191c   0x0000191c   0x00000008   Code   RO         1781    i.nrf_memobj_get    nrf_memobj.o
    0x00001924   0x00001924   0x00000004   Code   RO         1782    i.nrf_memobj_pool_init  nrf_memobj.o
    0x00001928   0x00001928   0x0000001e   Code   RO         1783    i.nrf_memobj_put    nrf_memobj.o
    0x00001946   0x00001946   0x00000010   Code   RO         1784    i.nrf_memobj_read   nrf_memobj.o
    0x00001956   0x00001956   0x00000010   Code   RO         1785    i.nrf_memobj_write  nrf_memobj.o
    0x00001966   0x00001966   0x00000002   PAD
    0x00001968   0x00001968   0x00000028   Code   RO         1857    i.nrf_pwr_mgmt_init  nrf_pwr_mgmt.o
    0x00001990   0x00001990   0x00000034   Code   RO         1858    i.nrf_pwr_mgmt_run  nrf_pwr_mgmt.o
    0x000019c4   0x000019c4   0x0000001c   Code   RO         1940    i.nrf_ringbuf_init  nrf_ringbuf.o
    0x000019e0   0x000019e0   0x00000010   Code   RO          707    i.nrf_saadc_buffer_init  nrfx_saadc.o
    0x000019f0   0x000019f0   0x00000014   Code   RO          708    i.nrf_saadc_channel_input_set  nrfx_saadc.o
    0x00001a04   0x00001a04   0x00000010   Code   RO          709    i.nrf_saadc_event_check  nrfx_saadc.o
    0x00001a14   0x00001a14   0x00000014   Code   RO          710    i.nrf_saadc_event_clear  nrfx_saadc.o
    0x00001a28   0x00001a28   0x0000000a   Code   RO         1998    i.nrf_section_iter_init  nrf_section_iter.o
    0x00001a32   0x00001a32   0x00000024   Code   RO         1999    i.nrf_section_iter_item_set  nrf_section_iter.o
    0x00001a56   0x00001a56   0x0000000c   Code   RO          866    i.nrf_timer_event_clear  nrfx_timer.o
    0x00001a62   0x00001a62   0x0000000a   Code   RO         1002    i.nrf_uart_event_check  nrfx_uart.o
    0x00001a6c   0x00001a6c   0x0000000c   Code   RO         1003    i.nrf_uart_event_clear  nrfx_uart.o
    0x00001a78   0x00001a78   0x0000000c   Code   RO         1004    i.nrf_uart_int_enable_check  nrfx_uart.o
    0x00001a84   0x00001a84   0x0000000a   Code   RO         1188    i.nrf_uarte_event_check  nrfx_uarte.o
    0x00001a8e   0x00001a8e   0x0000000c   Code   RO         1189    i.nrf_uarte_event_clear  nrfx_uarte.o
    0x00001a9a   0x00001a9a   0x00000010   Code   RO         1190    i.nrfx_is_in_ram    nrfx_uarte.o
    0x00001aaa   0x00001aaa   0x00000002   PAD
    0x00001aac   0x00001aac   0x00000060   Code   RO          504    i.nrfx_ppi_channel_alloc  nrfx_ppi.o
    0x00001b0c   0x00001b0c   0x00000044   Code   RO          505    i.nrfx_ppi_channel_assign  nrfx_ppi.o
    0x00001b50   0x00001b50   0x00000028   Code   RO          507    i.nrfx_ppi_channel_enable  nrfx_ppi.o
    0x00001b78   0x00001b78   0x00000030   Code   RO          653    i.nrfx_prs_acquire  nrfx_prs.o
    0x00001ba8   0x00001ba8   0x00000012   Code   RO          654    i.nrfx_prs_release  nrfx_prs.o
    0x00001bba   0x00001bba   0x00000002   PAD
    0x00001bbc   0x00001bbc   0x000000a4   Code   RO          714    i.nrfx_saadc_buffer_convert  nrfx_saadc.o
    0x00001c60   0x00001c60   0x000000ac   Code   RO          716    i.nrfx_saadc_channel_init  nrfx_saadc.o
    0x00001d0c   0x00001d0c   0x00000090   Code   RO          718    i.nrfx_saadc_init   nrfx_saadc.o
    0x00001d9c   0x00001d9c   0x0000001c   Code   RO          723    i.nrfx_saadc_sample_task_get  nrfx_saadc.o
    0x00001db8   0x00001db8   0x0000003a   Code   RO          869    i.nrfx_timer_compare  nrfx_timer.o
    0x00001df2   0x00001df2   0x00000002   PAD
    0x00001df4   0x00001df4   0x0000001c   Code   RO          873    i.nrfx_timer_enable  nrfx_timer.o
    0x00001e10   0x00001e10   0x0000002a   Code   RO          874    i.nrfx_timer_extended_compare  nrfx_timer.o
    0x00001e3a   0x00001e3a   0x00000002   PAD
    0x00001e3c   0x00001e3c   0x000000c0   Code   RO          876    i.nrfx_timer_init   nrfx_timer.o
    0x00001efc   0x00001efc   0x00000010   Code   RO         1005    i.nrfx_uart_0_irq_handler  nrfx_uart.o
    0x00001f0c   0x00001f0c   0x000000d4   Code   RO         1007    i.nrfx_uart_init    nrfx_uart.o
    0x00001fe0   0x00001fe0   0x000000a4   Code   RO         1013    i.nrfx_uart_tx      nrfx_uart.o
    0x00002084   0x00002084   0x00000020   Code   RO         1015    i.nrfx_uart_tx_in_progress  nrfx_uart.o
    0x000020a4   0x000020a4   0x000000b4   Code   RO         1016    i.nrfx_uart_uninit  nrfx_uart.o
    0x00002158   0x00002158   0x00000010   Code   RO         1191    i.nrfx_uarte_0_irq_handler  nrfx_uarte.o
    0x00002168   0x00002168   0x0000006c   Code   RO         1193    i.nrfx_uarte_init   nrfx_uarte.o
    0x000021d4   0x000021d4   0x00000090   Code   RO         1197    i.nrfx_uarte_tx     nrfx_uarte.o
    0x00002264   0x00002264   0x0000001c   Code   RO         1199    i.nrfx_uarte_tx_in_progress  nrfx_uarte.o
    0x00002280   0x00002280   0x000000b0   Code   RO         1200    i.nrfx_uarte_uninit  nrfx_uarte.o
    0x00002330   0x00002330   0x0000003c   Code   RO         2428    i.postfix_process   nrf_log_str_formatter.o
    0x0000236c   0x0000236c   0x00000098   Code   RO         2429    i.prefix_process    nrf_log_str_formatter.o
    0x00002404   0x00002404   0x00000018   Code   RO          655    i.prs_box_get       nrfx_prs.o
    0x0000241c   0x0000241c   0x00000032   Code   RO         1017    i.rx_byte           nrfx_uart.o
    0x0000244e   0x0000244e   0x00000016   Code   RO         1018    i.rx_done_event     nrfx_uart.o
    0x00002464   0x00002464   0x00000018   Code   RO         1201    i.rx_done_event     nrfx_uarte.o
    0x0000247c   0x0000247c   0x0000007c   Code   RO            5    i.saadc_callback    main.o
    0x000024f8   0x000024f8   0x00000058   Code   RO            6    i.saadc_init        main.o
    0x00002550   0x00002550   0x0000001c   Code   RO            7    i.saadc_sampling_event_enable  main.o
    0x0000256c   0x0000256c   0x00000090   Code   RO            8    i.saadc_sampling_event_init  main.o
    0x000025fc   0x000025fc   0x00000040   Code   RO         2128    i.serial_tx         nrf_log_backend_uart.o
    0x0000263c   0x0000263c   0x0000008c   Code   RO         2264    i.std_n             nrf_log_frontend.o
    0x000026c8   0x000026c8   0x00000002   Code   RO            9    i.timer_handler     main.o
    0x000026ca   0x000026ca   0x00000020   Code   RO         1020    i.tx_byte           nrfx_uart.o
    0x000026ea   0x000026ea   0x0000001a   Code   RO         1021    i.tx_done_event     nrfx_uart.o
    0x00002704   0x00002704   0x00000030   Code   RO          449    i.uart_evt_handler  nrf_drv_uart.o
    0x00002734   0x00002734   0x0000000c   Code   RO         2129    i.uart_evt_handler  nrf_log_backend_uart.o
    0x00002740   0x00002740   0x00000050   Code   RO         2130    i.uart_init         nrf_log_backend_uart.o
    0x00002790   0x00002790   0x00000128   Code   RO         1022    i.uart_irq_handler  nrfx_uart.o
    0x000028b8   0x000028b8   0x00000030   Code   RO          450    i.uarte_evt_handler  nrf_drv_uart.o
    0x000028e8   0x000028e8   0x000000f4   Code   RO         1202    i.uarte_irq_handler  nrfx_uarte.o
    0x000029dc   0x000029dc   0x000000b4   Code   RO         1741    i.unsigned_print    nrf_fprintf_format.o
    0x00002a90   0x00002a90   0x0000001d   Data   RO           11    .constdata          main.o
    0x00002aad   0x00002aad   0x00000003   PAD
    0x00002ab0   0x00002ab0   0x00000004   Data   RO         1025    .constdata          nrfx_uart.o
    0x00002ab4   0x00002ab4   0x00000004   Data   RO         1205    .constdata          nrfx_uarte.o
    0x00002ab8   0x00002ab8   0x00000010   Data   RO         1742    .constdata          nrf_fprintf_format.o
    0x00002ac8   0x00002ac8   0x00000018   Data   RO         1862    .constdata          nrf_pwr_mgmt.o
    0x00002ae0   0x00002ae0   0x0000000c   Data   RO         1863    .constdata          nrf_pwr_mgmt.o
    0x00002aec   0x00002aec   0x0000000c   Data   RO         2132    .constdata          nrf_log_backend_uart.o
    0x00002af8   0x00002af8   0x00000020   Data   RO         2133    .constdata          nrf_log_backend_uart.o
    0x00002b18   0x00002b18   0x0000000c   Data   RO         2269    .constdata          nrf_log_frontend.o
    0x00002b24   0x00002b24   0x00000081   Data   RO         2887    .constdata          mc_w.l(ctype_o.o)
    0x00002ba5   0x00002ba5   0x00000003   PAD
    0x00002ba8   0x00002ba8   0x00000004   Data   RO         2888    .constdata          mc_w.l(ctype_o.o)
    0x00002bac   0x00002bac   0x00000066   Data   RO         2430    .conststring        nrf_log_str_formatter.o
    0x00002c12   0x00002c12   0x00000002   PAD
    0x00002c14   0x00002c14   0x00000004   Data   RO          529    .conststrlit        nrfx_ppi.o
    0x00002c18   0x00002c18   0x00000004   Data   RO          657    .conststrlit        nrfx_prs.o
    0x00002c1c   0x00002c1c   0x00000006   Data   RO          734    .conststrlit        nrfx_saadc.o
    0x00002c22   0x00002c22   0x00000002   PAD
    0x00002c24   0x00002c24   0x00000006   Data   RO          883    .conststrlit        nrfx_timer.o
    0x00002c2a   0x00002c2a   0x00000002   PAD
    0x00002c2c   0x00002c2c   0x00000005   Data   RO         1028    .conststrlit        nrfx_uart.o
    0x00002c31   0x00002c31   0x00000003   PAD
    0x00002c34   0x00002c34   0x00000006   Data   RO         1208    .conststrlit        nrfx_uarte.o
    0x00002c3a   0x00002c3a   0x00000002   PAD
    0x00002c3c   0x00002c3c   0x00000009   Data   RO         1864    .conststrlit        nrf_pwr_mgmt.o
    0x00002c45   0x00002c45   0x00000003   PAD
    0x00002c48   0x00002c48   0x00000011   Data   RO         2204    .conststrlit        nrf_log_default_backends.o
    0x00002c59   0x00002c59   0x00000003   PAD
    0x00002c5c   0x00002c5c   0x00000004   Data   RO         2270    .conststrlit        nrf_log_frontend.o
    0x00002c60   0x00002c60   0x00000020   Data   RO         2944    Region$$Table       anon$$obj.o
    0x00002c80   0x00002c80   0x00000010   Data   RO         2206    log_backends        nrf_log_default_backends.o
    0x00002c90   0x00002c90   0x00000008   Data   RO          531    log_const_data      nrfx_ppi.o
    0x00002c98   0x00002c98   0x00000008   Data   RO          659    log_const_data      nrfx_prs.o
    0x00002ca0   0x00002ca0   0x00000008   Data   RO          735    log_const_data      nrfx_saadc.o
    0x00002ca8   0x00002ca8   0x00000008   Data   RO          884    log_const_data      nrfx_timer.o
    0x00002cb0   0x00002cb0   0x00000008   Data   RO         1029    log_const_data      nrfx_uart.o
    0x00002cb8   0x00002cb8   0x00000008   Data   RO         1209    log_const_data      nrfx_uarte.o
    0x00002cc0   0x00002cc0   0x00000008   Data   RO         1866    log_const_data      nrf_pwr_mgmt.o
    0x00002cc8   0x00002cc8   0x00000008   Data   RO         2273    log_const_data      nrf_log_frontend.o
    0x00002cd0   0x00002cd0   0x00000014   Data   RO         2274    nrf_balloc          nrf_log_frontend.o


    Execution Region RW_IRAM1 (Exec base: 0x20000000, Load base: 0x00002ce4, Size: 0x00002720, Max: 0x00010000, ABSOLUTE)

    Exec Addr    Load Addr    Size         Type   Attr      Idx    E Section Name        Object

    0x20000000   0x00002ce4   0x00000008   Data   RW           13    .data               main.o
    0x20000008   0x00002cec   0x00000001   Data   RW          412    .data               nrf_drv_ppi.o
    0x20000009   0x00002ced   0x00000003   PAD
    0x2000000c   0x00002cf0   0x0000000c   Data   RW          451    .data               nrf_drv_uart.o
    0x20000018   0x00002cfc   0x00000008   Data   RW          530    .data               nrfx_ppi.o
    0x20000020   0x00002d04   0x00000008   Data   RW          658    .data               nrfx_prs.o
    0x20000028   0x00002d0c   0x00000004   Data   RW         1440    .data               app_util_platform.o
    0x2000002c   0x00002d10   0x00000008   Data   RW         1865    .data               nrf_pwr_mgmt.o
    0x20000034   0x00002d18   0x00000018   Data   RW         2134    .data               nrf_log_backend_uart.o
    0x2000004c   0x00002d30   0x00000008   Data   RW         2205    .data               nrf_log_default_backends.o
    0x20000054   0x00002d38   0x00000008   Data   RW         2271    .data               nrf_log_frontend.o
    0x2000005c   0x00002d40   0x00000008   Data   RW         2272    .data               nrf_log_frontend.o
    0x20000064   0x00002d48   0x00000040   Data   RW         2431    .data               nrf_log_str_formatter.o
    0x200000a4   0x00002d88   0x00000004   Data   RW         2847    .data               system_nrf52.o
    0x200000a8        -       0x00000014   Zero   RW           10    .bss                main.o
    0x200000bc        -       0x00000030   Zero   RW          725    .bss                nrfx_saadc.o
    0x200000ec        -       0x00000018   Zero   RW          881    .bss                nrfx_timer.o
    0x20000104        -       0x0000002c   Zero   RW         1023    .bss                nrfx_uart.o
    0x20000130        -       0x00000024   Zero   RW         1203    .bss                nrfx_uarte.o
    0x20000154        -       0x0000000c   Zero   RW         1861    .bss                nrf_pwr_mgmt.o
    0x20000160        -       0x00000040   Zero   RW         2131    .bss                nrf_log_backend_uart.o
    0x200001a0        -       0x000000c0   Zero   RW         2265    .bss                nrf_log_frontend.o
    0x20000260        -       0x00000080   Zero   RW         2266    .bss                nrf_log_frontend.o
    0x200002e0        -       0x00000018   Zero   RW         2267    .bss                nrf_log_frontend.o
    0x200002f8        -       0x00000424   Zero   RW         2268    .bss                nrf_log_frontend.o
    0x2000071c   0x00002d8c   0x00000004   PAD
    0x20000720        -       0x00002000   Zero   RW         2835    STACK               arm_startup_nrf52.o


==============================================================================

Image component sizes


      Code (inc. data)   RO Data    RW Data    ZI Data      Debug   Object Name

        22          0          0          0          0       2405   app_error.o
         0          0          0          0          0        392   app_error_handler_keil.o
       132         46          0          0          0      27365   app_error_weak.o
        44         10          0          4          0       3200   app_util_platform.o
        36          8        512          0       8192        904   arm_startup_nrf52.o
         0          0          0          0          0      34324   boards.o
       506        122         29          8         20      73524   main.o
       294          0          0          0          0       7639   nrf_atomic.o
       152          0          0          0          0       3468   nrf_balloc.o
        24          6          0          1          0        915   nrf_drv_ppi.o
       200         26          0         12          0      17628   nrf_drv_uart.o
        50          0          0          0          0       3433   nrf_fprintf.o
       850          4         16          0          0       5358   nrf_fprintf_format.o
       200          0          0          0          0      11421   nrf_log_backend_serial.o
       232         44         44         24         64      20742   nrf_log_backend_uart.o
        28          4         33          8          0       3265   nrf_log_default_backends.o
      1446        116         44         16       1404      28309   nrf_log_frontend.o
       566        108        102         64          0       5484   nrf_log_str_formatter.o
       346          0          0          0          0       9355   nrf_memobj.o
        92         18         53          8         12      37642   nrf_pwr_mgmt.o
        28          0          0          0          0       2291   nrf_ringbuf.o
        46          0          0          0          0       1984   nrf_section_iter.o
       240         22         12          8          0      11441   nrfx_ppi.o
       102         16         12          8          0       4308   nrfx_prs.o
       908         74         14          0         48      47154   nrfx_saadc.o
       412         18         14          0         24      16028   nrfx_timer.o
      1292         40         17          0         44      26001   nrfx_uart.o
      1134         44         18          0         36      23831   nrfx_uarte.o
       796         70          0          4          0       2871   system_nrf52.o

    ----------------------------------------------------------------------
     10200        796        972        168       9848     432682   Object Totals
         0          0         32          0          0          0   (incl. Generated)
        22          0         20          3          4          0   (incl. Padding)

    ----------------------------------------------------------------------

      Code (inc. data)   RO Data    RW Data    ZI Data      Debug   Library Member Name

         8          4        133          0          0         68   ctype_o.o
         0          0          0          0          0          0   entry.o
         0          0          0          0          0          0   entry10a.o
         0          0          0          0          0          0   entry11a.o
         8          4          0          0          0          0   entry2.o
         4          0          0          0          0          0   entry5.o
         0          0          0          0          0          0   entry7b.o
         0          0          0          0          0          0   entry8b.o
         8          4          0          0          0          0   entry9a.o
        30          0          0          0          0          0   handlers.o
        36          8          0          0          0         68   init.o
        36          0          0          0          0         68   memcpya.o
        36          0          0          0          0        108   memseta.o
        14          0          0          0          0         68   strlen.o

    ----------------------------------------------------------------------
       184         20        136          0          0        380   Library Totals
         4          0          3          0          0          0   (incl. Padding)

    ----------------------------------------------------------------------

      Code (inc. data)   RO Data    RW Data    ZI Data      Debug   Library Name

       180         20        133          0          0        380   mc_w.l

    ----------------------------------------------------------------------
       184         20        136          0          0        380   Library Totals

    ----------------------------------------------------------------------

==============================================================================


      Code (inc. data)   RO Data    RW Data    ZI Data      Debug   

     10384        816       1108        168       9848     420314   Grand Totals
     10384        816       1108        168       9848     420314   ELF Image Totals
     10384        816       1108        168          0          0   ROM Totals

==============================================================================

    Total RO  Size (Code + RO Data)                11492 (  11.22kB)
    Total RW  Size (RW Data + ZI Data)             10016 (   9.78kB)
    Total ROM Size (Code + RO Data + RW Data)      11660 (  11.39kB)

==============================================================================

